<html>
<body>
<pre>
<h1>µVision Build Log</h1>
<h2>Tool Versions:</h2>
IDE-Version: ¦ÌVision V5.29.0.0
Copyright (C) 2019 ARM Ltd and ARM Germany GmbH. All rights reserved.
License Information: jie jie, jie, LIC=W96CX-H0W28-SGG7K-ZN8YC-LY2SE-Q3VHW
 
Tool Versions:
Toolchain:       MDK-ARM Professional  Version: 5.29.0.0
Toolchain Path:  E:\Program Files (x86)\keil_mdk5\ARM\ARMCC\Bin
C Compiler:      Armcc.exe V5.06 update 6 (build 750)
Assembler:       Armasm.exe V5.06 update 6 (build 750)
Linker/Locator:  ArmLink.exe V5.06 update 6 (build 750)
Library Manager: ArmAr.exe V5.06 update 6 (build 750)
Hex Converter:   FromElf.exe V5.06 update 6 (build 750)
CPU DLL:         SARMCM3.DLL V5.29.0.0
Dialog DLL:      DARMCM1.DLL V1.19.2.0
Target DLL:      Segger\JL2CM3.dll V2.99.36.0
Dialog DLL:      TARMCM1.DLL V1.14.1.0
 
<h2>Project:</h2>
F:\develop\KlST\SPA\Program\SPA4G_GIT\SW_HyClor_2020\MDK\Hy-Clor.uvprojx
Project File Date:  11/19/2020

<h2>Output:</h2>
*** Using Compiler 'V5.06 update 6 (build 750)', folder: 'E:\Program Files (x86)\keil_mdk5\ARM\ARMCC\Bin'
*** Note: Rebuilding project, since 'Options->Output->Create Batch File' is selected.
Rebuild target 'Hy-Clor'
assembling startup_hc32l136.s...
compiling system_hc32l136.c...
compiling ctrl.c...
compiling keypad.c...
compiling main.c...
compiling mcu.c...
compiling app_uart.c...
compiling crc32.c...
compiling app_aes.c...
compiling ddl.c...
compiling flash.c...
compiling gpio.c...
compiling interrupts_hc32l136.c...
compiling sysctrl.c...
compiling bt.c...
compiling adc.c...
compiling timer3.c...
compiling uart.c...
linking...
Program Size: Code=22536 RO-data=360 RW-data=416 ZI-data=1808  
FromELF: creating hex file...
".\output\FW_Compact Line_Vxx_2020.axf" - 0 Error(s), 0 Warning(s).

<h2>Software Packages used:</h2>

Package Vendor: ARM
                http://www.keil.com/pack/ARM.CMSIS.5.6.0.pack
                ARM.CMSIS.5.6.0
                CMSIS (Cortex Microcontroller Software Interface Standard)
   * Component: CORE Version: 5.3.0

Package Vendor: HDSC
                https://raw.githubusercontent.com/hdscmcu/pack/master/HDSC.HC32L136.1.0.0.pack
                HDSC.HC32L136.1.0.0
                HC32L136 ARM Cortex-M0+ Device Family Pack

<h2>Collection of Component include folders:</h2>
  .\RTE\_Hy-Clor
  E:\Program Files (x86)\keil_mdk5\ARM\PACK\ARM\CMSIS\5.6.0\CMSIS\Core\Include
  E:\Program Files (x86)\keil_mdk5\ARM\PACK\HDSC\HC32L136\1.0.0\Device\Include

<h2>Collection of Component Files used:</h2>

   * Component: ARM::CMSIS:CORE:5.3.0
Build Time Elapsed:  00:00:09
</pre>
</body>
</html>
