Component: ARM Compiler 5.06 update 6 (build 750) Tool: armlink [4d35ed]

==============================================================================

Section Cross References

    startup_hc32l136.o(STACK) refers (Special) to heapauxi.o(.text) for __use_two_region_memory
    startup_hc32l136.o(HEAP) refers (Special) to heapauxi.o(.text) for __use_two_region_memory
    startup_hc32l136.o(RESET) refers (Special) to heapauxi.o(.text) for __use_two_region_memory
    startup_hc32l136.o(RESET) refers to startup_hc32l136.o(STACK) for __initial_sp
    startup_hc32l136.o(RESET) refers to startup_hc32l136.o(.text) for Reset_Handler
    startup_hc32l136.o(RESET) refers to interrupts_hc32l136.o(i.HardFault_Handler) for HardFault_Handler
    startup_hc32l136.o(RESET) refers to interrupts_hc32l136.o(i.IRQ000_Handler) for IRQ000_Handler
    startup_hc32l136.o(RESET) refers to interrupts_hc32l136.o(i.IRQ001_Handler) for IRQ001_Handler
    startup_hc32l136.o(RESET) refers to interrupts_hc32l136.o(i.IRQ002_Handler) for IRQ002_Handler
    startup_hc32l136.o(RESET) refers to interrupts_hc32l136.o(i.IRQ003_Handler) for IRQ003_Handler
    startup_hc32l136.o(RESET) refers to interrupts_hc32l136.o(i.IRQ004_Handler) for IRQ004_Handler
    startup_hc32l136.o(RESET) refers to interrupts_hc32l136.o(i.IRQ005_Handler) for IRQ005_Handler
    startup_hc32l136.o(RESET) refers to interrupts_hc32l136.o(i.IRQ006_Handler) for IRQ006_Handler
    startup_hc32l136.o(RESET) refers to interrupts_hc32l136.o(i.IRQ007_Handler) for IRQ007_Handler
    startup_hc32l136.o(RESET) refers to interrupts_hc32l136.o(i.IRQ008_Handler) for IRQ008_Handler
    startup_hc32l136.o(RESET) refers to interrupts_hc32l136.o(i.IRQ009_Handler) for IRQ009_Handler
    startup_hc32l136.o(RESET) refers to interrupts_hc32l136.o(i.IRQ010_Handler) for IRQ010_Handler
    startup_hc32l136.o(RESET) refers to interrupts_hc32l136.o(i.IRQ011_Handler) for IRQ011_Handler
    startup_hc32l136.o(RESET) refers to interrupts_hc32l136.o(i.IRQ012_Handler) for IRQ012_Handler
    startup_hc32l136.o(RESET) refers to interrupts_hc32l136.o(i.IRQ013_Handler) for IRQ013_Handler
    startup_hc32l136.o(RESET) refers to interrupts_hc32l136.o(i.IRQ014_Handler) for IRQ014_Handler
    startup_hc32l136.o(RESET) refers to interrupts_hc32l136.o(i.IRQ015_Handler) for IRQ015_Handler
    startup_hc32l136.o(RESET) refers to interrupts_hc32l136.o(i.IRQ016_Handler) for IRQ016_Handler
    startup_hc32l136.o(RESET) refers to interrupts_hc32l136.o(i.IRQ017_Handler) for IRQ017_Handler
    startup_hc32l136.o(RESET) refers to interrupts_hc32l136.o(i.IRQ018_Handler) for IRQ018_Handler
    startup_hc32l136.o(RESET) refers to interrupts_hc32l136.o(i.IRQ019_Handler) for IRQ019_Handler
    startup_hc32l136.o(RESET) refers to interrupts_hc32l136.o(i.IRQ020_Handler) for IRQ020_Handler
    startup_hc32l136.o(RESET) refers to interrupts_hc32l136.o(i.IRQ021_Handler) for IRQ021_Handler
    startup_hc32l136.o(RESET) refers to interrupts_hc32l136.o(i.IRQ022_Handler) for IRQ022_Handler
    startup_hc32l136.o(RESET) refers to interrupts_hc32l136.o(i.IRQ023_Handler) for IRQ023_Handler
    startup_hc32l136.o(RESET) refers to interrupts_hc32l136.o(i.IRQ024_Handler) for IRQ024_Handler
    startup_hc32l136.o(RESET) refers to interrupts_hc32l136.o(i.IRQ025_Handler) for IRQ025_Handler
    startup_hc32l136.o(RESET) refers to interrupts_hc32l136.o(i.IRQ026_Handler) for IRQ026_Handler
    startup_hc32l136.o(RESET) refers to interrupts_hc32l136.o(i.IRQ027_Handler) for IRQ027_Handler
    startup_hc32l136.o(RESET) refers to interrupts_hc32l136.o(i.IRQ028_Handler) for IRQ028_Handler
    startup_hc32l136.o(RESET) refers to interrupts_hc32l136.o(i.IRQ029_Handler) for IRQ029_Handler
    startup_hc32l136.o(RESET) refers to interrupts_hc32l136.o(i.IRQ030_Handler) for IRQ030_Handler
    startup_hc32l136.o(RESET) refers to interrupts_hc32l136.o(i.IRQ031_Handler) for IRQ031_Handler
    startup_hc32l136.o(.text) refers (Special) to heapauxi.o(.text) for __use_two_region_memory
    startup_hc32l136.o(.text) refers to system_hc32l136.o(i.SystemInit) for SystemInit
    startup_hc32l136.o(.text) refers to __main.o(!!!main) for __main
    startup_hc32l136.o(.text) refers to startup_hc32l136.o(HEAP) for Heap_Mem
    startup_hc32l136.o(.text) refers to startup_hc32l136.o(STACK) for Stack_Mem
    system_hc32l136.o(i.SystemCoreClockUpdate) refers to sysctrl.o(i.Sysctrl_GetHClkFreq) for Sysctrl_GetHClkFreq
    system_hc32l136.o(i.SystemCoreClockUpdate) refers to system_hc32l136.o(.data) for SystemCoreClock
    system_hc32l136.o(i.SystemInit) refers to system_hc32l136.o(i.SystemCoreClockUpdate) for SystemCoreClockUpdate
    ctrl.o(i.BoostModeHandler) refers to ctrl.o(i.__ARM_common_switch8) for __ARM_common_switch8
    ctrl.o(i.BoostModeHandler) refers to ctrl.o(i.LEDControl) for LEDControl
    ctrl.o(i.BoostModeHandler) refers to ctrl.o(i.LEDFlashSetting) for LEDFlashSetting
[...]
    i.TxIntCallback                          0x00004bfc   Section        0  app_uart.o(i.TxIntCallback)
    i.UartDeInitNvic                         0x00004c10   Section        0  uart.o(i.UartDeInitNvic)
    UartDeInitNvic                           0x00004c11   Thumb Code    76  uart.o(i.UartDeInitNvic)
    i.UartGetInternDataPtr                   0x00004c60   Section        0  uart.o(i.UartGetInternDataPtr)
    UartGetInternDataPtr                     0x00004c61   Thumb Code    44  uart.o(i.UartGetInternDataPtr)
    i.UartInitNvic                           0x00004c90   Section        0  uart.o(i.UartInitNvic)
    UartInitNvic                             0x00004c91   Thumb Code    52  uart.o(i.UartInitNvic)
    i.UartSendString                         0x00004cc8   Section        0  app_uart.o(i.UartSendString)
    i.Uart_CalScnt                           0x00004cf4   Section        0  uart.o(i.Uart_CalScnt)
    i.Uart_ClrStatus                         0x00004d5c   Section        0  uart.o(i.Uart_ClrStatus)
    i.Uart_EnableFunc                        0x00004dd0   Section        0  uart.o(i.Uart_EnableFunc)
    i.Uart_EnableIrq                         0x00004e58   Section        0  uart.o(i.Uart_EnableIrq)
    i.Uart_IRQHandler                        0x00004ef2   Section        0  uart.o(i.Uart_IRQHandler)
    i.Uart_Init                              0x00004fa4   Section        0  uart.o(i.Uart_Init)
    i.Uart_PortInit                          0x00005028   Section        0  app_uart.o(i.Uart_PortInit)
    i.Uart_ReceiveData                       0x00005068   Section        0  uart.o(i.Uart_ReceiveData)
    i.Uart_SetBaud                           0x00005086   Section        0  uart.o(i.Uart_SetBaud)
    i.Uart_SetClkDiv                         0x0000509e   Section        0  uart.o(i.Uart_SetClkDiv)
    i.Uart_SetMMDOrCk                        0x000050ca   Section        0  uart.o(i.Uart_SetMMDOrCk)
    i.Uart_SetMode                           0x000050fa   Section        0  uart.o(i.Uart_SetMode)
    i.Uart_SetMultiMode                      0x0000512a   Section        0  uart.o(i.Uart_SetMultiMode)
    i.Uart_SetStopBit                        0x00005172   Section        0  uart.o(i.Uart_SetStopBit)
    i.UpdateRunningData                      0x000051b8   Section        0  ctrl.o(i.UpdateRunningData)
    i.UpdateUserData                         0x000051f4   Section        0  ctrl.o(i.UpdateUserData)
    i.WaterFlowFaultProcess                  0x00005268   Section        0  ctrl.o(i.WaterFlowFaultProcess)
    i._GpioEnableIrq                         0x0000532c   Section        0  gpio.o(i._GpioEnableIrq)
    _GpioEnableIrq                           0x0000532d   Thumb Code   208  gpio.o(i._GpioEnableIrq)
    i._SysctrlUnlock                         0x00005400   Section        0  sysctrl.o(i._SysctrlUnlock)
    _SysctrlUnlock                           0x00005401   Thumb Code    12  sysctrl.o(i._SysctrlUnlock)
    i.__ARM_common_switch8                   0x00005418   Section        0  ctrl.o(i.__ARM_common_switch8)
    i.__NVIC_ClearPendingIRQ                 0x00005434   Section        0  uart.o(i.__NVIC_ClearPendingIRQ)
    __NVIC_ClearPendingIRQ                   0x00005435   Thumb Code    18  uart.o(i.__NVIC_ClearPendingIRQ)
    i.__NVIC_SetPriority                     0x0000544c   Section        0  interrupts_hc32l136.o(i.__NVIC_SetPriority)
    __NVIC_SetPriority                       0x0000544d   Thumb Code   110  interrupts_hc32l136.o(i.__NVIC_SetPriority)
    i.__NVIC_SetPriority                     0x000054c4   Section        0  uart.o(i.__NVIC_SetPriority)
    __NVIC_SetPriority                       0x000054c5   Thumb Code   110  uart.o(i.__NVIC_SetPriority)
    i._sys_exit                              0x0000553c   Section        0  ddl.o(i._sys_exit)
    i.ddl_memclr                             0x00005540   Section        0  ddl.o(i.ddl_memclr)
    i.delay100us                             0x00005560   Section        0  ddl.o(i.delay100us)
    i.delay10us                              0x000055bc   Section        0  ddl.o(i.delay10us)
    i.delay1ms                               0x00005618   Section        0  ddl.o(i.delay1ms)
    i.main                                   0x00005670   Section        0  main.o(i.main)
    .constdata                               0x0000568c   Section       24  sysctrl.o(.constdata)
    .conststring                             0x000056a4   Section      109  app_uart.o(.conststring)
    .data                                    0x20000000   Section        4  system_hc32l136.o(.data)
    .data                                    0x20000004   Section      184  ctrl.o(.data)
    .data                                    0x200000bc   Section        9  keypad.o(.data)
    .data                                    0x200000c6   Section        9  mcu.o(.data)
    stcAdcIrqFlag                            0x200000c9   Data           6  mcu.o(.data)
    .data                                    0x200000d0   Section      125  app_uart.o(.data)
    step                                     0x20000144   Data           1  app_uart.o(.data)
    u32cnt                                   0x20000148   Data           4  app_uart.o(.data)
    check                                    0x2000014c   Data           1  app_uart.o(.data)
    .data                                    0x20000150   Section        4  flash.o(.data)
    pfnFlashCallback                         0x20000150   Data           4  flash.o(.data)
    .data                                    0x20000154   Section       12  bt.o(.data)
    pfnTim0Callback                          0x20000154   Data           4  bt.o(.data)
    pfnTim1Callback                          0x20000158   Data           4  bt.o(.data)
    pfnTim2Callback                          0x2000015c   Data           4  bt.o(.data)
    .data                                    0x20000160   Section        4  timer3.o(.data)
    pfnTim3Callback                          0x20000160   Data           4  timer3.o(.data)
    .data                                    0x20000164   Section       56  uart.o(.data)
    m_astcUartInstanceDataLut                0x20000164   Data          56  uart.o(.data)
    .bss                                     0x2000019c   Section       20  ctrl.o(.bss)
    .bss                                     0x200001b0   Section      640  app_uart.o(.bss)
    .bss                                     0x20000430   Section       24  adc.o(.bss)
    stcAdcIrqCalbaks                         0x20000430   Data          24  adc.o(.bss)
    .bss                                     0x20000448   Section       96  libspace.o(.bss)
    HEAP                                     0x200004a8   Section      512  startup_hc32l136.o(HEAP)
    Heap_Mem                                 0x200004a8   Data         512  startup_hc32l136.o(HEAP)
    STACK                                    0x200006a8   Section      512  startup_hc32l136.o(STACK)
    Stack_Mem                                0x200006a8   Data         512  startup_hc32l136.o(STACK)
    __initial_sp                             0x200008a8   Data           0  startup_hc32l136.o(STACK)

    Global Symbols

    Symbol Name                              Value     Ov Type        Size  Object(Section)

    BuildAttributes$$THM_ISAv3M$S$PE$A:L22$X:L11$S22$IEEE1$IW$USESV6$~STKCKD$USESV7$~SHL$OSPACE$ROPI$EBA8$UX$STANDARDLIB$REQ8$PRES8$EABIv2 0x00000000   Number         0  anon$$obj.o ABSOLUTE
    __ARM_use_no_argv                        0x00000000   Number         0  main.o ABSOLUTE
    __Vectors                                0x00000000   Data           4  startup_hc32l136.o(RESET)
    Adt_IRQHandler                            - Undefined Weak Reference
    ClkTrim_IRQHandler                        - Undefined Weak Reference
    Dma_IRQHandler                            - Undefined Weak Reference
    I2c_IRQHandler                            - Undefined Weak Reference
    Lcd_IRQHandler                            - Undefined Weak Reference
    LpTim_IRQHandler                          - Undefined Weak Reference
    LpUart_IRQHandler                         - Undefined Weak Reference
    Lvd_IRQHandler                            - Undefined Weak Reference
    Pca_IRQHandler                            - Undefined Weak Reference
    Pcnt_IRQHandler                           - Undefined Weak Reference
    Rtc_IRQHandler                            - Undefined Weak Reference
    Spi_IRQHandler                            - Undefined Weak Reference
    Vc_IRQHandler                             - Undefined Weak Reference
    Wdt_IRQHandler                            - Undefined Weak Reference
    __ARM_exceptions_init                     - Undefined Weak Reference
    __alloca_initialize                       - Undefined Weak Reference
    __arm_preinit_                            - Undefined Weak Reference
    __cpp_initialize__aeabi_                  - Undefined Weak Reference
    __cxa_finalize                            - Undefined Weak Reference
    __rt_locale                               - Undefined Weak Reference
    __sigvec_lookup                           - Undefined Weak Reference
    _atexit_init                              - Undefined Weak Reference
    _call_atexit_fns                          - Undefined Weak Reference
    _clock_init                               - Undefined Weak Reference
    _fp_trap_init                             - Undefined Weak Reference
    _fp_trap_shutdown                         - Undefined Weak Reference
    _get_lc_collate                           - Undefined Weak Reference
    _get_lc_ctype                             - Undefined Weak Reference
    _get_lc_monetary                          - Undefined Weak Reference
    _get_lc_numeric                           - Undefined Weak Reference
    _get_lc_time                              - Undefined Weak Reference
    _getenv_init                              - Undefined Weak Reference
    _handle_redirection                       - Undefined Weak Reference
    _init_alloc                               - Undefined Weak Reference
    _init_user_alloc                          - Undefined Weak Reference
    _initio                                   - Undefined Weak Reference
    _rand_init                                - Undefined Weak Reference
    _signal_finish                            - Undefined Weak Reference
    _signal_init                              - Undefined Weak Reference
    _terminate_alloc                          - Undefined Weak Reference
    _terminate_user_alloc                     - Undefined Weak Reference
    _terminateio                              - Undefined Weak Reference
    __Vectors_End                            0x000000c0   Data           0  startup_hc32l136.o(RESET)
    __Vectors_Size                           0x000000c0   Number         0  startup_hc32l136.o ABSOLUTE
    __main                                   0x000000c1   Thumb Code     8  __main.o(!!!main)
    __scatterload                            0x000000c9   Thumb Code     0  __scatter.o(!!!scatter)
    __scatterload_rt2                        0x000000c9   Thumb Code    52  __scatter.o(!!!scatter)
    __scatterload_rt2_thumb_only             0x000000c9   Thumb Code     0  __scatter.o(!!!scatter)
    __scatterload_null                       0x000000d9   Thumb Code     0  __scatter.o(!!!scatter)
    __scatterload_zeroinit                   0x00000105   Thumb Code    28  __scatter_zi.o(!!handler_zi)
    __rt_lib_init                            0x00000121   Thumb Code     0  libinit.o(.ARM.Collect$$libinit$$00000000)
    __rt_lib_init_alloca_1                   0x00000123   Thumb Code     0  libinit2.o(.ARM.Collect$$libinit$$0000002E)
    __rt_lib_init_argv_1                     0x00000123   Thumb Code     0  libinit2.o(.ARM.Collect$$libinit$$0000002C)
    __rt_lib_init_atexit_1                   0x00000123   Thumb Code     0  libinit2.o(.ARM.Collect$$libinit$$0000001B)
    __rt_lib_init_clock_1                    0x00000123   Thumb Code     0  libinit2.o(.ARM.Collect$$libinit$$00000021)
    __rt_lib_init_cpp_1                      0x00000123   Thumb Code     0  libinit2.o(.ARM.Collect$$libinit$$00000032)
    __rt_lib_init_exceptions_1               0x00000123   Thumb Code     0  libinit2.o(.ARM.Collect$$libinit$$00000030)
    __rt_lib_init_fp_1                       0x00000123   Thumb Code     0  libinit2.o(.ARM.Collect$$libinit$$00000002)
    __rt_lib_init_fp_trap_1                  0x00000123   Thumb Code     0  libinit2.o(.ARM.Collect$$libinit$$0000001F)
    __rt_lib_init_getenv_1                   0x00000123   Thumb Code     0  libinit2.o(.ARM.Collect$$libinit$$00000023)
    __rt_lib_init_heap_1                     0x00000123   Thumb Code     0  libinit2.o(.ARM.Collect$$libinit$$0000000A)
    __rt_lib_init_lc_collate_1               0x00000123   Thumb Code     0  libinit2.o(.ARM.Collect$$libinit$$00000011)
    __rt_lib_init_lc_ctype_1                 0x00000123   Thumb Code     0  libinit2.o(.ARM.Collect$$libinit$$00000013)
    __rt_lib_init_lc_monetary_1              0x00000123   Thumb Code     0  libinit2.o(.ARM.Collect$$libinit$$00000015)
    __rt_lib_init_lc_numeric_1               0x00000123   Thumb Code     0  libinit2.o(.ARM.Collect$$libinit$$00000017)
    __rt_lib_init_lc_time_1                  0x00000123   Thumb Code     0  libinit2.o(.ARM.Collect$$libinit$$00000019)
    __rt_lib_init_preinit_1                  0x00000123   Thumb Code     0  libinit2.o(.ARM.Collect$$libinit$$00000004)
    __rt_lib_init_rand_1                     0x00000123   Thumb Code     0  libinit2.o(.ARM.Collect$$libinit$$0000000E)
    __rt_lib_init_return                     0x00000123   Thumb Code     0  libinit2.o(.ARM.Collect$$libinit$$00000033)
    __rt_lib_init_signal_1                   0x00000123   Thumb Code     0  libinit2.o(.ARM.Collect$$libinit$$0000001D)
    __rt_lib_init_stdio_1                    0x00000123   Thumb Code     0  libinit2.o(.ARM.Collect$$libinit$$00000025)
    __rt_lib_init_user_alloc_1               0x00000123   Thumb Code     0  libinit2.o(.ARM.Collect$$libinit$$0000000C)
    __rt_lib_shutdown                        0x00000125   Thumb Code     0  libshutdown.o(.ARM.Collect$$libshutdown$$00000000)
    __rt_lib_shutdown_cpp_1                  0x00000127   Thumb Code     0  libshutdown2.o(.ARM.Collect$$libshutdown$$00000002)
    __rt_lib_shutdown_fp_trap_1              0x00000127   Thumb Code     0  libshutdown2.o(.ARM.Collect$$libshutdown$$00000007)
    __rt_lib_shutdown_heap_1                 0x00000127   Thumb Code     0  libshutdown2.o(.ARM.Collect$$libshutdown$$0000000F)
    __rt_lib_shutdown_return                 0x00000127   Thumb Code     0  libshutdown2.o(.ARM.Collect$$libshutdown$$00000010)
    __rt_lib_shutdown_signal_1               0x00000127   Thumb Code     0  libshutdown2.o(.ARM.Collect$$libshutdown$$0000000A)
    __rt_lib_shutdown_stdio_1                0x00000127   Thumb Code     0  libshutdown2.o(.ARM.Collect$$libshutdown$$00000004)
    __rt_lib_shutdown_user_alloc_1           0x00000127   Thumb Code     0  libshutdown2.o(.ARM.Collect$$libshutdown$$0000000C)
    __rt_entry                               0x00000129   Thumb Code     0  __rtentry.o(.ARM.Collect$$rtentry$$00000000)
    __rt_entry_presh_1                       0x00000129   Thumb Code     0  __rtentry2.o(.ARM.Collect$$rtentry$$00000002)
    __rt_entry_sh                            0x00000129   Thumb Code     0  __rtentry4.o(.ARM.Collect$$rtentry$$00000004)
    __rt_entry_li                            0x0000012f   Thumb Code     0  __rtentry2.o(.ARM.Collect$$rtentry$$0000000A)
    __rt_entry_postsh_1                      0x0000012f   Thumb Code     0  __rtentry2.o(.ARM.Collect$$rtentry$$00000009)
    __rt_entry_main                          0x00000133   Thumb Code     0  __rtentry2.o(.ARM.Collect$$rtentry$$0000000D)
    __rt_entry_postli_1                      0x00000133   Thumb Code     0  __rtentry2.o(.ARM.Collect$$rtentry$$0000000C)
    __rt_exit                                0x0000013b   Thumb Code     0  rtexit.o(.ARM.Collect$$rtexit$$00000000)
    __rt_exit_ls                             0x0000013d   Thumb Code     0  rtexit2.o(.ARM.Collect$$rtexit$$00000003)
    __rt_exit_prels_1                        0x0000013d   Thumb Code     0  rtexit2.o(.ARM.Collect$$rtexit$$00000002)
    __rt_exit_exit                           0x00000141   Thumb Code     0  rtexit2.o(.ARM.Collect$$rtexit$$00000004)
    __aeabi_memcpy4                          0x00000149   Thumb Code    56  rt_memcpy.o(.emb_text)
    __aeabi_memcpy8                          0x00000149   Thumb Code     0  rt_memcpy.o(.emb_text)
    Reset_Handler                            0x00000181   Thumb Code    26  startup_hc32l136.o(.text)
    NMI_Handler                              0x0000019b   Thumb Code     2  startup_hc32l136.o(.text)
    SVC_Handler                              0x0000019f   Thumb Code     2  startup_hc32l136.o(.text)
    PendSV_Handler                           0x000001a1   Thumb Code     2  startup_hc32l136.o(.text)
    SysTick_Handler                          0x000001a3   Thumb Code     2  startup_hc32l136.o(.text)
    __user_initial_stackheap                 0x000001a9   Thumb Code     0  startup_hc32l136.o(.text)
    __use_no_semihosting                     0x000001d9   Thumb Code     2  use_no_semi_2.o(.text)
    strncmp                                  0x000001dd   Thumb Code   154  strncmp.o(.text)
    __aeabi_memcpy                           0x0000027d   Thumb Code   130  rt_memcpy.o(.text)
    __rt_memcpy                              0x0000027d   Thumb Code     0  rt_memcpy.o(.text)
    _memset_w                                0x000002ff   Thumb Code    26  rt_memclr.o(.text)
    _memset                                  0x00000319   Thumb Code    30  rt_memclr.o(.text)
    __aeabi_memclr                           0x00000337   Thumb Code     4  rt_memclr.o(.text)
    __rt_memclr                              0x00000337   Thumb Code     0  rt_memclr.o(.text)
    __aeabi_memclr4                          0x0000033b   Thumb Code     0  rt_memclr.o(.text)
    __aeabi_memclr8                          0x0000033b   Thumb Code     0  rt_memclr.o(.text)
    __rt_memclr_w                            0x0000033b   Thumb Code     4  rt_memclr.o(.text)
    __aeabi_uidiv                            0x0000033f   Thumb Code     0  aeabi_sdiv.o(.text)
    __aeabi_uidivmod                         0x0000033f   Thumb Code    20  aeabi_sdiv.o(.text)
    __aeabi_idiv                             0x00000353   Thumb Code     0  aeabi_sdiv.o(.text)
    __aeabi_idivmod                          0x00000353   Thumb Code   326  aeabi_sdiv.o(.text)
    __use_two_region_memory                  0x00000499   Thumb Code     2  heapauxi.o(.text)
    __rt_heap_escrow$2region                 0x0000049b   Thumb Code     2  heapauxi.o(.text)
    __rt_heap_expand$2region                 0x0000049d   Thumb Code     2  heapauxi.o(.text)
    __I$use$semihosting                      0x0000049f   Thumb Code     0  use_no_semi.o(.text)
    __use_no_semihosting_swi                 0x0000049f   Thumb Code     2  use_no_semi.o(.text)
    __user_setup_stackheap                   0x000004a1   Thumb Code    62  sys_stackheap_outer.o(.text)
    exit                                     0x000004df   Thumb Code    16  exit.o(.text)
    __user_libspace                          0x000004f1   Thumb Code     8  libspace.o(.text)
    __user_perproc_libspace                  0x000004f1   Thumb Code     0  libspace.o(.text)
    __user_perthread_libspace                0x000004f1   Thumb Code     0  libspace.o(.text)
    __decompress                             0x000004f9   Thumb Code     0  __dczerorl2.o(.text)
    __decompress1                            0x000004f9   Thumb Code    86  __dczerorl2.o(.text)
    ADCStart                                 0x00000551   Thumb Code    14  mcu.o(i.ADCStart)
    ADCStop                                  0x00000565   Thumb Code     8  mcu.o(i.ADCStop)
    ALLStart                                 0x0000056d   Thumb Code    38  mcu.o(i.ALLStart)
    ALLStop                                  0x00000593   Thumb Code    32  mcu.o(i.ALLStop)
    APP_UART_1MS_HANDLE                      0x000005b5   Thumb Code    88  app_uart.o(i.APP_UART_1MS_HANDLE)
    AdcContIrqCallback                       0x00000625   Thumb Code    20  mcu.o(i.AdcContIrqCallback)
    Adc_ConfigIrq                            0x00000641   Thumb Code   110  adc.o(i.Adc_ConfigIrq)
    Adc_ConfigSglChannel                     0x000006b5   Thumb Code    30  adc.o(i.Adc_ConfigSglChannel)
    Adc_ConfigSglMode                        0x000006d9   Thumb Code    40  adc.o(i.Adc_ConfigSglMode)
    Adc_Enable                               0x00000705   Thumb Code    16  adc.o(i.Adc_Enable)
    Adc_EnableIrq                            0x00000719   Thumb Code    18  adc.o(i.Adc_EnableIrq)
    Adc_GetSglResult                         0x00000731   Thumb Code    24  adc.o(i.Adc_GetSglResult)
    Adc_IRQHandler                           0x0000074d   Thumb Code   234  adc.o(i.Adc_IRQHandler)
    Adc_Init                                 0x00000841   Thumb Code   140  adc.o(i.Adc_Init)
    Adc_SGL_Start                            0x000008d1   Thumb Code    16  adc.o(i.Adc_SGL_Start)
    Adc_SGL_Stop                             0x000008e5   Thumb Code    14  adc.o(i.Adc_SGL_Stop)
    BoostModeHandler                         0x000008f9   Thumb Code   368  ctrl.o(i.BoostModeHandler)
    Bt_ClearIntFlag                          0x00000a89   Thumb Code    22  bt.o(i.Bt_ClearIntFlag)
    Bt_GetIntFlag                            0x00000aa5   Thumb Code    24  bt.o(i.Bt_GetIntFlag)
    Bt_M0_ARRSet                             0x00000ac1   Thumb Code    82  bt.o(i.Bt_M0_ARRSet)
    Bt_M0_Cnt16Set                           0x00000b21   Thumb Code    82  bt.o(i.Bt_M0_Cnt16Set)
    Bt_M0_Run                                0x00000b81   Thumb Code    24  bt.o(i.Bt_M0_Run)
    Bt_M0_Stop                               0x00000b9d   Thumb Code    22  bt.o(i.Bt_M0_Stop)
    Bt_Mode0_EnableIrq                       0x00000bb9   Thumb Code    24  bt.o(i.Bt_Mode0_EnableIrq)
    Bt_Mode0_Init                            0x00000bd5   Thumb Code   536  bt.o(i.Bt_Mode0_Init)
    CalculateConvertValue                    0x00000e05   Thumb Code    44  ctrl.o(i.CalculateConvertValue)
    CalculateThresholdLimit                  0x00000e3d   Thumb Code    44  ctrl.o(i.CalculateThresholdLimit)
    CalibrateParameter                       0x00000e75   Thumb Code    38  ctrl.o(i.CalibrateParameter)
    CellCurrentCycleOutput                   0x00000ead   Thumb Code   112  ctrl.o(i.CellCurrentCycleOutput)
    CellCurrentLED                           0x00000f41   Thumb Code    58  ctrl.o(i.CellCurrentLED)
    CellCurrentOutput                        0x00000f7d   Thumb Code   156  ctrl.o(i.CellCurrentOutput)
    CellOutputCalibration                    0x00001049   Thumb Code   450  ctrl.o(i.CellOutputCalibration)
    CellOutputControl                        0x00001251   Thumb Code    66  ctrl.o(i.CellOutputControl)
    CellOutputCurrentAdjust                  0x000012a1   Thumb Code   412  ctrl.o(i.CellOutputCurrentAdjust)
    CellPolarityControl                      0x0000146d   Thumb Code   156  ctrl.o(i.CellPolarityControl)
    CellPolarityReverse                      0x00001515   Thumb Code    42  ctrl.o(i.CellPolarityReverse)
    CellRealCurrentDisplay                   0x00001549   Thumb Code   104  ctrl.o(i.CellRealCurrentDisplay)
    CellReverseForPCBTest                    0x000015d1   Thumb Code    64  ctrl.o(i.CellReverseForPCBTest)
    CheckWaterFlow                           0x0000161d   Thumb Code    48  ctrl.o(i.CheckWaterFlow)
    CheckWaterSaltLevel                      0x00001659   Thumb Code   104  ctrl.o(i.CheckWaterSaltLevel)
    ChlorBoostProcess                        0x000016dd   Thumb Code    84  ctrl.o(i.ChlorBoostProcess)
    ClearRunningData                         0x0000174d   Thumb Code    20  ctrl.o(i.ClearRunningData)
    ComboKeyProcess                          0x00001765   Thumb Code   122  ctrl.o(i.ComboKeyProcess)
    CtsIntCallBack                           0x000017e5   Thumb Code     2  app_uart.o(i.CtsIntCallBack)
    CurrentADCProcess                        0x000017e9   Thumb Code    76  ctrl.o(i.CurrentADCProcess)
    DataRangeCheck                           0x00001849   Thumb Code   194  ctrl.o(i.DataRangeCheck)
    Delay_ms                                 0x00001915   Thumb Code    12  ctrl.o(i.Delay_ms)
    Deley_us                                 0x00001921   Thumb Code    12  ctrl.o(i.Deley_us)
    EUSART_SendData                          0x0000192d   Thumb Code    22  app_uart.o(i.EUSART_SendData)
    EUSART_WIFI_INIT                         0x0000194d   Thumb Code    62  app_uart.o(i.EUSART_WIFI_INIT)
    EUSART_WIFI_INIT_PROCESS                 0x000019ad   Thumb Code    66  app_uart.o(i.EUSART_WIFI_INIT_PROCESS)
    EepromDataCheck                          0x00001a05   Thumb Code   256  ctrl.o(i.EepromDataCheck)
    Eeprom_ReadBytes                         0x00001b21   Thumb Code    12  ctrl.o(i.Eeprom_ReadBytes)
    EnableNvic                               0x00001b2d   Thumb Code   128  interrupts_hc32l136.o(i.EnableNvic)
    ErrIntCallback                           0x00001bb5   Thumb Code     2  app_uart.o(i.ErrIntCallback)
    FactoryReset                             0x00001bb9   Thumb Code    26  ctrl.o(i.FactoryReset)
    FlashInt                                 0x00001bdd   Thumb Code    46  ctrl.o(i.FlashInt)
    Flash_ClearIntFlag                       0x00001c0d   Thumb Code   112  flash.o(i.Flash_ClearIntFlag)
    Flash_DisableIrq                         0x00001c89   Thumb Code   156  flash.o(i.Flash_DisableIrq)
    Flash_GetIntFlag                         0x00001d31   Thumb Code    40  flash.o(i.Flash_GetIntFlag)
    Flash_Init                               0x00001d5d   Thumb Code   672  flash.o(i.Flash_Init)
    Flash_SectorErase                        0x00002015   Thumb Code   176  flash.o(i.Flash_SectorErase)
    Flash_WaitCycle                          0x000020d5   Thumb Code   108  flash.o(i.Flash_WaitCycle)
    Flash_WriteByte                          0x00002151   Thumb Code   176  flash.o(i.Flash_WriteByte)
    GetCellRealCurrent                       0x00002211   Thumb Code   304  ctrl.o(i.GetCellRealCurrent)
    GetModelRatingCurrent                    0x0000237d   Thumb Code    92  ctrl.o(i.GetModelRatingCurrent)
    Gpio_ClearIrq                            0x00002401   Thumb Code    24  gpio.o(i.Gpio_ClearIrq)
    Gpio_ClrIO                               0x0000241d   Thumb Code    24  gpio.o(i.Gpio_ClrIO)
    Gpio_EnableIrq                           0x00002439   Thumb Code    24  gpio.o(i.Gpio_EnableIrq)
    Gpio_GetInputIO                          0x00002451   Thumb Code    16  gpio.o(i.Gpio_GetInputIO)
    Gpio_GetIrqStatus                        0x00002465   Thumb Code    16  gpio.o(i.Gpio_GetIrqStatus)
    Gpio_IRQHandler                          0x00002479   Thumb Code    76  mcu.o(i.Gpio_IRQHandler)
    Gpio_Init                                0x000024d1   Thumb Code   300  gpio.o(i.Gpio_Init)
    Gpio_ReadOutputIO                        0x00002609   Thumb Code    16  gpio.o(i.Gpio_ReadOutputIO)
    Gpio_SetAfMode                           0x0000261d   Thumb Code    16  gpio.o(i.Gpio_SetAfMode)
    Gpio_SetAnalogMode                       0x00002631   Thumb Code    24  gpio.o(i.Gpio_SetAnalogMode)
    Gpio_SetIO                               0x0000264d   Thumb Code    24  gpio.o(i.Gpio_SetIO)
    HardFault_Handler                        0x00002669   Thumb Code    16  interrupts_hc32l136.o(i.HardFault_Handler)
    IOTHandler                               0x00002679   Thumb Code    74  app_uart.o(i.IOTHandler)
    IOTRESTARTIDLEFUN                        0x000026c9   Thumb Code    24  app_uart.o(i.IOTRESTARTIDLEFUN)
    IOTRESTARTSTOPFUN                        0x000026ed   Thumb Code    20  app_uart.o(i.IOTRESTARTSTOPFUN)
    IOTUartQueueInit                         0x0000270d   Thumb Code    12  app_uart.o(i.IOTUartQueueInit)
    IOTUartQueuePop                          0x00002725   Thumb Code    60  app_uart.o(i.IOTUartQueuePop)
    IOTUartQueuePush                         0x00002769   Thumb Code   114  app_uart.o(i.IOTUartQueuePush)
    IOTUartQueueioifempty                    0x000027ed   Thumb Code    18  app_uart.o(i.IOTUartQueueioifempty)
    IOT_RESOLVE_KEY                          0x00002805   Thumb Code    30  app_uart.o(i.IOT_RESOLVE_KEY)
    IOT_RESOLVE_WIFI_DATA                    0x00002829   Thumb Code   264  app_uart.o(i.IOT_RESOLVE_WIFI_DATA)
    IOT_RESOLVE_WIFI_ONLINE                  0x000029b1   Thumb Code    70  app_uart.o(i.IOT_RESOLVE_WIFI_ONLINE)
    IOT_SEND_SELF_STATUE                     0x00002a21   Thumb Code    40  app_uart.o(i.IOT_SEND_SELF_STATUE)
    IRQ000_Handler                           0x00002a9d   Thumb Code    10  interrupts_hc32l136.o(i.IRQ000_Handler)
    IRQ001_Handler                           0x00002aa7   Thumb Code    10  interrupts_hc32l136.o(i.IRQ001_Handler)
    IRQ002_Handler                           0x00002ab1   Thumb Code    10  interrupts_hc32l136.o(i.IRQ002_Handler)
    IRQ003_Handler                           0x00002abb   Thumb Code    10  interrupts_hc32l136.o(i.IRQ003_Handler)
    IRQ004_Handler                           0x00002ac5   Thumb Code    10  interrupts_hc32l136.o(i.IRQ004_Handler)
    IRQ005_Handler                           0x00002acf   Thumb Code    10  interrupts_hc32l136.o(i.IRQ005_Handler)
    IRQ006_Handler                           0x00002ad9   Thumb Code    10  interrupts_hc32l136.o(i.IRQ006_Handler)
    IRQ007_Handler                           0x00002ae3   Thumb Code    10  interrupts_hc32l136.o(i.IRQ007_Handler)
    IRQ008_Handler                           0x00002aed   Thumb Code    10  interrupts_hc32l136.o(i.IRQ008_Handler)
    IRQ009_Handler                           0x00002af7   Thumb Code    10  interrupts_hc32l136.o(i.IRQ009_Handler)
    IRQ010_Handler                           0x00002b01   Thumb Code    10  interrupts_hc32l136.o(i.IRQ010_Handler)
    IRQ011_Handler                           0x00002b0b   Thumb Code    10  interrupts_hc32l136.o(i.IRQ011_Handler)
    IRQ012_Handler                           0x00002b15   Thumb Code    10  interrupts_hc32l136.o(i.IRQ012_Handler)
    IRQ013_Handler                           0x00002b1f   Thumb Code    10  interrupts_hc32l136.o(i.IRQ013_Handler)
    IRQ014_Handler                           0x00002b29   Thumb Code    10  interrupts_hc32l136.o(i.IRQ014_Handler)
    IRQ015_Handler                           0x00002b33   Thumb Code    10  interrupts_hc32l136.o(i.IRQ015_Handler)
    IRQ016_Handler                           0x00002b3d   Thumb Code    10  interrupts_hc32l136.o(i.IRQ016_Handler)
    IRQ017_Handler                           0x00002b47   Thumb Code    10  interrupts_hc32l136.o(i.IRQ017_Handler)
    IRQ018_Handler                           0x00002b51   Thumb Code    10  interrupts_hc32l136.o(i.IRQ018_Handler)
    IRQ019_Handler                           0x00002b5b   Thumb Code    10  interrupts_hc32l136.o(i.IRQ019_Handler)
    IRQ020_Handler                           0x00002b65   Thumb Code    10  interrupts_hc32l136.o(i.IRQ020_Handler)
    IRQ021_Handler                           0x00002b6f   Thumb Code    10  interrupts_hc32l136.o(i.IRQ021_Handler)
    IRQ022_Handler                           0x00002b79   Thumb Code    10  interrupts_hc32l136.o(i.IRQ022_Handler)
    IRQ023_Handler                           0x00002b83   Thumb Code    10  interrupts_hc32l136.o(i.IRQ023_Handler)
    IRQ024_Handler                           0x00002b8d   Thumb Code    10  interrupts_hc32l136.o(i.IRQ024_Handler)
    IRQ025_Handler                           0x00002b97   Thumb Code    10  interrupts_hc32l136.o(i.IRQ025_Handler)
    IRQ026_Handler                           0x00002ba1   Thumb Code    10  interrupts_hc32l136.o(i.IRQ026_Handler)
    IRQ027_Handler                           0x00002bab   Thumb Code    10  interrupts_hc32l136.o(i.IRQ027_Handler)
    IRQ028_Handler                           0x00002bb5   Thumb Code    10  interrupts_hc32l136.o(i.IRQ028_Handler)
    IRQ029_Handler                           0x00002bbf   Thumb Code    10  interrupts_hc32l136.o(i.IRQ029_Handler)
    IRQ030_Handler                           0x00002bc9   Thumb Code    10  interrupts_hc32l136.o(i.IRQ030_Handler)
    IRQ031_Handler                           0x00002bd3   Thumb Code    10  interrupts_hc32l136.o(i.IRQ031_Handler)
    Init_ADC                                 0x00002bdd   Thumb Code   186  mcu.o(i.Init_ADC)
    Init_APP_Uart                            0x00002ca5   Thumb Code   200  app_uart.o(i.Init_APP_Uart)
    Init_IOPorts                             0x00002d81   Thumb Code   382  mcu.o(i.Init_IOPorts)
    Init_OscFrequency                        0x00002eff   Thumb Code    30  mcu.o(i.Init_OscFrequency)
    Init_Timer                               0x00002f1d   Thumb Code   278  mcu.o(i.Init_Timer)
    KeyDetect                                0x0000304d   Thumb Code   274  keypad.o(i.KeyDetect)
    KeyDetectTimer                           0x00003185   Thumb Code    20  keypad.o(i.KeyDetectTimer)
    KeyHandler                               0x0000319d   Thumb Code    90  keypad.o(i.KeyHandler)
    KeyScanStatus                            0x00003205   Thumb Code    48  keypad.o(i.KeyScanStatus)
    KeyVariableInitial                       0x00003235   Thumb Code    46  keypad.o(i.KeyVariableInitial)
    LEDALLControl                            0x00003289   Thumb Code   204  ctrl.o(i.LEDALLControl)
    LEDControl                               0x00003355   Thumb Code   420  ctrl.o(i.LEDControl)
    LEDDisplayHexValue                       0x000034f9   Thumb Code    52  ctrl.o(i.LEDDisplayHexValue)
    LEDFlashDisplay                          0x0000352d   Thumb Code   104  ctrl.o(i.LEDFlashDisplay)
    LEDFlashSetting                          0x000035a1   Thumb Code    42  ctrl.o(i.LEDFlashSetting)
    MCU_Initialize                           0x000035d1   Thumb Code    34  mcu.o(i.MCU_Initialize)
    MainTimerHandler                         0x000035f5   Thumb Code    86  ctrl.o(i.MainTimerHandler)
    ModelChangeLED                           0x0000365d   Thumb Code    44  ctrl.o(i.ModelChangeLED)
    ModelSelectKeyProcess                    0x0000368d   Thumb Code    82  ctrl.o(i.ModelSelectKeyProcess)
    PErrIntCallBack                          0x000036e9   Thumb Code     2  app_uart.o(i.PErrIntCallBack)
    PWMStart                                 0x000036eb   Thumb Code    34  mcu.o(i.PWMStart)
    PWMStop                                  0x0000370d   Thumb Code    46  mcu.o(i.PWMStop)
    PowerOffLED                              0x0000373d   Thumb Code    14  ctrl.o(i.PowerOffLED)
    PowerOnInitialize                        0x00003751   Thumb Code    56  ctrl.o(i.PowerOnInitialize)
    PowerOnLED                               0x00003791   Thumb Code    42  ctrl.o(i.PowerOnLED)
    PowerupFunctionModeSelect                0x000037bd   Thumb Code   434  ctrl.o(i.PowerupFunctionModeSelect)
    ProcessHandler                           0x0000399d   Thumb Code   528  ctrl.o(i.ProcessHandler)
    ReadCellPolarity                         0x00003c05   Thumb Code    14  ctrl.o(i.ReadCellPolarity)
    ReadKey                                  0x00003c19   Thumb Code    40  keypad.o(i.ReadKey)
    ReverseLEDDisplay                        0x00003c41   Thumb Code    54  ctrl.o(i.ReverseLEDDisplay)
    ReverseTimeSettingKeyProcess             0x00003c7d   Thumb Code    94  ctrl.o(i.ReverseTimeSettingKeyProcess)
    RunningLEDDisplay                        0x00003ce9   Thumb Code   176  ctrl.o(i.RunningLEDDisplay)
    RunningTimeKeyProcess                    0x00003dad   Thumb Code   198  ctrl.o(i.RunningTimeKeyProcess)
    RxIntCallback                            0x00003e91   Thumb Code    52  app_uart.o(i.RxIntCallback)
    SWVersionDisplay                         0x00003ed1   Thumb Code   238  ctrl.o(i.SWVersionDisplay)
    SaveCalValueByDirection                  0x00003fc9   Thumb Code    52  ctrl.o(i.SaveCalValueByDirection)
    SaveCellCurrent                          0x0000400d   Thumb Code    22  ctrl.o(i.SaveCellCurrent)
    SaveCellReverseSetting                   0x00004031   Thumb Code    34  ctrl.o(i.SaveCellReverseSetting)
    SaveCellReverseTime                      0x0000405d   Thumb Code    22  ctrl.o(i.SaveCellReverseTime)
    SaveCellRunningMinutes                   0x00004081   Thumb Code    22  ctrl.o(i.SaveCellRunningMinutes)
    SaveCellRunningTime                      0x000040a5   Thumb Code    52  ctrl.o(i.SaveCellRunningTime)
    SaveDataToArea                           0x000040e5   Thumb Code   134  ctrl.o(i.SaveDataToArea)
    SaveEventProcess                         0x00004171   Thumb Code   134  ctrl.o(i.SaveEventProcess)
    SaveModelNumber                          0x00004205   Thumb Code    34  ctrl.o(i.SaveModelNumber)
    SaveTestModeFlag                         0x00004231   Thumb Code    22  ctrl.o(i.SaveTestModeFlag)
    SerivceReset                             0x00004255   Thumb Code    48  ctrl.o(i.SerivceReset)
    SetToDefault                             0x00004295   Thumb Code    52  ctrl.o(i.SetToDefault)
    SpecialSecretCodeProcess                 0x000042d1   Thumb Code   194  ctrl.o(i.SpecialSecretCodeProcess)
    StartTimer1                              0x000043bd   Thumb Code    10  mcu.o(i.StartTimer1)
    StopTimer1                               0x000043c7   Thumb Code    10  mcu.o(i.StopTimer1)
    Sysctrl_ClkInit                          0x000043d1   Thumb Code   106  sysctrl.o(i.Sysctrl_ClkInit)
    Sysctrl_ClkSourceEnable                  0x0000443d   Thumb Code   312  sysctrl.o(i.Sysctrl_ClkSourceEnable)
    Sysctrl_GetHClkFreq                      0x0000457d   Thumb Code   354  sysctrl.o(i.Sysctrl_GetHClkFreq)
    Sysctrl_GetPClkFreq                      0x000046f1   Thumb Code    28  sysctrl.o(i.Sysctrl_GetPClkFreq)
    Sysctrl_SetHCLKDiv                       0x00004711   Thumb Code    38  sysctrl.o(i.Sysctrl_SetHCLKDiv)
    Sysctrl_SetPCLKDiv                       0x0000473d   Thumb Code    38  sysctrl.o(i.Sysctrl_SetPCLKDiv)
    Sysctrl_SetPLLStableTime                 0x00004769   Thumb Code    32  sysctrl.o(i.Sysctrl_SetPLLStableTime)
    Sysctrl_SetPeripheralGate                0x0000478d   Thumb Code    54  sysctrl.o(i.Sysctrl_SetPeripheralGate)
    Sysctrl_SetRCHTrim                       0x000047c9   Thumb Code   148  sysctrl.o(i.Sysctrl_SetRCHTrim)
    Sysctrl_SetRCLStableTime                 0x00004865   Thumb Code    32  sysctrl.o(i.Sysctrl_SetRCLStableTime)
    Sysctrl_SetXTHStableTime                 0x00004889   Thumb Code    28  sysctrl.o(i.Sysctrl_SetXTHStableTime)
    Sysctrl_SetXTLStableTime                 0x000048a9   Thumb Code    28  sysctrl.o(i.Sysctrl_SetXTLStableTime)
    Sysctrl_SysClkSwitch                     0x000048c9   Thumb Code    40  sysctrl.o(i.Sysctrl_SysClkSwitch)
    Sysctrl_XTHDriverConfig                  0x000048f5   Thumb Code    24  sysctrl.o(i.Sysctrl_XTHDriverConfig)
    Sysctrl_XTLDriverConfig                  0x00004911   Thumb Code    46  sysctrl.o(i.Sysctrl_XTLDriverConfig)
    SystemCoreClockUpdate                    0x00004945   Thumb Code    12  system_hc32l136.o(i.SystemCoreClockUpdate)
    SystemInit                               0x00004955   Thumb Code    30  system_hc32l136.o(i.SystemInit)
    Tim0Int                                  0x0000497d   Thumb Code    32  mcu.o(i.Tim0Int)
    Tim1Int                                  0x0000499d   Thumb Code    28  mcu.o(i.Tim1Int)
    Tim3Int                                  0x000049b9   Thumb Code    74  mcu.o(i.Tim3Int)
    Tim3_ClearIntFlag                        0x00004a0d   Thumb Code    16  timer3.o(i.Tim3_ClearIntFlag)
    Tim3_GetIntFlag                          0x00004a21   Thumb Code    18  timer3.o(i.Tim3_GetIntFlag)
    Tim3_IRQHandler                          0x00004a39   Thumb Code    30  timer3.o(i.Tim3_IRQHandler)
    Tim3_M0_ARRSet                           0x00004a5d   Thumb Code    22  timer3.o(i.Tim3_M0_ARRSet)
    Tim3_M0_Cnt16Set                         0x00004a79   Thumb Code    22  timer3.o(i.Tim3_M0_Cnt16Set)
    Tim3_M0_Run                              0x00004a95   Thumb Code    18  timer3.o(i.Tim3_M0_Run)
    Tim3_M0_Stop                             0x00004aad   Thumb Code    16  timer3.o(i.Tim3_M0_Stop)
    Tim3_Mode0_DisableIrq                    0x00004ac1   Thumb Code    18  timer3.o(i.Tim3_Mode0_DisableIrq)
    Tim3_Mode0_EnableIrq                     0x00004ad9   Thumb Code    20  timer3.o(i.Tim3_Mode0_EnableIrq)
    Tim3_Mode0_Init                          0x00004af1   Thumb Code   174  timer3.o(i.Tim3_Mode0_Init)
    Tim_IRQHandler                           0x00004ba9   Thumb Code    72  bt.o(i.Tim_IRQHandler)
    TxIntCallback                            0x00004bfd   Thumb Code    16  app_uart.o(i.TxIntCallback)
    UartSendString                           0x00004cc9   Thumb Code    44  app_uart.o(i.UartSendString)
    Uart_CalScnt                             0x00004cf5   Thumb Code   104  uart.o(i.Uart_CalScnt)
    Uart_ClrStatus                           0x00004d5d   Thumb Code   116  uart.o(i.Uart_ClrStatus)
    Uart_EnableFunc                          0x00004dd1   Thumb Code   136  uart.o(i.Uart_EnableFunc)
    Uart_EnableIrq                           0x00004e59   Thumb Code   154  uart.o(i.Uart_EnableIrq)
    Uart_IRQHandler                          0x00004ef3   Thumb Code   178  uart.o(i.Uart_IRQHandler)
    Uart_Init                                0x00004fa5   Thumb Code   132  uart.o(i.Uart_Init)
    Uart_PortInit                            0x00005029   Thumb Code    64  app_uart.o(i.Uart_PortInit)
    Uart_ReceiveData                         0x00005069   Thumb Code    30  uart.o(i.Uart_ReceiveData)
    Uart_SetBaud                             0x00005087   Thumb Code    24  uart.o(i.Uart_SetBaud)
    Uart_SetClkDiv                           0x0000509f   Thumb Code    44  uart.o(i.Uart_SetClkDiv)
    Uart_SetMMDOrCk                          0x000050cb   Thumb Code    48  uart.o(i.Uart_SetMMDOrCk)
    Uart_SetMode                             0x000050fb   Thumb Code    48  uart.o(i.Uart_SetMode)
    Uart_SetMultiMode                        0x0000512b   Thumb Code    72  uart.o(i.Uart_SetMultiMode)
    Uart_SetStopBit                          0x00005173   Thumb Code    70  uart.o(i.Uart_SetStopBit)
    UpdateRunningData                        0x000051b9   Thumb Code    48  ctrl.o(i.UpdateRunningData)
    UpdateUserData                           0x000051f5   Thumb Code    74  ctrl.o(i.UpdateUserData)
    WaterFlowFaultProcess                    0x00005269   Thumb Code   166  ctrl.o(i.WaterFlowFaultProcess)
    __ARM_common_switch8                     0x00005419   Thumb Code    28  ctrl.o(i.__ARM_common_switch8)
    _sys_exit                                0x0000553d   Thumb Code     4  ddl.o(i._sys_exit)
    ddl_memclr                               0x00005541   Thumb Code    32  ddl.o(i.ddl_memclr)
    delay100us                               0x00005561   Thumb Code    74  ddl.o(i.delay100us)
    delay10us                                0x000055bd   Thumb Code    74  ddl.o(i.delay10us)
    delay1ms                                 0x00005619   Thumb Code    76  ddl.o(i.delay1ms)
    main                                     0x00005671   Thumb Code    28  main.o(i.main)
    Region$$Table$$Base                      0x00005714   Number         0  anon$$obj.o(Region$$Table)
    Region$$Table$$Limit                     0x00005734   Number         0  anon$$obj.o(Region$$Table)
    SystemCoreClock                          0x20000000   Data           4  system_hc32l136.o(.data)
    LimitDutyTab                             0x20000004   Data           8  ctrl.o(.data)
    BoostDutyTab                             0x2000000c   Data           8  ctrl.o(.data)
    LimitCurrentTab                          0x20000014   Data           2  ctrl.o(.data)
    BoostCurrentTab                          0x20000016   Data           2  ctrl.o(.data)
    bDoBoostModeFlag                         0x20000018   Data           1  ctrl.o(.data)
    bOneSecondFlag                           0x20000019   Data           1  ctrl.o(.data)
    bLEDFlashFlag                            0x2000001a   Data           1  ctrl.o(.data)
    bCalibrationFlag                         0x2000001b   Data           1  ctrl.o(.data)
    bLowOutputFlag                           0x2000001c   Data           1  ctrl.o(.data)
    bTimer3EnableFlag                        0x2000001d   Data           1  ctrl.o(.data)
    bADCDoneFlag                             0x2000001e   Data           1  ctrl.o(.data)
    bProtectFlag                             0x2000001f   Data           1  ctrl.o(.data)
    bLEDONFlag                               0x20000020   Data           1  ctrl.o(.data)
    bADCUpdateFlag                           0x20000021   Data           1  ctrl.o(.data)
    bWFProcessFlag                           0x20000022   Data           1  ctrl.o(.data)
    bTimeAdjustFlag                          0x20000023   Data           1  ctrl.o(.data)
    bReturnFlag                              0x20000024   Data           1  ctrl.o(.data)
    bCalibrateMode                           0x20000025   Data           1  ctrl.o(.data)
    bResetMode                               0x20000026   Data           1  ctrl.o(.data)
    bFineTuneFlag                            0x20000027   Data           1  ctrl.o(.data)
    bOutputFlag                              0x20000028   Data           1  ctrl.o(.data)
    bStopOutputFlag                          0x20000029   Data           1  ctrl.o(.data)
    bFastRevserseMode                        0x2000002a   Data           1  ctrl.o(.data)
    ucModelNumber                            0x2000002b   Data           1  ctrl.o(.data)
    ucCellPolarity                           0x2000002c   Data           1  ctrl.o(.data)
    ucCellCurrent                            0x2000002d   Data           1  ctrl.o(.data)
    ucPrevCellCurrent                        0x2000002e   Data           1  ctrl.o(.data)
    ucOriginalCurrent                        0x2000002f   Data           1  ctrl.o(.data)
    ucMaxDisplayCurrent                      0x20000030   Data           1  ctrl.o(.data)
    ucBoostStatus                            0x20000031   Data           1  ctrl.o(.data)
    bPermanentBoostMode                      0x20000032   Data           1  ctrl.o(.data)
    ucPermanentBoostCnt                      0x20000033   Data           1  ctrl.o(.data)
    ucADCCounter                             0x20000034   Data           1  ctrl.o(.data)
    ucDisplayWaitTimerCnt                    0x20000035   Data           1  ctrl.o(.data)
    ucPCBTestTimerCnt                        0x20000036   Data           1  ctrl.o(.data)
    ucFunctionMode                           0x20000037   Data           1  ctrl.o(.data)
    ucCellReverseSetting                     0x20000038   Data           1  ctrl.o(.data)
    ucCellReverseTime                        0x20000039   Data           1  ctrl.o(.data)
    ucTimer0Counter                          0x2000003a   Data           1  ctrl.o(.data)
    ucSecondCounter                          0x2000003b   Data           1  ctrl.o(.data)
    bTestModeFlag                            0x2000003c   Data           1  ctrl.o(.data)
    ucStableCnt                              0x2000003d   Data           1  ctrl.o(.data)
    ucCurrentCalValue                        0x2000003e   Data           1  ctrl.o(.data)
    ucFCurrentCalValue                       0x2000003f   Data           1  ctrl.o(.data)
    ucRCurrentCalValue                       0x20000040   Data           1  ctrl.o(.data)
    ucConvertGain                            0x20000041   Data           2  ctrl.o(.data)
    ucPeriodCnt                              0x20000043   Data           1  ctrl.o(.data)
    ucInWaterCounter                         0x20000044   Data           1  ctrl.o(.data)
    ucWaterFlowCounter                       0x20000045   Data           1  ctrl.o(.data)
    ucWaterFlowStatus                        0x20000046   Data           1  ctrl.o(.data)
    ucNewWaterFlowStatus                     0x20000047   Data           1  ctrl.o(.data)
    ucDigit                                  0x20000048   Data           1  ctrl.o(.data)
    ucRunningMins                            0x20000049   Data           1  ctrl.o(.data)
    ucRunningHours                           0x2000004a   Data           6  ctrl.o(.data)
    ucNumber                                 0x20000050   Data           6  ctrl.o(.data)
    ucSecretCode                             0x20000056   Data           1  ctrl.o(.data)
    ucCalibrateTimeCnt                       0x20000057   Data           1  ctrl.o(.data)
    ucGainValue                              0x20000058   Data           4  ctrl.o(.data)
    ucSaveType                               0x2000005c   Data           1  ctrl.o(.data)
    uiCellRealCurrent                        0x20000060   Data           4  ctrl.o(.data)
    uiLimitCurrent                           0x20000064   Data           4  ctrl.o(.data)
    iADCSum                                  0x20000068   Data           4  ctrl.o(.data)
    iSaveCounter                             0x2000006c   Data           4  ctrl.o(.data)
    uiBoostCounter                           0x20000070   Data           4  ctrl.o(.data)
    uiLEDFlashStatus                         0x20000074   Data           4  ctrl.o(.data)
    iADCData                                 0x20000078   Data           4  ctrl.o(.data)
    uiMAX                                    0x2000007c   Data           4  ctrl.o(.data)
    uiMIN                                    0x20000080   Data           4  ctrl.o(.data)
    uiSum                                    0x20000084   Data           4  ctrl.o(.data)
    uiStdH                                   0x20000088   Data           4  ctrl.o(.data)
    uiStdL                                   0x2000008c   Data           4  ctrl.o(.data)
    ulSum                                    0x20000090   Data           4  ctrl.o(.data)
    uiCurrentADC                             0x20000094   Data           4  ctrl.o(.data)
    ucVersionNum                             0x20000098   Data           1  ctrl.o(.data)
    ucVersionNum2                            0x20000099   Data           1  ctrl.o(.data)
    Version                                  0x2000009a   Data           4  ctrl.o(.data)
    uiCurrentDuty                            0x200000a0   Data           4  ctrl.o(.data)
    uiPWMHCnt                                0x200000a4   Data           4  ctrl.o(.data)
    uiPWMLCnt                                0x200000a8   Data           4  ctrl.o(.data)
    uiPWMPeriod                              0x200000ac   Data           4  ctrl.o(.data)
    uiCurrentMaxDuty                         0x200000b0   Data           4  ctrl.o(.data)
    uiOutputCounter                          0x200000b4   Data           4  ctrl.o(.data)
    uiOutputTime                             0x200000b8   Data           4  ctrl.o(.data)
    g_bKeyDetect                             0x200000bc   Data           1  keypad.o(.data)
    g_bKeyRepeat                             0x200000bd   Data           1  keypad.o(.data)
    g_bKey1stRepeat                          0x200000be   Data           1  keypad.o(.data)
    g_bKeyCheckRepeat                        0x200000bf   Data           1  keypad.o(.data)
    g_bFastRepeat                            0x200000c0   Data           1  keypad.o(.data)
    g_ucKeyCounter                           0x200000c1   Data           1  keypad.o(.data)
    g_ucKeyDebounce                          0x200000c2   Data           1  keypad.o(.data)
    g_LastKeyStatus                          0x200000c3   Data           1  keypad.o(.data)
    g_KeyCode                                0x200000c4   Data           1  keypad.o(.data)
    u16AdcRestult0                           0x200000c6   Data           2  mcu.o(.data)
    ucTestCnt                                0x200000c8   Data           1  mcu.o(.data)
    POWER_ON                                 0x200000d0   Data           1  app_uart.o(.data)
    bTX_DONE                                 0x200000d1   Data           1  app_uart.o(.data)
    u8RX_BUFF_CNT                            0x200000d2   Data           1  app_uart.o(.data)
    BASE_CNT                                 0x200000d3   Data           1  app_uart.o(.data)
    READY_SEND_DEGUE                         0x200000d4   Data           1  app_uart.o(.data)
    u8TxData                                 0x200000d5   Data          44  app_uart.o(.data)
    u8TxCnt                                  0x20000101   Data           1  app_uart.o(.data)
    u8RX_RECIEVE_CNT                         0x20000102   Data           1  app_uart.o(.data)
    tx_send                                  0x20000103   Data           1  app_uart.o(.data)
    rx_reci                                  0x20000104   Data           1  app_uart.o(.data)
    IOTQueueKeyCnt                           0x20000105   Data           1  app_uart.o(.data)
    IOTQueueKey                              0x20000106   Data           3  app_uart.o(.data)
    IOTQueueKeyLen                           0x20000109   Data           1  app_uart.o(.data)
    Status4G                                 0x2000010a   Data           1  app_uart.o(.data)
    StatusSIM                                0x2000010b   Data           1  app_uart.o(.data)
    IOKeepOnlineCnt                          0x2000010c   Data           1  app_uart.o(.data)
    IOTRESTARTCNT                            0x2000010d   Data           1  app_uart.o(.data)
    IOTRESTARTSTEP                           0x2000010e   Data           1  app_uart.o(.data)
    IOTRESTARTFlag                           0x2000010f   Data           1  app_uart.o(.data)
    pEusartQueueStorage                      0x20000110   Data           4  app_uart.o(.data)
    pEusartQueueResolve                      0x20000114   Data           4  app_uart.o(.data)
    IotwifiWaitStatus                        0x20000118   Data           1  app_uart.o(.data)
    RESIVE_UAER_KEY                          0x20000119   Data           1  app_uart.o(.data)
    KEY_USART_MAP                            0x2000011a   Data           3  app_uart.o(.data)
    AT_CMD                                   0x20000120   Data          28  app_uart.o(.data)
    bIotWifiWaitCheck                        0x2000013c   Data           1  app_uart.o(.data)
    IOT_KEY                                  0x2000013d   Data           1  app_uart.o(.data)
    cnt                                      0x20000140   Data           4  app_uart.o(.data)
    ucData                                   0x2000019c   Data          20  ctrl.o(.bss)
    u8RX_BUFF                                0x200001b0   Data         100  app_uart.o(.bss)
    UartQueueBuff                            0x20000214   Data         405  app_uart.o(.bss)
    TCP                                      0x200003a9   Data         102  app_uart.o(.bss)
    NETWORK_STATUE                           0x20000410   Data          32  app_uart.o(.bss)
    __libspace_start                         0x20000448   Data          96  libspace.o(.bss)
    __temporary_stack_top$libspace           0x200004a8   Data           0  libspace.o(.bss)



==============================================================================

Memory Map of the image

  Image Entry point : 0x000000c1

  Load Region LR_IROM1 (Base: 0x00000000, Size: 0x000058d0, Max: 0x00010000, ABSOLUTE, COMPRESSED[0x00005788])

    Execution Region ER_IROM1 (Exec base: 0x00000000, Load base: 0x00000000, Size: 0x00005734, Max: 0x00010000, ABSOLUTE)

    Exec Addr    Load Addr    Size         Type   Attr      Idx    E Section Name        Object

    0x00000000   0x00000000   0x000000c0   Data   RO            3    RESET               startup_hc32l136.o
    0x000000c0   0x000000c0   0x00000008   Code   RO         3151  * !!!main             c_p.l(__main.o)
    0x000000c8   0x000000c8   0x0000003c   Code   RO         3318    !!!scatter          c_p.l(__scatter.o)
    0x00000104   0x00000104   0x0000001c   Code   RO         3320    !!handler_zi        c_p.l(__scatter_zi.o)
    0x00000120   0x00000120   0x00000002   Code   RO         3191    .ARM.Collect$$libinit$$00000000  c_p.l(libinit.o)
    0x00000122   0x00000122   0x00000000   Code   RO         3205    .ARM.Collect$$libinit$$00000002  c_p.l(libinit2.o)
    0x00000122   0x00000122   0x00000000   Code   RO         3207    .ARM.Collect$$libinit$$00000004  c_p.l(libinit2.o)
    0x00000122   0x00000122   0x00000000   Code   RO         3210    .ARM.Collect$$libinit$$0000000A  c_p.l(libinit2.o)
    0x00000122   0x00000122   0x00000000   Code   RO         3212    .ARM.Collect$$libinit$$0000000C  c_p.l(libinit2.o)
    0x00000122   0x00000122   0x00000000   Code   RO         3214    .ARM.Collect$$libinit$$0000000E  c_p.l(libinit2.o)
    0x00000122   0x00000122   0x00000000   Code   RO         3217    .ARM.Collect$$libinit$$00000011  c_p.l(libinit2.o)
    0x00000122   0x00000122   0x00000000   Code   RO         3219    .ARM.Collect$$libinit$$00000013  c_p.l(libinit2.o)
    0x00000122   0x00000122   0x00000000   Code   RO         3221    .ARM.Collect$$libinit$$00000015  c_p.l(libinit2.o)
    0x00000122   0x00000122   0x00000000   Code   RO         3223    .ARM.Collect$$libinit$$00000017  c_p.l(libinit2.o)
    0x00000122   0x00000122   0x00000000   Code   RO         3225    .ARM.Collect$$libinit$$00000019  c_p.l(libinit2.o)
    0x00000122   0x00000122   0x00000000   Code   RO         3227    .ARM.Collect$$libinit$$0000001B  c_p.l(libinit2.o)
    0x00000122   0x00000122   0x00000000   Code   RO         3229    .ARM.Collect$$libinit$$0000001D  c_p.l(libinit2.o)
    0x00000122   0x00000122   0x00000000   Code   RO         3231    .ARM.Collect$$libinit$$0000001F  c_p.l(libinit2.o)
    0x00000122   0x00000122   0x00000000   Code   RO         3233    .ARM.Collect$$libinit$$00000021  c_p.l(libinit2.o)
    0x00000122   0x00000122   0x00000000   Code   RO         3235    .ARM.Collect$$libinit$$00000023  c_p.l(libinit2.o)
    0x00000122   0x00000122   0x00000000   Code   RO         3237    .ARM.Collect$$libinit$$00000025  c_p.l(libinit2.o)
    0x00000122   0x00000122   0x00000000   Code   RO         3241    .ARM.Collect$$libinit$$0000002C  c_p.l(libinit2.o)
    0x00000122   0x00000122   0x00000000   Code   RO         3243    .ARM.Collect$$libinit$$0000002E  c_p.l(libinit2.o)
    0x00000122   0x00000122   0x00000000   Code   RO         3245    .ARM.Collect$$libinit$$00000030  c_p.l(libinit2.o)
    0x00000122   0x00000122   0x00000000   Code   RO         3247    .ARM.Collect$$libinit$$00000032  c_p.l(libinit2.o)
    0x00000122   0x00000122   0x00000002   Code   RO         3248    .ARM.Collect$$libinit$$00000033  c_p.l(libinit2.o)
    0x00000124   0x00000124   0x00000002   Code   RO         3272    .ARM.Collect$$libshutdown$$00000000  c_p.l(libshutdown.o)
    0x00000126   0x00000126   0x00000000   Code   RO         3298    .ARM.Collect$$libshutdown$$00000002  c_p.l(libshutdown2.o)
    0x00000126   0x00000126   0x00000000   Code   RO         3300    .ARM.Collect$$libshutdown$$00000004  c_p.l(libshutdown2.o)
    0x00000126   0x00000126   0x00000000   Code   RO         3303    .ARM.Collect$$libshutdown$$00000007  c_p.l(libshutdown2.o)
    0x00000126   0x00000126   0x00000000   Code   RO         3306    .ARM.Collect$$libshutdown$$0000000A  c_p.l(libshutdown2.o)
    0x00000126   0x00000126   0x00000000   Code   RO         3308    .ARM.Collect$$libshutdown$$0000000C  c_p.l(libshutdown2.o)
    0x00000126   0x00000126   0x00000000   Code   RO         3311    .ARM.Collect$$libshutdown$$0000000F  c_p.l(libshutdown2.o)
    0x00000126   0x00000126   0x00000002   Code   RO         3312    .ARM.Collect$$libshutdown$$00000010  c_p.l(libshutdown2.o)
    0x00000128   0x00000128   0x00000000   Code   RO         3155    .ARM.Collect$$rtentry$$00000000  c_p.l(__rtentry.o)
    0x00000128   0x00000128   0x00000000   Code   RO         3161    .ARM.Collect$$rtentry$$00000002  c_p.l(__rtentry2.o)
    0x00000128   0x00000128   0x00000006   Code   RO         3173    .ARM.Collect$$rtentry$$00000004  c_p.l(__rtentry4.o)
    0x0000012e   0x0000012e   0x00000000   Code   RO         3163    .ARM.Collect$$rtentry$$00000009  c_p.l(__rtentry2.o)
    0x0000012e   0x0000012e   0x00000004   Code   RO         3164    .ARM.Collect$$rtentry$$0000000A  c_p.l(__rtentry2.o)
    0x00000132   0x00000132   0x00000000   Code   RO         3166    .ARM.Collect$$rtentry$$0000000C  c_p.l(__rtentry2.o)
    0x00000132   0x00000132   0x00000008   Code   RO         3167    .ARM.Collect$$rtentry$$0000000D  c_p.l(__rtentry2.o)
    0x0000013a   0x0000013a   0x00000002   Code   RO         3196    .ARM.Collect$$rtexit$$00000000  c_p.l(rtexit.o)
    0x0000013c   0x0000013c   0x00000000   Code   RO         3250    .ARM.Collect$$rtexit$$00000002  c_p.l(rtexit2.o)
    0x0000013c   0x0000013c   0x00000004   Code   RO         3251    .ARM.Collect$$rtexit$$00000003  c_p.l(rtexit2.o)
    0x00000140   0x00000140   0x00000006   Code   RO         3252    .ARM.Collect$$rtexit$$00000004  c_p.l(rtexit2.o)
    0x00000146   0x00000146   0x00000002   PAD
    0x00000148   0x00000148   0x00000038   Code   RO         3139    .emb_text           c_p.l(rt_memcpy.o)
    0x00000180   0x00000180   0x00000058   Code   RO            4    .text               startup_hc32l136.o
    0x000001d8   0x000001d8   0x00000002   Code   RO         3135    .text               c_p.l(use_no_semi_2.o)
    0x000001da   0x000001da   0x00000002   PAD
    0x000001dc   0x000001dc   0x000000a0   Code   RO         3137    .text               c_p.l(strncmp.o)
    0x0000027c   0x0000027c   0x00000082   Code   RO         3140    .text               c_p.l(rt_memcpy.o)
    0x000002fe   0x000002fe   0x00000040   Code   RO         3143    .text               c_p.l(rt_memclr.o)
    0x0000033e   0x0000033e   0x0000015a   Code   RO         3145    .text               c_p.l(aeabi_sdiv.o)
    0x00000498   0x00000498   0x00000006   Code   RO         3149    .text               c_p.l(heapauxi.o)
    0x0000049e   0x0000049e   0x00000002   Code   RO         3153    .text               c_p.l(use_no_semi.o)
    0x000004a0   0x000004a0   0x0000003e   Code   RO         3177    .text               c_p.l(sys_stackheap_outer.o)
    0x000004de   0x000004de   0x00000010   Code   RO         3180    .text               c_p.l(exit.o)
    0x000004ee   0x000004ee   0x00000002   PAD
    0x000004f0   0x000004f0   0x00000008   Code   RO         3192    .text               c_p.l(libspace.o)
    0x000004f8   0x000004f8   0x00000056   Code   RO         3316    .text               c_p.l(__dczerorl2.o)
    0x0000054e   0x0000054e   0x00000002   PAD
    0x00000550   0x00000550   0x00000014   Code   RO          672    i.ADCStart          mcu.o
    0x00000564   0x00000564   0x00000008   Code   RO          673    i.ADCStop           mcu.o
    0x0000056c   0x0000056c   0x00000026   Code   RO          674    i.ALLStart          mcu.o
    0x00000592   0x00000592   0x00000020   Code   RO          675    i.ALLStop           mcu.o
    0x000005b2   0x000005b2   0x00000002   PAD
    0x000005b4   0x000005b4   0x00000070   Code   RO          816    i.APP_UART_1MS_HANDLE  app_uart.o
    0x00000624   0x00000624   0x0000001c   Code   RO          676    i.AdcContIrqCallback  mcu.o
    0x00000640   0x00000640   0x00000074   Code   RO         2347    i.Adc_ConfigIrq     adc.o
    0x000006b4   0x000006b4   0x00000024   Code   RO         2350    i.Adc_ConfigSglChannel  adc.o
    0x000006d8   0x000006d8   0x0000002c   Code   RO         2351    i.Adc_ConfigSglMode  adc.o
    0x00000704   0x00000704   0x00000014   Code   RO         2357    i.Adc_Enable        adc.o
    0x00000718   0x00000718   0x00000018   Code   RO         2358    i.Adc_EnableIrq     adc.o
    0x00000730   0x00000730   0x0000001c   Code   RO         2363    i.Adc_GetSglResult  adc.o
    0x0000074c   0x0000074c   0x000000f4   Code   RO         2365    i.Adc_IRQHandler    adc.o
    0x00000840   0x00000840   0x00000090   Code   RO         2366    i.Adc_Init          adc.o
    0x000008d0   0x000008d0   0x00000014   Code   RO         2375    i.Adc_SGL_Start     adc.o
    0x000008e4   0x000008e4   0x00000014   Code   RO         2376    i.Adc_SGL_Stop      adc.o
    0x000008f8   0x000008f8   0x00000190   Code   RO           91    i.BoostModeHandler  ctrl.o
    0x00000a88   0x00000a88   0x0000001c   Code   RO         2008    i.Bt_ClearIntFlag   bt.o
    0x00000aa4   0x00000aa4   0x0000001c   Code   RO         2009    i.Bt_GetIntFlag     bt.o
    0x00000ac0   0x00000ac0   0x00000060   Code   RO         2010    i.Bt_M0_ARRSet      bt.o
    0x00000b20   0x00000b20   0x00000060   Code   RO         2012    i.Bt_M0_Cnt16Set    bt.o
    0x00000b80   0x00000b80   0x0000001c   Code   RO         2016    i.Bt_M0_Run         bt.o
    0x00000b9c   0x00000b9c   0x0000001c   Code   RO         2017    i.Bt_M0_Stop        bt.o
    0x00000bb8   0x00000bb8   0x0000001c   Code   RO         2050    i.Bt_Mode0_EnableIrq  bt.o
    0x00000bd4   0x00000bd4   0x00000230   Code   RO         2051    i.Bt_Mode0_Init     bt.o
    0x00000e04   0x00000e04   0x00000038   Code   RO           92    i.CalculateConvertValue  ctrl.o
    0x00000e3c   0x00000e3c   0x00000038   Code   RO           93    i.CalculateThresholdLimit  ctrl.o
    0x00000e74   0x00000e74   0x00000038   Code   RO           94    i.CalibrateParameter  ctrl.o
    0x00000eac   0x00000eac   0x00000094   Code   RO           95    i.CellCurrentCycleOutput  ctrl.o
    0x00000f40   0x00000f40   0x0000003a   Code   RO           96    i.CellCurrentLED    ctrl.o
    0x00000f7a   0x00000f7a   0x00000002   PAD
    0x00000f7c   0x00000f7c   0x000000cc   Code   RO           97    i.CellCurrentOutput  ctrl.o
    0x00001048   0x00001048   0x00000208   Code   RO           98    i.CellOutputCalibration  ctrl.o
    0x00001250   0x00001250   0x00000050   Code   RO           99    i.CellOutputControl  ctrl.o
    0x000012a0   0x000012a0   0x000001cc   Code   RO          100    i.CellOutputCurrentAdjust  ctrl.o
    0x0000146c   0x0000146c   0x000000a8   Code   RO          101    i.CellPolarityControl  ctrl.o
    0x00001514   0x00001514   0x00000034   Code   RO          102    i.CellPolarityReverse  ctrl.o
    0x00001548   0x00001548   0x00000088   Code   RO          103    i.CellRealCurrentDisplay  ctrl.o
    0x000015d0   0x000015d0   0x0000004c   Code   RO          104    i.CellReverseForPCBTest  ctrl.o
    0x0000161c   0x0000161c   0x0000003c   Code   RO          105    i.CheckWaterFlow    ctrl.o
    0x00001658   0x00001658   0x00000084   Code   RO          106    i.CheckWaterSaltLevel  ctrl.o
    0x000016dc   0x000016dc   0x00000070   Code   RO          107    i.ChlorBoostProcess  ctrl.o
    0x0000174c   0x0000174c   0x00000018   Code   RO          108    i.ClearRunningData  ctrl.o
    0x00001764   0x00001764   0x00000080   Code   RO          109    i.ComboKeyProcess   ctrl.o
    0x000017e4   0x000017e4   0x00000002   Code   RO          817    i.CtsIntCallBack    app_uart.o
    0x000017e6   0x000017e6   0x00000002   PAD
    0x000017e8   0x000017e8   0x00000060   Code   RO          110    i.CurrentADCProcess  ctrl.o
    0x00001848   0x00001848   0x000000cc   Code   RO          111    i.DataRangeCheck    ctrl.o
    0x00001914   0x00001914   0x0000000c   Code   RO          112    i.Delay_ms          ctrl.o
    0x00001920   0x00001920   0x0000000c   Code   RO          113    i.Deley_us          ctrl.o
    0x0000192c   0x0000192c   0x00000020   Code   RO          819    i.EUSART_SendData   app_uart.o
    0x0000194c   0x0000194c   0x00000060   Code   RO          820    i.EUSART_WIFI_INIT  app_uart.o
    0x000019ac   0x000019ac   0x00000058   Code   RO          821    i.EUSART_WIFI_INIT_PROCESS  app_uart.o
    0x00001a04   0x00001a04   0x0000011c   Code   RO          114    i.EepromDataCheck   ctrl.o
    0x00001b20   0x00001b20   0x0000000c   Code   RO          115    i.Eeprom_ReadBytes  ctrl.o
    0x00001b2c   0x00001b2c   0x00000088   Code   RO         1621    i.EnableNvic        interrupts_hc32l136.o
    0x00001bb4   0x00001bb4   0x00000002   Code   RO          822    i.ErrIntCallback    app_uart.o
    0x00001bb6   0x00001bb6   0x00000002   PAD
    0x00001bb8   0x00001bb8   0x00000024   Code   RO          117    i.FactoryReset      ctrl.o
    0x00001bdc   0x00001bdc   0x0000002e   Code   RO          118    i.FlashInt          ctrl.o
    0x00001c0a   0x00001c0a   0x00000002   PAD
    0x00001c0c   0x00001c0c   0x0000007c   Code   RO         1340    i.Flash_ClearIntFlag  flash.o
    0x00001c88   0x00001c88   0x000000a8   Code   RO         1341    i.Flash_DisableIrq  flash.o
    0x00001d30   0x00001d30   0x0000002c   Code   RO         1343    i.Flash_GetIntFlag  flash.o
    0x00001d5c   0x00001d5c   0x000002b8   Code   RO         1344    i.Flash_Init        flash.o
    0x00002014   0x00002014   0x000000c0   Code   RO         1346    i.Flash_SectorErase  flash.o
    0x000020d4   0x000020d4   0x0000007c   Code   RO         1348    i.Flash_WaitCycle   flash.o
    0x00002150   0x00002150   0x000000c0   Code   RO         1349    i.Flash_WriteByte   flash.o
    0x00002210   0x00002210   0x0000016c   Code   RO          119    i.GetCellRealCurrent  ctrl.o
    0x0000237c   0x0000237c   0x00000084   Code   RO          120    i.GetModelRatingCurrent  ctrl.o
    0x00002400   0x00002400   0x0000001c   Code   RO         1442    i.Gpio_ClearIrq     gpio.o
    0x0000241c   0x0000241c   0x0000001c   Code   RO         1443    i.Gpio_ClrIO        gpio.o
    0x00002438   0x00002438   0x00000018   Code   RO         1446    i.Gpio_EnableIrq    gpio.o
    0x00002450   0x00002450   0x00000014   Code   RO         1448    i.Gpio_GetInputIO   gpio.o
    0x00002464   0x00002464   0x00000014   Code   RO         1449    i.Gpio_GetIrqStatus  gpio.o
    0x00002478   0x00002478   0x00000058   Code   RO          677    i.Gpio_IRQHandler   mcu.o
    0x000024d0   0x000024d0   0x00000138   Code   RO         1450    i.Gpio_Init         gpio.o
    0x00002608   0x00002608   0x00000014   Code   RO         1451    i.Gpio_ReadOutputIO  gpio.o
    0x0000261c   0x0000261c   0x00000014   Code   RO         1452    i.Gpio_SetAfMode    gpio.o
    0x00002630   0x00002630   0x0000001c   Code   RO         1453    i.Gpio_SetAnalogMode  gpio.o
    0x0000264c   0x0000264c   0x0000001c   Code   RO         1455    i.Gpio_SetIO        gpio.o
    0x00002668   0x00002668   0x00000010   Code   RO         1622    i.HardFault_Handler  interrupts_hc32l136.o
    0x00002678   0x00002678   0x00000050   Code   RO          824    i.IOTHandler        app_uart.o
    0x000026c8   0x000026c8   0x00000024   Code   RO          830    i.IOTRESTARTIDLEFUN  app_uart.o
    0x000026ec   0x000026ec   0x00000020   Code   RO          832    i.IOTRESTARTSTOPFUN  app_uart.o
    0x0000270c   0x0000270c   0x00000018   Code   RO          833    i.IOTUartQueueInit  app_uart.o
    0x00002724   0x00002724   0x00000044   Code   RO          834    i.IOTUartQueuePop   app_uart.o
    0x00002768   0x00002768   0x00000084   Code   RO          835    i.IOTUartQueuePush  app_uart.o
    0x000027ec   0x000027ec   0x00000018   Code   RO          836    i.IOTUartQueueioifempty  app_uart.o
    0x00002804   0x00002804   0x00000024   Code   RO          839    i.IOT_RESOLVE_KEY   app_uart.o
    0x00002828   0x00002828   0x00000188   Code   RO          840    i.IOT_RESOLVE_WIFI_DATA  app_uart.o
    0x000029b0   0x000029b0   0x00000070   Code   RO          841    i.IOT_RESOLVE_WIFI_ONLINE  app_uart.o
    0x00002a20   0x00002a20   0x0000007c   Code   RO          842    i.IOT_SEND_SELF_STATUE  app_uart.o
    0x00002a9c   0x00002a9c   0x0000000a   Code   RO         1623    i.IRQ000_Handler    interrupts_hc32l136.o
    0x00002aa6   0x00002aa6   0x0000000a   Code   RO         1624    i.IRQ001_Handler    interrupts_hc32l136.o
    0x00002ab0   0x00002ab0   0x0000000a   Code   RO         1625    i.IRQ002_Handler    interrupts_hc32l136.o
    0x00002aba   0x00002aba   0x0000000a   Code   RO         1626    i.IRQ003_Handler    interrupts_hc32l136.o
    0x00002ac4   0x00002ac4   0x0000000a   Code   RO         1627    i.IRQ004_Handler    interrupts_hc32l136.o
    0x00002ace   0x00002ace   0x0000000a   Code   RO         1628    i.IRQ005_Handler    interrupts_hc32l136.o
    0x00002ad8   0x00002ad8   0x0000000a   Code   RO         1629    i.IRQ006_Handler    interrupts_hc32l136.o
    0x00002ae2   0x00002ae2   0x0000000a   Code   RO         1630    i.IRQ007_Handler    interrupts_hc32l136.o
    0x00002aec   0x00002aec   0x0000000a   Code   RO         1631    i.IRQ008_Handler    interrupts_hc32l136.o
    0x00002af6   0x00002af6   0x0000000a   Code   RO         1632    i.IRQ009_Handler    interrupts_hc32l136.o
    0x00002b00   0x00002b00   0x0000000a   Code   RO         1633    i.IRQ010_Handler    interrupts_hc32l136.o
    0x00002b0a   0x00002b0a   0x0000000a   Code   RO         1634    i.IRQ011_Handler    interrupts_hc32l136.o
    0x00002b14   0x00002b14   0x0000000a   Code   RO         1635    i.IRQ012_Handler    interrupts_hc32l136.o
    0x00002b1e   0x00002b1e   0x0000000a   Code   RO         1636    i.IRQ013_Handler    interrupts_hc32l136.o
    0x00002b28   0x00002b28   0x0000000a   Code   RO         1637    i.IRQ014_Handler    interrupts_hc32l136.o
    0x00002b32   0x00002b32   0x0000000a   Code   RO         1638    i.IRQ015_Handler    interrupts_hc32l136.o
    0x00002b3c   0x00002b3c   0x0000000a   Code   RO         1639    i.IRQ016_Handler    interrupts_hc32l136.o
    0x00002b46   0x00002b46   0x0000000a   Code   RO         1640    i.IRQ017_Handler    interrupts_hc32l136.o
    0x00002b50   0x00002b50   0x0000000a   Code   RO         1641    i.IRQ018_Handler    interrupts_hc32l136.o
    0x00002b5a   0x00002b5a   0x0000000a   Code   RO         1642    i.IRQ019_Handler    interrupts_hc32l136.o
    0x00002b64   0x00002b64   0x0000000a   Code   RO         1643    i.IRQ020_Handler    interrupts_hc32l136.o
    0x00002b6e   0x00002b6e   0x0000000a   Code   RO         1644    i.IRQ021_Handler    interrupts_hc32l136.o
    0x00002b78   0x00002b78   0x0000000a   Code   RO         1645    i.IRQ022_Handler    interrupts_hc32l136.o
    0x00002b82   0x00002b82   0x0000000a   Code   RO         1646    i.IRQ023_Handler    interrupts_hc32l136.o
    0x00002b8c   0x00002b8c   0x0000000a   Code   RO         1647    i.IRQ024_Handler    interrupts_hc32l136.o
    0x00002b96   0x00002b96   0x0000000a   Code   RO         1648    i.IRQ025_Handler    interrupts_hc32l136.o
    0x00002ba0   0x00002ba0   0x0000000a   Code   RO         1649    i.IRQ026_Handler    interrupts_hc32l136.o
    0x00002baa   0x00002baa   0x0000000a   Code   RO         1650    i.IRQ027_Handler    interrupts_hc32l136.o
    0x00002bb4   0x00002bb4   0x0000000a   Code   RO         1651    i.IRQ028_Handler    interrupts_hc32l136.o
    0x00002bbe   0x00002bbe   0x0000000a   Code   RO         1652    i.IRQ029_Handler    interrupts_hc32l136.o
    0x00002bc8   0x00002bc8   0x0000000a   Code   RO         1653    i.IRQ030_Handler    interrupts_hc32l136.o
    0x00002bd2   0x00002bd2   0x0000000a   Code   RO         1654    i.IRQ031_Handler    interrupts_hc32l136.o
    0x00002bdc   0x00002bdc   0x000000c8   Code   RO          678    i.Init_ADC          mcu.o
    0x00002ca4   0x00002ca4   0x000000dc   Code   RO          843    i.Init_APP_Uart     app_uart.o
    0x00002d80   0x00002d80   0x0000017e   Code   RO          679    i.Init_IOPorts      mcu.o
    0x00002efe   0x00002efe   0x0000001e   Code   RO          680    i.Init_OscFrequency  mcu.o
    0x00002f1c   0x00002f1c   0x00000130   Code   RO          681    i.Init_Timer        mcu.o
    0x0000304c   0x0000304c   0x00000138   Code   RO          592    i.KeyDetect         keypad.o
    0x00003184   0x00003184   0x00000018   Code   RO          593    i.KeyDetectTimer    keypad.o
    0x0000319c   0x0000319c   0x00000068   Code   RO          594    i.KeyHandler        keypad.o
    0x00003204   0x00003204   0x00000030   Code   RO          595    i.KeyScanStatus     keypad.o
    0x00003234   0x00003234   0x00000054   Code   RO          596    i.KeyVariableInitial  keypad.o
    0x00003288   0x00003288   0x000000cc   Code   RO          121    i.LEDALLControl     ctrl.o
    0x00003354   0x00003354   0x000001a4   Code   RO          122    i.LEDControl        ctrl.o
    0x000034f8   0x000034f8   0x00000034   Code   RO          123    i.LEDDisplayHexValue  ctrl.o
    0x0000352c   0x0000352c   0x00000074   Code   RO          124    i.LEDFlashDisplay   ctrl.o
    0x000035a0   0x000035a0   0x00000030   Code   RO          125    i.LEDFlashSetting   ctrl.o
    0x000035d0   0x000035d0   0x00000022   Code   RO          683    i.MCU_Initialize    mcu.o
    0x000035f2   0x000035f2   0x00000002   PAD
    0x000035f4   0x000035f4   0x00000068   Code   RO          126    i.MainTimerHandler  ctrl.o
    0x0000365c   0x0000365c   0x00000030   Code   RO          127    i.ModelChangeLED    ctrl.o
    0x0000368c   0x0000368c   0x0000005c   Code   RO          128    i.ModelSelectKeyProcess  ctrl.o
    0x000036e8   0x000036e8   0x00000002   Code   RO          846    i.PErrIntCallBack   app_uart.o
    0x000036ea   0x000036ea   0x00000022   Code   RO          684    i.PWMStart          mcu.o
    0x0000370c   0x0000370c   0x0000002e   Code   RO          685    i.PWMStop           mcu.o
    0x0000373a   0x0000373a   0x00000002   PAD
    0x0000373c   0x0000373c   0x00000014   Code   RO          129    i.PowerOffLED       ctrl.o
    0x00003750   0x00003750   0x00000040   Code   RO          130    i.PowerOnInitialize  ctrl.o
    0x00003790   0x00003790   0x0000002a   Code   RO          131    i.PowerOnLED        ctrl.o
    0x000037ba   0x000037ba   0x00000002   PAD
    0x000037bc   0x000037bc   0x000001e0   Code   RO          132    i.PowerupFunctionModeSelect  ctrl.o
    0x0000399c   0x0000399c   0x00000268   Code   RO          133    i.ProcessHandler    ctrl.o
    0x00003c04   0x00003c04   0x00000014   Code   RO          135    i.ReadCellPolarity  ctrl.o
    0x00003c18   0x00003c18   0x00000028   Code   RO          597    i.ReadKey           keypad.o
    0x00003c40   0x00003c40   0x0000003c   Code   RO          143    i.ReverseLEDDisplay  ctrl.o
    0x00003c7c   0x00003c7c   0x0000006c   Code   RO          144    i.ReverseTimeSettingKeyProcess  ctrl.o
    0x00003ce8   0x00003ce8   0x000000c4   Code   RO          145    i.RunningLEDDisplay  ctrl.o
    0x00003dac   0x00003dac   0x000000e4   Code   RO          146    i.RunningTimeKeyProcess  ctrl.o
    0x00003e90   0x00003e90   0x00000040   Code   RO          847    i.RxIntCallback     app_uart.o
    0x00003ed0   0x00003ed0   0x000000f8   Code   RO          147    i.SWVersionDisplay  ctrl.o
    0x00003fc8   0x00003fc8   0x00000044   Code   RO          148    i.SaveCalValueByDirection  ctrl.o
    0x0000400c   0x0000400c   0x00000024   Code   RO          149    i.SaveCellCurrent   ctrl.o
    0x00004030   0x00004030   0x0000002c   Code   RO          151    i.SaveCellReverseSetting  ctrl.o
    0x0000405c   0x0000405c   0x00000024   Code   RO          152    i.SaveCellReverseTime  ctrl.o
    0x00004080   0x00004080   0x00000024   Code   RO          153    i.SaveCellRunningMinutes  ctrl.o
    0x000040a4   0x000040a4   0x00000040   Code   RO          154    i.SaveCellRunningTime  ctrl.o
    0x000040e4   0x000040e4   0x0000008c   Code   RO          156    i.SaveDataToArea    ctrl.o
    0x00004170   0x00004170   0x00000094   Code   RO          157    i.SaveEventProcess  ctrl.o
    0x00004204   0x00004204   0x0000002c   Code   RO          158    i.SaveModelNumber   ctrl.o
    0x00004230   0x00004230   0x00000024   Code   RO          160    i.SaveTestModeFlag  ctrl.o
    0x00004254   0x00004254   0x00000040   Code   RO          161    i.SerivceReset      ctrl.o
    0x00004294   0x00004294   0x0000003c   Code   RO          162    i.SetToDefault      ctrl.o
    0x000042d0   0x000042d0   0x000000ec   Code   RO          163    i.SpecialSecretCodeProcess  ctrl.o
    0x000043bc   0x000043bc   0x0000000a   Code   RO          686    i.StartTimer1       mcu.o
    0x000043c6   0x000043c6   0x0000000a   Code   RO          687    i.StopTimer1        mcu.o
    0x000043d0   0x000043d0   0x0000006a   Code   RO         1852    i.Sysctrl_ClkInit   sysctrl.o
    0x0000443a   0x0000443a   0x00000002   PAD
    0x0000443c   0x0000443c   0x00000140   Code   RO         1853    i.Sysctrl_ClkSourceEnable  sysctrl.o
    0x0000457c   0x0000457c   0x00000174   Code   RO         1854    i.Sysctrl_GetHClkFreq  sysctrl.o
    0x000046f0   0x000046f0   0x00000020   Code   RO         1855    i.Sysctrl_GetPClkFreq  sysctrl.o
    0x00004710   0x00004710   0x0000002c   Code   RO         1858    i.Sysctrl_SetHCLKDiv  sysctrl.o
    0x0000473c   0x0000473c   0x0000002c   Code   RO         1859    i.Sysctrl_SetPCLKDiv  sysctrl.o
    0x00004768   0x00004768   0x00000024   Code   RO         1861    i.Sysctrl_SetPLLStableTime  sysctrl.o
    0x0000478c   0x0000478c   0x0000003c   Code   RO         1862    i.Sysctrl_SetPeripheralGate  sysctrl.o
    0x000047c8   0x000047c8   0x0000009c   Code   RO         1863    i.Sysctrl_SetRCHTrim  sysctrl.o
    0x00004864   0x00004864   0x00000024   Code   RO         1864    i.Sysctrl_SetRCLStableTime  sysctrl.o
    0x00004888   0x00004888   0x00000020   Code   RO         1868    i.Sysctrl_SetXTHStableTime  sysctrl.o
    0x000048a8   0x000048a8   0x00000020   Code   RO         1869    i.Sysctrl_SetXTLStableTime  sysctrl.o
    0x000048c8   0x000048c8   0x0000002c   Code   RO         1870    i.Sysctrl_SysClkSwitch  sysctrl.o
    0x000048f4   0x000048f4   0x0000001c   Code   RO         1871    i.Sysctrl_XTHDriverConfig  sysctrl.o
    0x00004910   0x00004910   0x00000034   Code   RO         1872    i.Sysctrl_XTLDriverConfig  sysctrl.o
    0x00004944   0x00004944   0x00000010   Code   RO           12    i.SystemCoreClockUpdate  system_hc32l136.o
    0x00004954   0x00004954   0x00000028   Code   RO           13    i.SystemInit        system_hc32l136.o
    0x0000497c   0x0000497c   0x00000020   Code   RO          688    i.Tim0Int           mcu.o
    0x0000499c   0x0000499c   0x0000001c   Code   RO          689    i.Tim1Int           mcu.o
    0x000049b8   0x000049b8   0x00000054   Code   RO          690    i.Tim3Int           mcu.o
    0x00004a0c   0x00004a0c   0x00000014   Code   RO         2618    i.Tim3_ClearIntFlag  timer3.o
    0x00004a20   0x00004a20   0x00000018   Code   RO         2619    i.Tim3_GetIntFlag   timer3.o
    0x00004a38   0x00004a38   0x00000024   Code   RO         2620    i.Tim3_IRQHandler   timer3.o
    0x00004a5c   0x00004a5c   0x0000001c   Code   RO         2621    i.Tim3_M0_ARRSet    timer3.o
    0x00004a78   0x00004a78   0x0000001c   Code   RO         2623    i.Tim3_M0_Cnt16Set  timer3.o
    0x00004a94   0x00004a94   0x00000018   Code   RO         2627    i.Tim3_M0_Run       timer3.o
    0x00004aac   0x00004aac   0x00000014   Code   RO         2628    i.Tim3_M0_Stop      timer3.o
    0x00004ac0   0x00004ac0   0x00000018   Code   RO         2660    i.Tim3_Mode0_DisableIrq  timer3.o
    0x00004ad8   0x00004ad8   0x00000018   Code   RO         2661    i.Tim3_Mode0_EnableIrq  timer3.o
    0x00004af0   0x00004af0   0x000000b8   Code   RO         2662    i.Tim3_Mode0_Init   timer3.o
    0x00004ba8   0x00004ba8   0x00000054   Code   RO         2058    i.Tim_IRQHandler    bt.o
    0x00004bfc   0x00004bfc   0x00000014   Code   RO          850    i.TxIntCallback     app_uart.o
    0x00004c10   0x00004c10   0x00000050   Code   RO         2949    i.UartDeInitNvic    uart.o
    0x00004c60   0x00004c60   0x00000030   Code   RO         2950    i.UartGetInternDataPtr  uart.o
    0x00004c90   0x00004c90   0x00000038   Code   RO         2951    i.UartInitNvic      uart.o
    0x00004cc8   0x00004cc8   0x0000002c   Code   RO          852    i.UartSendString    app_uart.o
    0x00004cf4   0x00004cf4   0x00000068   Code   RO         2952    i.Uart_CalScnt      uart.o
    0x00004d5c   0x00004d5c   0x00000074   Code   RO         2954    i.Uart_ClrStatus    uart.o
    0x00004dd0   0x00004dd0   0x00000088   Code   RO         2957    i.Uart_EnableFunc   uart.o
    0x00004e58   0x00004e58   0x0000009a   Code   RO         2958    i.Uart_EnableIrq    uart.o
    0x00004ef2   0x00004ef2   0x000000b2   Code   RO         2963    i.Uart_IRQHandler   uart.o
    0x00004fa4   0x00004fa4   0x00000084   Code   RO         2964    i.Uart_Init         uart.o
    0x00005028   0x00005028   0x00000040   Code   RO          853    i.Uart_PortInit     app_uart.o
    0x00005068   0x00005068   0x0000001e   Code   RO         2965    i.Uart_ReceiveData  uart.o
    0x00005086   0x00005086   0x00000018   Code   RO         2967    i.Uart_SetBaud      uart.o
    0x0000509e   0x0000509e   0x0000002c   Code   RO         2968    i.Uart_SetClkDiv    uart.o
    0x000050ca   0x000050ca   0x00000030   Code   RO         2969    i.Uart_SetMMDOrCk   uart.o
    0x000050fa   0x000050fa   0x00000030   Code   RO         2970    i.Uart_SetMode      uart.o
    0x0000512a   0x0000512a   0x00000048   Code   RO         2971    i.Uart_SetMultiMode  uart.o
    0x00005172   0x00005172   0x00000046   Code   RO         2974    i.Uart_SetStopBit   uart.o
    0x000051b8   0x000051b8   0x0000003c   Code   RO          164    i.UpdateRunningData  ctrl.o
    0x000051f4   0x000051f4   0x00000074   Code   RO          165    i.UpdateUserData    ctrl.o
    0x00005268   0x00005268   0x000000c4   Code   RO          166    i.WaterFlowFaultProcess  ctrl.o
    0x0000532c   0x0000532c   0x000000d4   Code   RO         1468    i._GpioEnableIrq    gpio.o
    0x00005400   0x00005400   0x00000018   Code   RO         1873    i._SysctrlUnlock    sysctrl.o
    0x00005418   0x00005418   0x0000001c   Code   RO          560    i.__ARM_common_switch8  ctrl.o
    0x00005434   0x00005434   0x00000018   Code   RO         2975    i.__NVIC_ClearPendingIRQ  uart.o
    0x0000544c   0x0000544c   0x00000078   Code   RO         1655    i.__NVIC_SetPriority  interrupts_hc32l136.o
    0x000054c4   0x000054c4   0x00000078   Code   RO         2976    i.__NVIC_SetPriority  uart.o
    0x0000553c   0x0000553c   0x00000004   Code   RO         1250    i._sys_exit         ddl.o
    0x00005540   0x00005540   0x00000020   Code   RO         1252    i.ddl_memclr        ddl.o
    0x00005560   0x00005560   0x0000005c   Code   RO         1253    i.delay100us        ddl.o
    0x000055bc   0x000055bc   0x0000005c   Code   RO         1254    i.delay10us         ddl.o
    0x00005618   0x00005618   0x00000058   Code   RO         1255    i.delay1ms          ddl.o
    0x00005670   0x00005670   0x0000001c   Code   RO          654    i.main              main.o
    0x0000568c   0x0000568c   0x00000018   Data   RO         1874    .constdata          sysctrl.o
    0x000056a4   0x000056a4   0x0000006d   Data   RO          858    .conststring        app_uart.o
    0x00005711   0x00005711   0x00000003   PAD
    0x00005714   0x00005714   0x00000020   Data   RO         3314    Region$$Table       anon$$obj.o


    Execution Region RW_IRAM1 (Exec base: 0x20000000, Load base: 0x00005734, Size: 0x000008a8, Max: 0x00002000, ABSOLUTE, COMPRESSED[0x00000054])

    Exec Addr    Load Addr    Size         Type   Attr      Idx    E Section Name        Object

    0x20000000   COMPRESSED   0x00000004   Data   RW           14    .data               system_hc32l136.o
    0x20000004   COMPRESSED   0x000000b8   Data   RW          168    .data               ctrl.o
    0x200000bc   COMPRESSED   0x00000009   Data   RW          598    .data               keypad.o
    0x200000c5   COMPRESSED   0x00000001   PAD
    0x200000c6   COMPRESSED   0x00000009   Data   RW          691    .data               mcu.o
    0x200000cf   COMPRESSED   0x00000001   PAD
    0x200000d0   COMPRESSED   0x0000007d   Data   RW          859    .data               app_uart.o
    0x2000014d   COMPRESSED   0x00000003   PAD
    0x20000150   COMPRESSED   0x00000004   Data   RW         1352    .data               flash.o
    0x20000154   COMPRESSED   0x0000000c   Data   RW         2059    .data               bt.o
    0x20000160   COMPRESSED   0x00000004   Data   RW         2669    .data               timer3.o
    0x20000164   COMPRESSED   0x00000038   Data   RW         2977    .data               uart.o
    0x2000019c        -       0x00000014   Zero   RW          167    .bss                ctrl.o
    0x200001b0        -       0x00000280   Zero   RW          856    .bss                app_uart.o
    0x20000430        -       0x00000018   Zero   RW         2382    .bss                adc.o
    0x20000448        -       0x00000060   Zero   RW         3193    .bss                c_p.l(libspace.o)
    0x200004a8        -       0x00000200   Zero   RW            2    HEAP                startup_hc32l136.o
    0x200006a8        -       0x00000200   Zero   RW            1    STACK               startup_hc32l136.o


==============================================================================

Image component sizes


      Code (inc. data)   RO Data    RW Data    ZI Data      Debug   Object Name

       696         54          0          0         24       5690   adc.o
      1806        460        109        125        640      19353   app_uart.o
       976         88          0         12          0       6137   bt.o
      8702       1170          0        184         20      47620   ctrl.o
       308         48          0          0          0       3121   ddl.o
      1540        100          0          4          0       4660   flash.o
       740         48          0          0          0       6735   gpio.o
       592         18          0          0          0      24969   interrupts_hc32l136.o
       612         94          0          9          0       4226   keypad.o
        28          0          0          0          0        451   main.o
      1408         76          0          9          0      25386   mcu.o
        88         40        192          0       1024        648   startup_hc32l136.o
      1418        130         24          0          0      10630   sysctrl.o
        56         14          0          4          0     126767   system_hc32l136.o
       412         58          0          4          0       5798   timer3.o
      1484         54          0         56          0      20603   uart.o

    ----------------------------------------------------------------------
     20884       2452        360        412       1708     312794   Object Totals
         0          0         32          0          0          0   (incl. Generated)
        18          0          3          5          0          0   (incl. Padding)

    ----------------------------------------------------------------------

      Code (inc. data)   RO Data    RW Data    ZI Data      Debug   Library Member Name

        86          0          0          0          0          0   __dczerorl2.o
         8          0          0          0          0         68   __main.o
         0          0          0          0          0          0   __rtentry.o
        12          0          0          0          0          0   __rtentry2.o
         6          0          0          0          0          0   __rtentry4.o
        60          8          0          0          0          0   __scatter.o
        28          0          0          0          0          0   __scatter_zi.o
       346          0          0          0          0         92   aeabi_sdiv.o
        16          0          0          0          0         68   exit.o
         6          0          0          0          0        136   heapauxi.o
         2          0          0          0          0          0   libinit.o
         2          0          0          0          0          0   libinit2.o
         2          0          0          0          0          0   libshutdown.o
         2          0          0          0          0          0   libshutdown2.o
         8          4          0          0         96         68   libspace.o
        64          0          0          0          0        108   rt_memclr.o
       186          0          0          0          0        144   rt_memcpy.o
         2          0          0          0          0          0   rtexit.o
        10          0          0          0          0          0   rtexit2.o
       160          6          0          0          0         76   strncmp.o
        62          0          0          0          0         80   sys_stackheap_outer.o
         2          0          0          0          0         68   use_no_semi.o
         2          0          0          0          0         68   use_no_semi_2.o

    ----------------------------------------------------------------------
      1080         18          0          0         96        976   Library Totals
         8          0          0          0          0          0   (incl. Padding)

    ----------------------------------------------------------------------

      Code (inc. data)   RO Data    RW Data    ZI Data      Debug   Library Name

      1072         18          0          0         96        976   c_p.l

    ----------------------------------------------------------------------
      1080         18          0          0         96        976   Library Totals

    ----------------------------------------------------------------------

==============================================================================


      Code (inc. data)   RO Data    RW Data    ZI Data      Debug   

     21964       2470        360        412       1804     303274   Grand Totals
     21964       2470        360         84       1804     303274   ELF Image Totals (compressed)
     21964       2470        360         84          0          0   ROM Totals

==============================================================================

    Total RO  Size (Code + RO Data)                22324 (  21.80kB)
    Total RW  Size (RW Data + ZI Data)              2216 (   2.16kB)
    Total ROM Size (Code + RO Data + RW Data)      22408 (  21.88kB)

==============================================================================

