Component: ARM Compiler 5.06 update 6 (build 750) Tool: armlink [4d35ed]

==============================================================================

Section Cross References

    startup_hc32l136.o(STACK) refers (Special) to heapauxi.o(.text) for __use_two_region_memory
    startup_hc32l136.o(HEAP) refers (Special) to heapauxi.o(.text) for __use_two_region_memory
    startup_hc32l136.o(RESET) refers (Special) to heapauxi.o(.text) for __use_two_region_memory
    startup_hc32l136.o(RESET) refers to startup_hc32l136.o(STACK) for __initial_sp
    startup_hc32l136.o(RESET) refers to startup_hc32l136.o(.text) for Reset_Handler
    startup_hc32l136.o(RESET) refers to interrupts_hc32l136.o(i.HardFault_Handler) for HardFault_Handler
    startup_hc32l136.o(RESET) refers to interrupts_hc32l136.o(i.IRQ000_Handler) for IRQ000_Handler
    startup_hc32l136.o(RESET) refers to interrupts_hc32l136.o(i.IRQ001_Handler) for IRQ001_Handler
    startup_hc32l136.o(RESET) refers to interrupts_hc32l136.o(i.IRQ002_Handler) for IRQ002_Handler
    startup_hc32l136.o(RESET) refers to interrupts_hc32l136.o(i.IRQ003_Handler) for IRQ003_Handler
    startup_hc32l136.o(RESET) refers to interrupts_hc32l136.o(i.IRQ004_Handler) for IRQ004_Handler
    startup_hc32l136.o(RESET) refers to interrupts_hc32l136.o(i.IRQ005_Handler) for IRQ005_Handler
    startup_hc32l136.o(RESET) refers to interrupts_hc32l136.o(i.IRQ006_Handler) for IRQ006_Handler
    startup_hc32l136.o(RESET) refers to interrupts_hc32l136.o(i.IRQ007_Handler) for IRQ007_Handler
    startup_hc32l136.o(RESET) refers to interrupts_hc32l136.o(i.IRQ008_Handler) for IRQ008_Handler
    startup_hc32l136.o(RESET) refers to interrupts_hc32l136.o(i.IRQ009_Handler) for IRQ009_Handler
    startup_hc32l136.o(RESET) refers to interrupts_hc32l136.o(i.IRQ010_Handler) for IRQ010_Handler
    startup_hc32l136.o(RESET) refers to interrupts_hc32l136.o(i.IRQ011_Handler) for IRQ011_Handler
    startup_hc32l136.o(RESET) refers to interrupts_hc32l136.o(i.IRQ012_Handler) for IRQ012_Handler
    startup_hc32l136.o(RESET) refers to interrupts_hc32l136.o(i.IRQ013_Handler) for IRQ013_Handler
    startup_hc32l136.o(RESET) refers to interrupts_hc32l136.o(i.IRQ014_Handler) for IRQ014_Handler
    startup_hc32l136.o(RESET) refers to interrupts_hc32l136.o(i.IRQ015_Handler) for IRQ015_Handler
    startup_hc32l136.o(RESET) refers to interrupts_hc32l136.o(i.IRQ016_Handler) for IRQ016_Handler
    startup_hc32l136.o(RESET) refers to interrupts_hc32l136.o(i.IRQ017_Handler) for IRQ017_Handler
    startup_hc32l136.o(RESET) refers to interrupts_hc32l136.o(i.IRQ018_Handler) for IRQ018_Handler
    startup_hc32l136.o(RESET) refers to interrupts_hc32l136.o(i.IRQ019_Handler) for IRQ019_Handler
    startup_hc32l136.o(RESET) refers to interrupts_hc32l136.o(i.IRQ020_Handler) for IRQ020_Handler
    startup_hc32l136.o(RESET) refers to interrupts_hc32l136.o(i.IRQ021_Handler) for IRQ021_Handler
    startup_hc32l136.o(RESET) refers to interrupts_hc32l136.o(i.IRQ022_Handler) for IRQ022_Handler
    startup_hc32l136.o(RESET) refers to interrupts_hc32l136.o(i.IRQ023_Handler) for IRQ023_Handler
    startup_hc32l136.o(RESET) refers to interrupts_hc32l136.o(i.IRQ024_Handler) for IRQ024_Handler
    startup_hc32l136.o(RESET) refers to interrupts_hc32l136.o(i.IRQ025_Handler) for IRQ025_Handler
    startup_hc32l136.o(RESET) refers to interrupts_hc32l136.o(i.IRQ026_Handler) for IRQ026_Handler
    startup_hc32l136.o(RESET) refers to interrupts_hc32l136.o(i.IRQ027_Handler) for IRQ027_Handler
    startup_hc32l136.o(RESET) refers to interrupts_hc32l136.o(i.IRQ028_Handler) for IRQ028_Handler
    startup_hc32l136.o(RESET) refers to interrupts_hc32l136.o(i.IRQ029_Handler) for IRQ029_Handler
    startup_hc32l136.o(RESET) refers to interrupts_hc32l136.o(i.IRQ030_Handler) for IRQ030_Handler
    startup_hc32l136.o(RESET) refers to interrupts_hc32l136.o(i.IRQ031_Handler) for IRQ031_Handler
    startup_hc32l136.o(.text) refers (Special) to heapauxi.o(.text) for __use_two_region_memory
    startup_hc32l136.o(.text) refers to system_hc32l136.o(i.SystemInit) for SystemInit
    startup_hc32l136.o(.text) refers to __main.o(!!!main) for __main
    startup_hc32l136.o(.text) refers to startup_hc32l136.o(HEAP) for Heap_Mem
    startup_hc32l136.o(.text) refers to startup_hc32l136.o(STACK) for Stack_Mem
    system_hc32l136.o(i.SystemCoreClockUpdate) refers to sysctrl.o(i.Sysctrl_GetHClkFreq) for Sysctrl_GetHClkFreq
    system_hc32l136.o(i.SystemCoreClockUpdate) refers to system_hc32l136.o(.data) for SystemCoreClock
    system_hc32l136.o(i.SystemInit) refers to system_hc32l136.o(i.SystemCoreClockUpdate) for SystemCoreClockUpdate
    ctrl.o(i.BoostModeHandler) refers to ctrl.o(i.__ARM_common_switch8) for __ARM_common_switch8
    ctrl.o(i.BoostModeHandler) refers to ctrl.o(i.LEDControl) for LEDControl
    ctrl.o(i.BoostModeHandler) refers to ctrl.o(i.LEDFlashSetting) for LEDFlashSetting
[...]
    i.UartInitNvic                           0x00004e84   Section        0  uart.o(i.UartInitNvic)
    UartInitNvic                             0x00004e85   Thumb Code    52  uart.o(i.UartInitNvic)
    i.UartSendString                         0x00004ebc   Section        0  app_uart.o(i.UartSendString)
    i.Uart_CalScnt                           0x00004ee8   Section        0  uart.o(i.Uart_CalScnt)
    i.Uart_ClrStatus                         0x00004f50   Section        0  uart.o(i.Uart_ClrStatus)
    i.Uart_EnableFunc                        0x00004fc4   Section        0  uart.o(i.Uart_EnableFunc)
    i.Uart_EnableIrq                         0x0000504c   Section        0  uart.o(i.Uart_EnableIrq)
    i.Uart_IRQHandler                        0x000050e6   Section        0  uart.o(i.Uart_IRQHandler)
    i.Uart_Init                              0x00005198   Section        0  uart.o(i.Uart_Init)
    i.Uart_PortInit                          0x0000521c   Section        0  app_uart.o(i.Uart_PortInit)
    i.Uart_ReceiveData                       0x0000525c   Section        0  uart.o(i.Uart_ReceiveData)
    i.Uart_SetBaud                           0x0000527a   Section        0  uart.o(i.Uart_SetBaud)
    i.Uart_SetClkDiv                         0x00005292   Section        0  uart.o(i.Uart_SetClkDiv)
    i.Uart_SetMMDOrCk                        0x000052be   Section        0  uart.o(i.Uart_SetMMDOrCk)
    i.Uart_SetMode                           0x000052ee   Section        0  uart.o(i.Uart_SetMode)
    i.Uart_SetMultiMode                      0x0000531e   Section        0  uart.o(i.Uart_SetMultiMode)
    i.Uart_SetStopBit                        0x00005366   Section        0  uart.o(i.Uart_SetStopBit)
    i.UpdateRunningData                      0x000053ac   Section        0  ctrl.o(i.UpdateRunningData)
    i.UpdateUserData                         0x000053e8   Section        0  ctrl.o(i.UpdateUserData)
    i.WaterFlowFaultProcess                  0x0000545c   Section        0  ctrl.o(i.WaterFlowFaultProcess)
    i._GpioEnableIrq                         0x00005540   Section        0  gpio.o(i._GpioEnableIrq)
    _GpioEnableIrq                           0x00005541   Thumb Code   208  gpio.o(i._GpioEnableIrq)
    i._SysctrlUnlock                         0x00005614   Section        0  sysctrl.o(i._SysctrlUnlock)
    _SysctrlUnlock                           0x00005615   Thumb Code    12  sysctrl.o(i._SysctrlUnlock)
    i.__ARM_common_switch8                   0x0000562c   Section        0  ctrl.o(i.__ARM_common_switch8)
    i.__NVIC_ClearPendingIRQ                 0x00005648   Section        0  uart.o(i.__NVIC_ClearPendingIRQ)
    __NVIC_ClearPendingIRQ                   0x00005649   Thumb Code    18  uart.o(i.__NVIC_ClearPendingIRQ)
    i.__NVIC_SetPriority                     0x00005660   Section        0  interrupts_hc32l136.o(i.__NVIC_SetPriority)
    __NVIC_SetPriority                       0x00005661   Thumb Code   110  interrupts_hc32l136.o(i.__NVIC_SetPriority)
    i.__NVIC_SetPriority                     0x000056d8   Section        0  uart.o(i.__NVIC_SetPriority)
    __NVIC_SetPriority                       0x000056d9   Thumb Code   110  uart.o(i.__NVIC_SetPriority)
    i._sys_exit                              0x00005750   Section        0  ddl.o(i._sys_exit)
    i.ddl_memclr                             0x00005754   Section        0  ddl.o(i.ddl_memclr)
    i.delay100us                             0x00005774   Section        0  ddl.o(i.delay100us)
    i.delay10us                              0x000057d0   Section        0  ddl.o(i.delay10us)
    i.delay1ms                               0x0000582c   Section        0  ddl.o(i.delay1ms)
    i.main                                   0x00005884   Section        0  main.o(i.main)
    .constdata                               0x000058a0   Section       24  sysctrl.o(.constdata)
    .conststring                             0x000058b8   Section      109  app_uart.o(.conststring)
    .data                                    0x20000000   Section        4  system_hc32l136.o(.data)
    .data                                    0x20000004   Section      184  ctrl.o(.data)
    .data                                    0x200000bc   Section        9  keypad.o(.data)
    .data                                    0x200000c6   Section        9  mcu.o(.data)
    stcAdcIrqFlag                            0x200000c9   Data           6  mcu.o(.data)
    .data                                    0x200000d0   Section      129  app_uart.o(.data)
    step                                     0x20000148   Data           1  app_uart.o(.data)
    u32cnt                                   0x2000014c   Data           4  app_uart.o(.data)
    check                                    0x20000150   Data           1  app_uart.o(.data)
    .data                                    0x20000154   Section        4  flash.o(.data)
    pfnFlashCallback                         0x20000154   Data           4  flash.o(.data)
    .data                                    0x20000158   Section       12  bt.o(.data)
    pfnTim0Callback                          0x20000158   Data           4  bt.o(.data)
    pfnTim1Callback                          0x2000015c   Data           4  bt.o(.data)
    pfnTim2Callback                          0x20000160   Data           4  bt.o(.data)
    .data                                    0x20000164   Section        4  timer3.o(.data)
    pfnTim3Callback                          0x20000164   Data           4  timer3.o(.data)
    .data                                    0x20000168   Section       56  uart.o(.data)
    m_astcUartInstanceDataLut                0x20000168   Data          56  uart.o(.data)
    .bss                                     0x200001a0   Section       20  ctrl.o(.bss)
    .bss                                     0x200001b4   Section      640  app_uart.o(.bss)
    .bss                                     0x20000434   Section       24  adc.o(.bss)
    stcAdcIrqCalbaks                         0x20000434   Data          24  adc.o(.bss)
    .bss                                     0x2000044c   Section       96  libspace.o(.bss)
    HEAP                                     0x200004b0   Section      512  startup_hc32l136.o(HEAP)
    Heap_Mem                                 0x200004b0   Data         512  startup_hc32l136.o(HEAP)
    STACK                                    0x200006b0   Section      512  startup_hc32l136.o(STACK)
    Stack_Mem                                0x200006b0   Data         512  startup_hc32l136.o(STACK)
    __initial_sp                             0x200008b0   Data           0  startup_hc32l136.o(STACK)

    Global Symbols

    Symbol Name                              Value     Ov Type        Size  Object(Section)

    BuildAttributes$$THM_ISAv3M$S$PE$A:L22$X:L11$S22$IEEE1$IW$USESV6$~STKCKD$USESV7$~SHL$OSPACE$ROPI$EBA8$UX$STANDARDLIB$REQ8$PRES8$EABIv2 0x00000000   Number         0  anon$$obj.o ABSOLUTE
    __ARM_use_no_argv                        0x00000000   Number         0  main.o ABSOLUTE
    __Vectors                                0x00000000   Data           4  startup_hc32l136.o(RESET)
    Adt_IRQHandler                            - Undefined Weak Reference
    ClkTrim_IRQHandler                        - Undefined Weak Reference
    Dma_IRQHandler                            - Undefined Weak Reference
    I2c_IRQHandler                            - Undefined Weak Reference
    Lcd_IRQHandler                            - Undefined Weak Reference
    LpTim_IRQHandler                          - Undefined Weak Reference
    LpUart_IRQHandler                         - Undefined Weak Reference
    Lvd_IRQHandler                            - Undefined Weak Reference
    Pca_IRQHandler                            - Undefined Weak Reference
    Pcnt_IRQHandler                           - Undefined Weak Reference
    Rtc_IRQHandler                            - Undefined Weak Reference
    Spi_IRQHandler                            - Undefined Weak Reference
    Vc_IRQHandler                             - Undefined Weak Reference
    Wdt_IRQHandler                            - Undefined Weak Reference
    __ARM_exceptions_init                     - Undefined Weak Reference
    __alloca_initialize                       - Undefined Weak Reference
    __arm_preinit_                            - Undefined Weak Reference
    __cpp_initialize__aeabi_                  - Undefined Weak Reference
    __cxa_finalize                            - Undefined Weak Reference
    __rt_locale                               - Undefined Weak Reference
    __sigvec_lookup                           - Undefined Weak Reference
    _atexit_init                              - Undefined Weak Reference
    _call_atexit_fns                          - Undefined Weak Reference
    _clock_init                               - Undefined Weak Reference
    _fp_trap_init                             - Undefined Weak Reference
    _fp_trap_shutdown                         - Undefined Weak Reference
    _get_lc_collate                           - Undefined Weak Reference
    _get_lc_ctype                             - Undefined Weak Reference
    _get_lc_monetary                          - Undefined Weak Reference
    _get_lc_numeric                           - Undefined Weak Reference
    _get_lc_time                              - Undefined Weak Reference
    _getenv_init                              - Undefined Weak Reference
    _handle_redirection                       - Undefined Weak Reference
    _init_alloc                               - Undefined Weak Reference
    _init_user_alloc                          - Undefined Weak Reference
    _initio                                   - Undefined Weak Reference
    _rand_init                                - Undefined Weak Reference
    _signal_finish                            - Undefined Weak Reference
    _signal_init                              - Undefined Weak Reference
    _terminate_alloc                          - Undefined Weak Reference
    _terminate_user_alloc                     - Undefined Weak Reference
    _terminateio                              - Undefined Weak Reference
    __Vectors_End                            0x000000c0   Data           0  startup_hc32l136.o(RESET)
    __Vectors_Size                           0x000000c0   Number         0  startup_hc32l136.o ABSOLUTE
    __main                                   0x000000c1   Thumb Code     8  __main.o(!!!main)
    __scatterload                            0x000000c9   Thumb Code     0  __scatter.o(!!!scatter)
    __scatterload_rt2                        0x000000c9   Thumb Code    52  __scatter.o(!!!scatter)
    __scatterload_rt2_thumb_only             0x000000c9   Thumb Code     0  __scatter.o(!!!scatter)
    __scatterload_null                       0x000000d9   Thumb Code     0  __scatter.o(!!!scatter)
    __scatterload_zeroinit                   0x00000105   Thumb Code    28  __scatter_zi.o(!!handler_zi)
    __rt_lib_init                            0x00000121   Thumb Code     0  libinit.o(.ARM.Collect$$libinit$$00000000)
    __rt_lib_init_alloca_1                   0x00000123   Thumb Code     0  libinit2.o(.ARM.Collect$$libinit$$0000002E)
    __rt_lib_init_argv_1                     0x00000123   Thumb Code     0  libinit2.o(.ARM.Collect$$libinit$$0000002C)
    __rt_lib_init_atexit_1                   0x00000123   Thumb Code     0  libinit2.o(.ARM.Collect$$libinit$$0000001B)
    __rt_lib_init_clock_1                    0x00000123   Thumb Code     0  libinit2.o(.ARM.Collect$$libinit$$00000021)
    __rt_lib_init_cpp_1                      0x00000123   Thumb Code     0  libinit2.o(.ARM.Collect$$libinit$$00000032)
    __rt_lib_init_exceptions_1               0x00000123   Thumb Code     0  libinit2.o(.ARM.Collect$$libinit$$00000030)
    __rt_lib_init_fp_1                       0x00000123   Thumb Code     0  libinit2.o(.ARM.Collect$$libinit$$00000002)
    __rt_lib_init_fp_trap_1                  0x00000123   Thumb Code     0  libinit2.o(.ARM.Collect$$libinit$$0000001F)
    __rt_lib_init_getenv_1                   0x00000123   Thumb Code     0  libinit2.o(.ARM.Collect$$libinit$$00000023)
    __rt_lib_init_heap_1                     0x00000123   Thumb Code     0  libinit2.o(.ARM.Collect$$libinit$$0000000A)
    __rt_lib_init_lc_collate_1               0x00000123   Thumb Code     0  libinit2.o(.ARM.Collect$$libinit$$00000011)
    __rt_lib_init_lc_ctype_1                 0x00000123   Thumb Code     0  libinit2.o(.ARM.Collect$$libinit$$00000013)
    __rt_lib_init_lc_monetary_1              0x00000123   Thumb Code     0  libinit2.o(.ARM.Collect$$libinit$$00000015)
    __rt_lib_init_lc_numeric_1               0x00000123   Thumb Code     0  libinit2.o(.ARM.Collect$$libinit$$00000017)
    __rt_lib_init_lc_time_1                  0x00000123   Thumb Code     0  libinit2.o(.ARM.Collect$$libinit$$00000019)
    __rt_lib_init_preinit_1                  0x00000123   Thumb Code     0  libinit2.o(.ARM.Collect$$libinit$$00000004)
    __rt_lib_init_rand_1                     0x00000123   Thumb Code     0  libinit2.o(.ARM.Collect$$libinit$$0000000E)
    __rt_lib_init_return                     0x00000123   Thumb Code     0  libinit2.o(.ARM.Collect$$libinit$$00000033)
    __rt_lib_init_signal_1                   0x00000123   Thumb Code     0  libinit2.o(.ARM.Collect$$libinit$$0000001D)
    __rt_lib_init_stdio_1                    0x00000123   Thumb Code     0  libinit2.o(.ARM.Collect$$libinit$$00000025)
    __rt_lib_init_user_alloc_1               0x00000123   Thumb Code     0  libinit2.o(.ARM.Collect$$libinit$$0000000C)
    __rt_lib_shutdown                        0x00000125   Thumb Code     0  libshutdown.o(.ARM.Collect$$libshutdown$$00000000)
    __rt_lib_shutdown_cpp_1                  0x00000127   Thumb Code     0  libshutdown2.o(.ARM.Collect$$libshutdown$$00000002)
    __rt_lib_shutdown_fp_trap_1              0x00000127   Thumb Code     0  libshutdown2.o(.ARM.Collect$$libshutdown$$00000007)
    __rt_lib_shutdown_heap_1                 0x00000127   Thumb Code     0  libshutdown2.o(.ARM.Collect$$libshutdown$$0000000F)
    __rt_lib_shutdown_return                 0x00000127   Thumb Code     0  libshutdown2.o(.ARM.Collect$$libshutdown$$00000010)
    __rt_lib_shutdown_signal_1               0x00000127   Thumb Code     0  libshutdown2.o(.ARM.Collect$$libshutdown$$0000000A)
    __rt_lib_shutdown_stdio_1                0x00000127   Thumb Code     0  libshutdown2.o(.ARM.Collect$$libshutdown$$00000004)
    __rt_lib_shutdown_user_alloc_1           0x00000127   Thumb Code     0  libshutdown2.o(.ARM.Collect$$libshutdown$$0000000C)
    __rt_entry                               0x00000129   Thumb Code     0  __rtentry.o(.ARM.Collect$$rtentry$$00000000)
    __rt_entry_presh_1                       0x00000129   Thumb Code     0  __rtentry2.o(.ARM.Collect$$rtentry$$00000002)
    __rt_entry_sh                            0x00000129   Thumb Code     0  __rtentry4.o(.ARM.Collect$$rtentry$$00000004)
    __rt_entry_li                            0x0000012f   Thumb Code     0  __rtentry2.o(.ARM.Collect$$rtentry$$0000000A)
    __rt_entry_postsh_1                      0x0000012f   Thumb Code     0  __rtentry2.o(.ARM.Collect$$rtentry$$00000009)
    __rt_entry_main                          0x00000133   Thumb Code     0  __rtentry2.o(.ARM.Collect$$rtentry$$0000000D)
    __rt_entry_postli_1                      0x00000133   Thumb Code     0  __rtentry2.o(.ARM.Collect$$rtentry$$0000000C)
    __rt_exit                                0x0000013b   Thumb Code     0  rtexit.o(.ARM.Collect$$rtexit$$00000000)
    __rt_exit_ls                             0x0000013d   Thumb Code     0  rtexit2.o(.ARM.Collect$$rtexit$$00000003)
    __rt_exit_prels_1                        0x0000013d   Thumb Code     0  rtexit2.o(.ARM.Collect$$rtexit$$00000002)
    __rt_exit_exit                           0x00000141   Thumb Code     0  rtexit2.o(.ARM.Collect$$rtexit$$00000004)
    __aeabi_memcpy4                          0x00000149   Thumb Code    56  rt_memcpy.o(.emb_text)
    __aeabi_memcpy8                          0x00000149   Thumb Code     0  rt_memcpy.o(.emb_text)
    Reset_Handler                            0x00000181   Thumb Code    26  startup_hc32l136.o(.text)
    NMI_Handler                              0x0000019b   Thumb Code     2  startup_hc32l136.o(.text)
    SVC_Handler                              0x0000019f   Thumb Code     2  startup_hc32l136.o(.text)
    PendSV_Handler                           0x000001a1   Thumb Code     2  startup_hc32l136.o(.text)
    SysTick_Handler                          0x000001a3   Thumb Code     2  startup_hc32l136.o(.text)
    __user_initial_stackheap                 0x000001a9   Thumb Code     0  startup_hc32l136.o(.text)
    __use_no_semihosting                     0x000001d9   Thumb Code     2  use_no_semi_2.o(.text)
    strncmp                                  0x000001dd   Thumb Code   154  strncmp.o(.text)
    __aeabi_memcpy                           0x0000027d   Thumb Code   130  rt_memcpy.o(.text)
    __rt_memcpy                              0x0000027d   Thumb Code     0  rt_memcpy.o(.text)
    _memset_w                                0x000002ff   Thumb Code    26  rt_memclr.o(.text)
    _memset                                  0x00000319   Thumb Code    30  rt_memclr.o(.text)
    __aeabi_memclr                           0x00000337   Thumb Code     4  rt_memclr.o(.text)
    __rt_memclr                              0x00000337   Thumb Code     0  rt_memclr.o(.text)
    __aeabi_memclr4                          0x0000033b   Thumb Code     0  rt_memclr.o(.text)
    __aeabi_memclr8                          0x0000033b   Thumb Code     0  rt_memclr.o(.text)
    __rt_memclr_w                            0x0000033b   Thumb Code     4  rt_memclr.o(.text)
    __aeabi_uidiv                            0x0000033f   Thumb Code     0  aeabi_sdiv.o(.text)
    __aeabi_uidivmod                         0x0000033f   Thumb Code    20  aeabi_sdiv.o(.text)
    __aeabi_idiv                             0x00000353   Thumb Code     0  aeabi_sdiv.o(.text)
    __aeabi_idivmod                          0x00000353   Thumb Code   326  aeabi_sdiv.o(.text)
    __use_two_region_memory                  0x00000499   Thumb Code     2  heapauxi.o(.text)
    __rt_heap_escrow$2region                 0x0000049b   Thumb Code     2  heapauxi.o(.text)
    __rt_heap_expand$2region                 0x0000049d   Thumb Code     2  heapauxi.o(.text)
    __I$use$semihosting                      0x0000049f   Thumb Code     0  use_no_semi.o(.text)
    __use_no_semihosting_swi                 0x0000049f   Thumb Code     2  use_no_semi.o(.text)
    __user_setup_stackheap                   0x000004a1   Thumb Code    62  sys_stackheap_outer.o(.text)
    exit                                     0x000004df   Thumb Code    16  exit.o(.text)
    __user_libspace                          0x000004f1   Thumb Code     8  libspace.o(.text)
    __user_perproc_libspace                  0x000004f1   Thumb Code     0  libspace.o(.text)
    __user_perthread_libspace                0x000004f1   Thumb Code     0  libspace.o(.text)
    __decompress                             0x000004f9   Thumb Code     0  __dczerorl2.o(.text)
    __decompress1                            0x000004f9   Thumb Code    86  __dczerorl2.o(.text)
    ADCStart                                 0x00000551   Thumb Code    14  mcu.o(i.ADCStart)
    ADCStop                                  0x00000565   Thumb Code     8  mcu.o(i.ADCStop)
    ALLStart                                 0x0000056d   Thumb Code    38  mcu.o(i.ALLStart)
    ALLStop                                  0x00000593   Thumb Code    32  mcu.o(i.ALLStop)
    APP_UART_1MS_HANDLE                      0x000005b5   Thumb Code    96  app_uart.o(i.APP_UART_1MS_HANDLE)
    AdcContIrqCallback                       0x0000062d   Thumb Code    20  mcu.o(i.AdcContIrqCallback)
    Adc_ConfigIrq                            0x00000649   Thumb Code   110  adc.o(i.Adc_ConfigIrq)
    Adc_ConfigSglChannel                     0x000006bd   Thumb Code    30  adc.o(i.Adc_ConfigSglChannel)
    Adc_ConfigSglMode                        0x000006e1   Thumb Code    40  adc.o(i.Adc_ConfigSglMode)
    Adc_Enable                               0x0000070d   Thumb Code    16  adc.o(i.Adc_Enable)
    Adc_EnableIrq                            0x00000721   Thumb Code    18  adc.o(i.Adc_EnableIrq)
    Adc_GetSglResult                         0x00000739   Thumb Code    24  adc.o(i.Adc_GetSglResult)
    Adc_IRQHandler                           0x00000755   Thumb Code   234  adc.o(i.Adc_IRQHandler)
    Adc_Init                                 0x00000849   Thumb Code   140  adc.o(i.Adc_Init)
    Adc_SGL_Start                            0x000008d9   Thumb Code    16  adc.o(i.Adc_SGL_Start)
    Adc_SGL_Stop                             0x000008ed   Thumb Code    14  adc.o(i.Adc_SGL_Stop)
    BoostModeHandler                         0x00000901   Thumb Code   368  ctrl.o(i.BoostModeHandler)
    Bt_ClearIntFlag                          0x00000a91   Thumb Code    22  bt.o(i.Bt_ClearIntFlag)
    Bt_GetIntFlag                            0x00000aad   Thumb Code    24  bt.o(i.Bt_GetIntFlag)
    Bt_M0_ARRSet                             0x00000ac9   Thumb Code    82  bt.o(i.Bt_M0_ARRSet)
    Bt_M0_Cnt16Set                           0x00000b29   Thumb Code    82  bt.o(i.Bt_M0_Cnt16Set)
    Bt_M0_Run                                0x00000b89   Thumb Code    24  bt.o(i.Bt_M0_Run)
    Bt_M0_Stop                               0x00000ba5   Thumb Code    22  bt.o(i.Bt_M0_Stop)
    Bt_Mode0_EnableIrq                       0x00000bc1   Thumb Code    24  bt.o(i.Bt_Mode0_EnableIrq)
    Bt_Mode0_Init                            0x00000bdd   Thumb Code   536  bt.o(i.Bt_Mode0_Init)
    CalculateConvertValue                    0x00000e0d   Thumb Code    44  ctrl.o(i.CalculateConvertValue)
    CalculateThresholdLimit                  0x00000e45   Thumb Code    44  ctrl.o(i.CalculateThresholdLimit)
    CalibrateParameter                       0x00000e7d   Thumb Code    38  ctrl.o(i.CalibrateParameter)
    CellCurrentCycleOutput                   0x00000eb5   Thumb Code   112  ctrl.o(i.CellCurrentCycleOutput)
    CellCurrentLED                           0x00000f49   Thumb Code    58  ctrl.o(i.CellCurrentLED)
    CellCurrentOutput                        0x00000f85   Thumb Code   156  ctrl.o(i.CellCurrentOutput)
    CellOutputCalibration                    0x00001051   Thumb Code   450  ctrl.o(i.CellOutputCalibration)
    CellOutputControl                        0x00001259   Thumb Code    66  ctrl.o(i.CellOutputControl)
    CellOutputCurrentAdjust                  0x000012a9   Thumb Code   412  ctrl.o(i.CellOutputCurrentAdjust)
    CellOutputCurrentAdjustAPI               0x00001475   Thumb Code   146  ctrl.o(i.CellOutputCurrentAdjustAPI)
    CellPolarityControl                      0x00001529   Thumb Code   156  ctrl.o(i.CellPolarityControl)
    CellPolarityReverse                      0x000015d1   Thumb Code    42  ctrl.o(i.CellPolarityReverse)
    CellRealCurrentDisplay                   0x00001605   Thumb Code   104  ctrl.o(i.CellRealCurrentDisplay)
    CellReverseForPCBTest                    0x0000168d   Thumb Code    64  ctrl.o(i.CellReverseForPCBTest)
    CheckWaterFlow                           0x000016d9   Thumb Code    48  ctrl.o(i.CheckWaterFlow)
    CheckWaterSaltLevel                      0x00001715   Thumb Code   140  ctrl.o(i.CheckWaterSaltLevel)
    ChlorBoostProcess                        0x000017c5   Thumb Code    84  ctrl.o(i.ChlorBoostProcess)
    ClearRunningData                         0x00001835   Thumb Code    20  ctrl.o(i.ClearRunningData)
    ComboKeyProcess                          0x0000184d   Thumb Code   122  ctrl.o(i.ComboKeyProcess)
    CtsIntCallBack                           0x000018cd   Thumb Code     2  app_uart.o(i.CtsIntCallBack)
    CurrentADCProcess                        0x000018d1   Thumb Code    76  ctrl.o(i.CurrentADCProcess)
    DataRangeCheck                           0x00001931   Thumb Code   194  ctrl.o(i.DataRangeCheck)
    Delay_ms                                 0x000019fd   Thumb Code    12  ctrl.o(i.Delay_ms)
    Deley_us                                 0x00001a09   Thumb Code    12  ctrl.o(i.Deley_us)
    EUSART_SendData                          0x00001a15   Thumb Code    22  app_uart.o(i.EUSART_SendData)
    EUSART_WIFI_INIT                         0x00001a35   Thumb Code    62  app_uart.o(i.EUSART_WIFI_INIT)
    EepromDataCheck                          0x00001a95   Thumb Code   256  ctrl.o(i.EepromDataCheck)
    Eeprom_ReadBytes                         0x00001bb1   Thumb Code    12  ctrl.o(i.Eeprom_ReadBytes)
    EnableNvic                               0x00001bbd   Thumb Code   128  interrupts_hc32l136.o(i.EnableNvic)
    ErrIntCallback                           0x00001c45   Thumb Code     2  app_uart.o(i.ErrIntCallback)
    FactoryReset                             0x00001c49   Thumb Code    26  ctrl.o(i.FactoryReset)
    FlashInt                                 0x00001c6d   Thumb Code    46  ctrl.o(i.FlashInt)
    Flash_ClearIntFlag                       0x00001c9d   Thumb Code   112  flash.o(i.Flash_ClearIntFlag)
    Flash_DisableIrq                         0x00001d19   Thumb Code   156  flash.o(i.Flash_DisableIrq)
    Flash_GetIntFlag                         0x00001dc1   Thumb Code    40  flash.o(i.Flash_GetIntFlag)
    Flash_Init                               0x00001ded   Thumb Code   672  flash.o(i.Flash_Init)
    Flash_SectorErase                        0x000020a5   Thumb Code   176  flash.o(i.Flash_SectorErase)
    Flash_WaitCycle                          0x00002165   Thumb Code   108  flash.o(i.Flash_WaitCycle)
    Flash_WriteByte                          0x000021e1   Thumb Code   176  flash.o(i.Flash_WriteByte)
    GetCellRealCurrent                       0x000022a1   Thumb Code   304  ctrl.o(i.GetCellRealCurrent)
    GetModelRatingCurrent                    0x0000240d   Thumb Code    92  ctrl.o(i.GetModelRatingCurrent)
    Gpio_ClearIrq                            0x00002491   Thumb Code    24  gpio.o(i.Gpio_ClearIrq)
    Gpio_ClrIO                               0x000024ad   Thumb Code    24  gpio.o(i.Gpio_ClrIO)
    Gpio_EnableIrq                           0x000024c9   Thumb Code    24  gpio.o(i.Gpio_EnableIrq)
    Gpio_GetInputIO                          0x000024e1   Thumb Code    16  gpio.o(i.Gpio_GetInputIO)
    Gpio_GetIrqStatus                        0x000024f5   Thumb Code    16  gpio.o(i.Gpio_GetIrqStatus)
    Gpio_IRQHandler                          0x00002509   Thumb Code    76  mcu.o(i.Gpio_IRQHandler)
    Gpio_Init                                0x00002561   Thumb Code   300  gpio.o(i.Gpio_Init)
    Gpio_ReadOutputIO                        0x00002699   Thumb Code    16  gpio.o(i.Gpio_ReadOutputIO)
    Gpio_SetAfMode                           0x000026ad   Thumb Code    16  gpio.o(i.Gpio_SetAfMode)
    Gpio_SetAnalogMode                       0x000026c1   Thumb Code    24  gpio.o(i.Gpio_SetAnalogMode)
    Gpio_SetIO                               0x000026dd   Thumb Code    24  gpio.o(i.Gpio_SetIO)
    HardFault_Handler                        0x000026f9   Thumb Code    16  interrupts_hc32l136.o(i.HardFault_Handler)
    IOTEventHandler                          0x00002709   Thumb Code   230  app_uart.o(i.IOTEventHandler)
    IOTHandler                               0x00002841   Thumb Code    24  app_uart.o(i.IOTHandler)
    IOTMessageQueueHandler                   0x0000285d   Thumb Code    58  app_uart.o(i.IOTMessageQueueHandler)
    IOTRESTARTIDLEFUN                        0x00002899   Thumb Code    24  app_uart.o(i.IOTRESTARTIDLEFUN)
    IOTRESTARTSTOPFUN                        0x000028bd   Thumb Code    20  app_uart.o(i.IOTRESTARTSTOPFUN)
    IOTUartQueueInit                         0x000028dd   Thumb Code    12  app_uart.o(i.IOTUartQueueInit)
    IOTUartQueuePop                          0x000028f5   Thumb Code    60  app_uart.o(i.IOTUartQueuePop)
    IOTUartQueuePush                         0x00002939   Thumb Code   114  app_uart.o(i.IOTUartQueuePush)
    IOTUartQueueioifempty                    0x000029bd   Thumb Code    18  app_uart.o(i.IOTUartQueueioifempty)
    IOT_RESOLVE_KEY                          0x000029d5   Thumb Code    30  app_uart.o(i.IOT_RESOLVE_KEY)
    IOT_RESOLVE_WIFI_DATA                    0x000029f9   Thumb Code   370  app_uart.o(i.IOT_RESOLVE_WIFI_DATA)
    IOT_RESOLVE_WIFI_ONLINE                  0x00002bf1   Thumb Code    70  app_uart.o(i.IOT_RESOLVE_WIFI_ONLINE)
    IRQ000_Handler                           0x00002c61   Thumb Code    10  interrupts_hc32l136.o(i.IRQ000_Handler)
    IRQ001_Handler                           0x00002c6b   Thumb Code    10  interrupts_hc32l136.o(i.IRQ001_Handler)
    IRQ002_Handler                           0x00002c75   Thumb Code    10  interrupts_hc32l136.o(i.IRQ002_Handler)
    IRQ003_Handler                           0x00002c7f   Thumb Code    10  interrupts_hc32l136.o(i.IRQ003_Handler)
    IRQ004_Handler                           0x00002c89   Thumb Code    10  interrupts_hc32l136.o(i.IRQ004_Handler)
    IRQ005_Handler                           0x00002c93   Thumb Code    10  interrupts_hc32l136.o(i.IRQ005_Handler)
    IRQ006_Handler                           0x00002c9d   Thumb Code    10  interrupts_hc32l136.o(i.IRQ006_Handler)
    IRQ007_Handler                           0x00002ca7   Thumb Code    10  interrupts_hc32l136.o(i.IRQ007_Handler)
    IRQ008_Handler                           0x00002cb1   Thumb Code    10  interrupts_hc32l136.o(i.IRQ008_Handler)
    IRQ009_Handler                           0x00002cbb   Thumb Code    10  interrupts_hc32l136.o(i.IRQ009_Handler)
    IRQ010_Handler                           0x00002cc5   Thumb Code    10  interrupts_hc32l136.o(i.IRQ010_Handler)
    IRQ011_Handler                           0x00002ccf   Thumb Code    10  interrupts_hc32l136.o(i.IRQ011_Handler)
    IRQ012_Handler                           0x00002cd9   Thumb Code    10  interrupts_hc32l136.o(i.IRQ012_Handler)
    IRQ013_Handler                           0x00002ce3   Thumb Code    10  interrupts_hc32l136.o(i.IRQ013_Handler)
    IRQ014_Handler                           0x00002ced   Thumb Code    10  interrupts_hc32l136.o(i.IRQ014_Handler)
    IRQ015_Handler                           0x00002cf7   Thumb Code    10  interrupts_hc32l136.o(i.IRQ015_Handler)
    IRQ016_Handler                           0x00002d01   Thumb Code    10  interrupts_hc32l136.o(i.IRQ016_Handler)
    IRQ017_Handler                           0x00002d0b   Thumb Code    10  interrupts_hc32l136.o(i.IRQ017_Handler)
    IRQ018_Handler                           0x00002d15   Thumb Code    10  interrupts_hc32l136.o(i.IRQ018_Handler)
    IRQ019_Handler                           0x00002d1f   Thumb Code    10  interrupts_hc32l136.o(i.IRQ019_Handler)
    IRQ020_Handler                           0x00002d29   Thumb Code    10  interrupts_hc32l136.o(i.IRQ020_Handler)
    IRQ021_Handler                           0x00002d33   Thumb Code    10  interrupts_hc32l136.o(i.IRQ021_Handler)
    IRQ022_Handler                           0x00002d3d   Thumb Code    10  interrupts_hc32l136.o(i.IRQ022_Handler)
    IRQ023_Handler                           0x00002d47   Thumb Code    10  interrupts_hc32l136.o(i.IRQ023_Handler)
    IRQ024_Handler                           0x00002d51   Thumb Code    10  interrupts_hc32l136.o(i.IRQ024_Handler)
    IRQ025_Handler                           0x00002d5b   Thumb Code    10  interrupts_hc32l136.o(i.IRQ025_Handler)
    IRQ026_Handler                           0x00002d65   Thumb Code    10  interrupts_hc32l136.o(i.IRQ026_Handler)
    IRQ027_Handler                           0x00002d6f   Thumb Code    10  interrupts_hc32l136.o(i.IRQ027_Handler)
    IRQ028_Handler                           0x00002d79   Thumb Code    10  interrupts_hc32l136.o(i.IRQ028_Handler)
    IRQ029_Handler                           0x00002d83   Thumb Code    10  interrupts_hc32l136.o(i.IRQ029_Handler)
    IRQ030_Handler                           0x00002d8d   Thumb Code    10  interrupts_hc32l136.o(i.IRQ030_Handler)
    IRQ031_Handler                           0x00002d97   Thumb Code    10  interrupts_hc32l136.o(i.IRQ031_Handler)
    Init_ADC                                 0x00002da1   Thumb Code   186  mcu.o(i.Init_ADC)
    Init_APP_Uart                            0x00002e69   Thumb Code   200  app_uart.o(i.Init_APP_Uart)
    Init_IOPorts                             0x00002f45   Thumb Code   382  mcu.o(i.Init_IOPorts)
    Init_OscFrequency                        0x000030c3   Thumb Code    30  mcu.o(i.Init_OscFrequency)
    Init_Timer                               0x000030e1   Thumb Code   278  mcu.o(i.Init_Timer)
    KeyDetect                                0x00003211   Thumb Code   274  keypad.o(i.KeyDetect)
    KeyDetectTimer                           0x00003349   Thumb Code    20  keypad.o(i.KeyDetectTimer)
    KeyHandler                               0x00003361   Thumb Code   130  keypad.o(i.KeyHandler)
    KeyScanStatus                            0x000033f9   Thumb Code    48  keypad.o(i.KeyScanStatus)
    KeyVariableInitial                       0x00003429   Thumb Code    46  keypad.o(i.KeyVariableInitial)
    LEDALLControl                            0x0000347d   Thumb Code   204  ctrl.o(i.LEDALLControl)
    LEDControl                               0x00003549   Thumb Code   420  ctrl.o(i.LEDControl)
    LEDDisplayHexValue                       0x000036ed   Thumb Code    52  ctrl.o(i.LEDDisplayHexValue)
    LEDFlashDisplay                          0x00003721   Thumb Code   104  ctrl.o(i.LEDFlashDisplay)
    LEDFlashSetting                          0x00003795   Thumb Code    42  ctrl.o(i.LEDFlashSetting)
    MCU_Initialize                           0x000037c5   Thumb Code    34  mcu.o(i.MCU_Initialize)
    MainTimerHandler                         0x000037e9   Thumb Code    86  ctrl.o(i.MainTimerHandler)
    ModelChangeLED                           0x00003851   Thumb Code    44  ctrl.o(i.ModelChangeLED)
    ModelSelectKeyProcess                    0x00003881   Thumb Code    82  ctrl.o(i.ModelSelectKeyProcess)
    PErrIntCallBack                          0x000038dd   Thumb Code     2  app_uart.o(i.PErrIntCallBack)
    PWMStart                                 0x000038df   Thumb Code    34  mcu.o(i.PWMStart)
    PWMStop                                  0x00003901   Thumb Code    46  mcu.o(i.PWMStop)
    PowerOffLED                              0x00003931   Thumb Code    14  ctrl.o(i.PowerOffLED)
    PowerOnInitialize                        0x00003945   Thumb Code    56  ctrl.o(i.PowerOnInitialize)
    PowerOnLED                               0x00003985   Thumb Code    42  ctrl.o(i.PowerOnLED)
    PowerupFunctionModeSelect                0x000039b1   Thumb Code   434  ctrl.o(i.PowerupFunctionModeSelect)
    ProcessHandler                           0x00003b91   Thumb Code   528  ctrl.o(i.ProcessHandler)
    ReadCellPolarity                         0x00003df9   Thumb Code    14  ctrl.o(i.ReadCellPolarity)
    ReadKey                                  0x00003e0d   Thumb Code    40  keypad.o(i.ReadKey)
    ReverseLEDDisplay                        0x00003e35   Thumb Code    54  ctrl.o(i.ReverseLEDDisplay)
    ReverseTimeSettingKeyProcess             0x00003e71   Thumb Code    94  ctrl.o(i.ReverseTimeSettingKeyProcess)
    RunningLEDDisplay                        0x00003edd   Thumb Code   176  ctrl.o(i.RunningLEDDisplay)
    RunningTimeKeyProcess                    0x00003fa1   Thumb Code   198  ctrl.o(i.RunningTimeKeyProcess)
    RxIntCallback                            0x00004085   Thumb Code    52  app_uart.o(i.RxIntCallback)
    SWVersionDisplay                         0x000040c5   Thumb Code   238  ctrl.o(i.SWVersionDisplay)
    SaveCalValueByDirection                  0x000041bd   Thumb Code    52  ctrl.o(i.SaveCalValueByDirection)
    SaveCellCurrent                          0x00004201   Thumb Code    22  ctrl.o(i.SaveCellCurrent)
    SaveCellReverseSetting                   0x00004225   Thumb Code    34  ctrl.o(i.SaveCellReverseSetting)
    SaveCellReverseTime                      0x00004251   Thumb Code    22  ctrl.o(i.SaveCellReverseTime)
    SaveCellRunningMinutes                   0x00004275   Thumb Code    22  ctrl.o(i.SaveCellRunningMinutes)
    SaveCellRunningTime                      0x00004299   Thumb Code    52  ctrl.o(i.SaveCellRunningTime)
    SaveDataToArea                           0x000042d9   Thumb Code   134  ctrl.o(i.SaveDataToArea)
    SaveEventProcess                         0x00004365   Thumb Code   134  ctrl.o(i.SaveEventProcess)
    SaveModelNumber                          0x000043f9   Thumb Code    34  ctrl.o(i.SaveModelNumber)
    SaveTestModeFlag                         0x00004425   Thumb Code    22  ctrl.o(i.SaveTestModeFlag)
    SerivceReset                             0x00004449   Thumb Code    48  ctrl.o(i.SerivceReset)
    SetToDefault                             0x00004489   Thumb Code    52  ctrl.o(i.SetToDefault)
    SpecialSecretCodeProcess                 0x000044c5   Thumb Code   194  ctrl.o(i.SpecialSecretCodeProcess)
    StartTimer1                              0x000045b1   Thumb Code    10  mcu.o(i.StartTimer1)
    StopTimer1                               0x000045bb   Thumb Code    10  mcu.o(i.StopTimer1)
    Sysctrl_ClkInit                          0x000045c5   Thumb Code   106  sysctrl.o(i.Sysctrl_ClkInit)
    Sysctrl_ClkSourceEnable                  0x00004631   Thumb Code   312  sysctrl.o(i.Sysctrl_ClkSourceEnable)
    Sysctrl_GetHClkFreq                      0x00004771   Thumb Code   354  sysctrl.o(i.Sysctrl_GetHClkFreq)
    Sysctrl_GetPClkFreq                      0x000048e5   Thumb Code    28  sysctrl.o(i.Sysctrl_GetPClkFreq)
    Sysctrl_SetHCLKDiv                       0x00004905   Thumb Code    38  sysctrl.o(i.Sysctrl_SetHCLKDiv)
    Sysctrl_SetPCLKDiv                       0x00004931   Thumb Code    38  sysctrl.o(i.Sysctrl_SetPCLKDiv)
    Sysctrl_SetPLLStableTime                 0x0000495d   Thumb Code    32  sysctrl.o(i.Sysctrl_SetPLLStableTime)
    Sysctrl_SetPeripheralGate                0x00004981   Thumb Code    54  sysctrl.o(i.Sysctrl_SetPeripheralGate)
    Sysctrl_SetRCHTrim                       0x000049bd   Thumb Code   148  sysctrl.o(i.Sysctrl_SetRCHTrim)
    Sysctrl_SetRCLStableTime                 0x00004a59   Thumb Code    32  sysctrl.o(i.Sysctrl_SetRCLStableTime)
    Sysctrl_SetXTHStableTime                 0x00004a7d   Thumb Code    28  sysctrl.o(i.Sysctrl_SetXTHStableTime)
    Sysctrl_SetXTLStableTime                 0x00004a9d   Thumb Code    28  sysctrl.o(i.Sysctrl_SetXTLStableTime)
    Sysctrl_SysClkSwitch                     0x00004abd   Thumb Code    40  sysctrl.o(i.Sysctrl_SysClkSwitch)
    Sysctrl_XTHDriverConfig                  0x00004ae9   Thumb Code    24  sysctrl.o(i.Sysctrl_XTHDriverConfig)
    Sysctrl_XTLDriverConfig                  0x00004b05   Thumb Code    46  sysctrl.o(i.Sysctrl_XTLDriverConfig)
    SystemCoreClockUpdate                    0x00004b39   Thumb Code    12  system_hc32l136.o(i.SystemCoreClockUpdate)
    SystemInit                               0x00004b49   Thumb Code    30  system_hc32l136.o(i.SystemInit)
    Tim0Int                                  0x00004b71   Thumb Code    32  mcu.o(i.Tim0Int)
    Tim1Int                                  0x00004b91   Thumb Code    28  mcu.o(i.Tim1Int)
    Tim3Int                                  0x00004bad   Thumb Code    74  mcu.o(i.Tim3Int)
    Tim3_ClearIntFlag                        0x00004c01   Thumb Code    16  timer3.o(i.Tim3_ClearIntFlag)
    Tim3_GetIntFlag                          0x00004c15   Thumb Code    18  timer3.o(i.Tim3_GetIntFlag)
    Tim3_IRQHandler                          0x00004c2d   Thumb Code    30  timer3.o(i.Tim3_IRQHandler)
    Tim3_M0_ARRSet                           0x00004c51   Thumb Code    22  timer3.o(i.Tim3_M0_ARRSet)
    Tim3_M0_Cnt16Set                         0x00004c6d   Thumb Code    22  timer3.o(i.Tim3_M0_Cnt16Set)
    Tim3_M0_Run                              0x00004c89   Thumb Code    18  timer3.o(i.Tim3_M0_Run)
    Tim3_M0_Stop                             0x00004ca1   Thumb Code    16  timer3.o(i.Tim3_M0_Stop)
    Tim3_Mode0_DisableIrq                    0x00004cb5   Thumb Code    18  timer3.o(i.Tim3_Mode0_DisableIrq)
    Tim3_Mode0_EnableIrq                     0x00004ccd   Thumb Code    20  timer3.o(i.Tim3_Mode0_EnableIrq)
    Tim3_Mode0_Init                          0x00004ce5   Thumb Code   174  timer3.o(i.Tim3_Mode0_Init)
    Tim_IRQHandler                           0x00004d9d   Thumb Code    72  bt.o(i.Tim_IRQHandler)
    TxIntCallback                            0x00004df1   Thumb Code    16  app_uart.o(i.TxIntCallback)
    UartSendString                           0x00004ebd   Thumb Code    44  app_uart.o(i.UartSendString)
    Uart_CalScnt                             0x00004ee9   Thumb Code   104  uart.o(i.Uart_CalScnt)
    Uart_ClrStatus                           0x00004f51   Thumb Code   116  uart.o(i.Uart_ClrStatus)
    Uart_EnableFunc                          0x00004fc5   Thumb Code   136  uart.o(i.Uart_EnableFunc)
    Uart_EnableIrq                           0x0000504d   Thumb Code   154  uart.o(i.Uart_EnableIrq)
    Uart_IRQHandler                          0x000050e7   Thumb Code   178  uart.o(i.Uart_IRQHandler)
    Uart_Init                                0x00005199   Thumb Code   132  uart.o(i.Uart_Init)
    Uart_PortInit                            0x0000521d   Thumb Code    64  app_uart.o(i.Uart_PortInit)
    Uart_ReceiveData                         0x0000525d   Thumb Code    30  uart.o(i.Uart_ReceiveData)
    Uart_SetBaud                             0x0000527b   Thumb Code    24  uart.o(i.Uart_SetBaud)
    Uart_SetClkDiv                           0x00005293   Thumb Code    44  uart.o(i.Uart_SetClkDiv)
    Uart_SetMMDOrCk                          0x000052bf   Thumb Code    48  uart.o(i.Uart_SetMMDOrCk)
    Uart_SetMode                             0x000052ef   Thumb Code    48  uart.o(i.Uart_SetMode)
    Uart_SetMultiMode                        0x0000531f   Thumb Code    72  uart.o(i.Uart_SetMultiMode)
    Uart_SetStopBit                          0x00005367   Thumb Code    70  uart.o(i.Uart_SetStopBit)
    UpdateRunningData                        0x000053ad   Thumb Code    48  ctrl.o(i.UpdateRunningData)
    UpdateUserData                           0x000053e9   Thumb Code    74  ctrl.o(i.UpdateUserData)
    WaterFlowFaultProcess                    0x0000545d   Thumb Code   190  ctrl.o(i.WaterFlowFaultProcess)
    __ARM_common_switch8                     0x0000562d   Thumb Code    28  ctrl.o(i.__ARM_common_switch8)
    _sys_exit                                0x00005751   Thumb Code     4  ddl.o(i._sys_exit)
    ddl_memclr                               0x00005755   Thumb Code    32  ddl.o(i.ddl_memclr)
    delay100us                               0x00005775   Thumb Code    74  ddl.o(i.delay100us)
    delay10us                                0x000057d1   Thumb Code    74  ddl.o(i.delay10us)
    delay1ms                                 0x0000582d   Thumb Code    76  ddl.o(i.delay1ms)
    main                                     0x00005885   Thumb Code    28  main.o(i.main)
    Region$$Table$$Base                      0x00005928   Number         0  anon$$obj.o(Region$$Table)
    Region$$Table$$Limit                     0x00005948   Number         0  anon$$obj.o(Region$$Table)
    SystemCoreClock                          0x20000000   Data           4  system_hc32l136.o(.data)
    LimitDutyTab                             0x20000004   Data           8  ctrl.o(.data)
    BoostDutyTab                             0x2000000c   Data           8  ctrl.o(.data)
    LimitCurrentTab                          0x20000014   Data           2  ctrl.o(.data)
    BoostCurrentTab                          0x20000016   Data           2  ctrl.o(.data)
    bDoBoostModeFlag                         0x20000018   Data           1  ctrl.o(.data)
    bOneSecondFlag                           0x20000019   Data           1  ctrl.o(.data)
    bLEDFlashFlag                            0x2000001a   Data           1  ctrl.o(.data)
    bCalibrationFlag                         0x2000001b   Data           1  ctrl.o(.data)
    bLowOutputFlag                           0x2000001c   Data           1  ctrl.o(.data)
    bTimer3EnableFlag                        0x2000001d   Data           1  ctrl.o(.data)
    bADCDoneFlag                             0x2000001e   Data           1  ctrl.o(.data)
    bProtectFlag                             0x2000001f   Data           1  ctrl.o(.data)
    bLEDONFlag                               0x20000020   Data           1  ctrl.o(.data)
    bADCUpdateFlag                           0x20000021   Data           1  ctrl.o(.data)
    bWFProcessFlag                           0x20000022   Data           1  ctrl.o(.data)
    bTimeAdjustFlag                          0x20000023   Data           1  ctrl.o(.data)
    bReturnFlag                              0x20000024   Data           1  ctrl.o(.data)
    bCalibrateMode                           0x20000025   Data           1  ctrl.o(.data)
    bResetMode                               0x20000026   Data           1  ctrl.o(.data)
    bFineTuneFlag                            0x20000027   Data           1  ctrl.o(.data)
    bOutputFlag                              0x20000028   Data           1  ctrl.o(.data)
    bStopOutputFlag                          0x20000029   Data           1  ctrl.o(.data)
    bFastRevserseMode                        0x2000002a   Data           1  ctrl.o(.data)
    ucModelNumber                            0x2000002b   Data           1  ctrl.o(.data)
    ucCellPolarity                           0x2000002c   Data           1  ctrl.o(.data)
    ucCellCurrent                            0x2000002d   Data           1  ctrl.o(.data)
    ucPrevCellCurrent                        0x2000002e   Data           1  ctrl.o(.data)
    ucOriginalCurrent                        0x2000002f   Data           1  ctrl.o(.data)
    ucMaxDisplayCurrent                      0x20000030   Data           1  ctrl.o(.data)
    ucBoostStatus                            0x20000031   Data           1  ctrl.o(.data)
    bPermanentBoostMode                      0x20000032   Data           1  ctrl.o(.data)
    ucPermanentBoostCnt                      0x20000033   Data           1  ctrl.o(.data)
    ucADCCounter                             0x20000034   Data           1  ctrl.o(.data)
    ucDisplayWaitTimerCnt                    0x20000035   Data           1  ctrl.o(.data)
    ucPCBTestTimerCnt                        0x20000036   Data           1  ctrl.o(.data)
    ucFunctionMode                           0x20000037   Data           1  ctrl.o(.data)
    ucCellReverseSetting                     0x20000038   Data           1  ctrl.o(.data)
    ucCellReverseTime                        0x20000039   Data           1  ctrl.o(.data)
    ucTimer0Counter                          0x2000003a   Data           1  ctrl.o(.data)
    ucSecondCounter                          0x2000003b   Data           1  ctrl.o(.data)
    bTestModeFlag                            0x2000003c   Data           1  ctrl.o(.data)
    ucStableCnt                              0x2000003d   Data           1  ctrl.o(.data)
    ucCurrentCalValue                        0x2000003e   Data           1  ctrl.o(.data)
    ucFCurrentCalValue                       0x2000003f   Data           1  ctrl.o(.data)
    ucRCurrentCalValue                       0x20000040   Data           1  ctrl.o(.data)
    ucConvertGain                            0x20000041   Data           2  ctrl.o(.data)
    ucPeriodCnt                              0x20000043   Data           1  ctrl.o(.data)
    ucInWaterCounter                         0x20000044   Data           1  ctrl.o(.data)
    ucWaterFlowCounter                       0x20000045   Data           1  ctrl.o(.data)
    ucWaterFlowStatus                        0x20000046   Data           1  ctrl.o(.data)
    ucNewWaterFlowStatus                     0x20000047   Data           1  ctrl.o(.data)
    ucDigit                                  0x20000048   Data           1  ctrl.o(.data)
    ucRunningMins                            0x20000049   Data           1  ctrl.o(.data)
    ucRunningHours                           0x2000004a   Data           6  ctrl.o(.data)
    ucNumber                                 0x20000050   Data           6  ctrl.o(.data)
    ucSecretCode                             0x20000056   Data           1  ctrl.o(.data)
    ucCalibrateTimeCnt                       0x20000057   Data           1  ctrl.o(.data)
    ucGainValue                              0x20000058   Data           4  ctrl.o(.data)
    ucSaveType                               0x2000005c   Data           1  ctrl.o(.data)
    uiCellRealCurrent                        0x20000060   Data           4  ctrl.o(.data)
    uiLimitCurrent                           0x20000064   Data           4  ctrl.o(.data)
    iADCSum                                  0x20000068   Data           4  ctrl.o(.data)
    iSaveCounter                             0x2000006c   Data           4  ctrl.o(.data)
    uiBoostCounter                           0x20000070   Data           4  ctrl.o(.data)
    uiLEDFlashStatus                         0x20000074   Data           4  ctrl.o(.data)
    iADCData                                 0x20000078   Data           4  ctrl.o(.data)
    uiMAX                                    0x2000007c   Data           4  ctrl.o(.data)
    uiMIN                                    0x20000080   Data           4  ctrl.o(.data)
    uiSum                                    0x20000084   Data           4  ctrl.o(.data)
    uiStdH                                   0x20000088   Data           4  ctrl.o(.data)
    uiStdL                                   0x2000008c   Data           4  ctrl.o(.data)
    ulSum                                    0x20000090   Data           4  ctrl.o(.data)
    uiCurrentADC                             0x20000094   Data           4  ctrl.o(.data)
    ucVersionNum                             0x20000098   Data           1  ctrl.o(.data)
    ucVersionNum2                            0x20000099   Data           1  ctrl.o(.data)
    Version                                  0x2000009a   Data           4  ctrl.o(.data)
    uiCurrentDuty                            0x200000a0   Data           4  ctrl.o(.data)
    uiPWMHCnt                                0x200000a4   Data           4  ctrl.o(.data)
    uiPWMLCnt                                0x200000a8   Data           4  ctrl.o(.data)
    uiPWMPeriod                              0x200000ac   Data           4  ctrl.o(.data)
    uiCurrentMaxDuty                         0x200000b0   Data           4  ctrl.o(.data)
    uiOutputCounter                          0x200000b4   Data           4  ctrl.o(.data)
    uiOutputTime                             0x200000b8   Data           4  ctrl.o(.data)
    g_bKeyDetect                             0x200000bc   Data           1  keypad.o(.data)
    g_bKeyRepeat                             0x200000bd   Data           1  keypad.o(.data)
    g_bKey1stRepeat                          0x200000be   Data           1  keypad.o(.data)
    g_bKeyCheckRepeat                        0x200000bf   Data           1  keypad.o(.data)
    g_bFastRepeat                            0x200000c0   Data           1  keypad.o(.data)
    g_ucKeyCounter                           0x200000c1   Data           1  keypad.o(.data)
    g_ucKeyDebounce                          0x200000c2   Data           1  keypad.o(.data)
    g_LastKeyStatus                          0x200000c3   Data           1  keypad.o(.data)
    g_KeyCode                                0x200000c4   Data           1  keypad.o(.data)
    u16AdcRestult0                           0x200000c6   Data           2  mcu.o(.data)
    ucTestCnt                                0x200000c8   Data           1  mcu.o(.data)
    IOT_KEY                                  0x200000d0   Data           1  app_uart.o(.data)
    POWER_ON                                 0x200000d1   Data           1  app_uart.o(.data)
    bTX_DONE                                 0x200000d2   Data           1  app_uart.o(.data)
    u8RX_BUFF_CNT                            0x200000d3   Data           1  app_uart.o(.data)
    BASE_CNT                                 0x200000d4   Data           1  app_uart.o(.data)
    READY_SEND_DEGUE                         0x200000d5   Data           1  app_uart.o(.data)
    u8TxData                                 0x200000d6   Data          44  app_uart.o(.data)
    u8TxCnt                                  0x20000102   Data           1  app_uart.o(.data)
    u8RX_RECIEVE_CNT                         0x20000103   Data           1  app_uart.o(.data)
    tx_send                                  0x20000104   Data           1  app_uart.o(.data)
    rx_reci                                  0x20000105   Data           1  app_uart.o(.data)
    IOTQueueKeyCnt                           0x20000106   Data           1  app_uart.o(.data)
    IOTQueueKey                              0x20000107   Data           3  app_uart.o(.data)
    IOTQueueKeyLen                           0x2000010a   Data           1  app_uart.o(.data)
    Status4G                                 0x2000010b   Data           1  app_uart.o(.data)
    StatusSIM                                0x2000010c   Data           1  app_uart.o(.data)
    IOKeepOnlineCnt                          0x2000010d   Data           1  app_uart.o(.data)
    IOTRESTARTCNT                            0x2000010e   Data           1  app_uart.o(.data)
    IOTRESTARTSTEP                           0x2000010f   Data           1  app_uart.o(.data)
    IOTRESTARTFlag                           0x20000110   Data           1  app_uart.o(.data)
    pEusartQueueStorage                      0x20000114   Data           4  app_uart.o(.data)
    pEusartQueueResolve                      0x20000118   Data           4  app_uart.o(.data)
    IotwifiWaitStatus                        0x2000011c   Data           1  app_uart.o(.data)
    RESIVE_UAER_KEY                          0x2000011d   Data           1  app_uart.o(.data)
    KEY_USART_MAP                            0x2000011e   Data           3  app_uart.o(.data)
    AT_CMD                                   0x20000124   Data          28  app_uart.o(.data)
    bIotWifiWaitCheck                        0x20000140   Data           1  app_uart.o(.data)
    eIOTEVENT                                0x20000141   Data           1  app_uart.o(.data)
    ucIOTEVENTMessage                        0x20000142   Data           1  app_uart.o(.data)
    uiIOTEVENTCNT                            0x20000144   Data           4  app_uart.o(.data)
    ucData                                   0x200001a0   Data          20  ctrl.o(.bss)
    u8RX_BUFF                                0x200001b4   Data         100  app_uart.o(.bss)
    UartQueueBuff                            0x20000218   Data         405  app_uart.o(.bss)
    TCP                                      0x200003ad   Data         102  app_uart.o(.bss)
    NETWORK_STATUE                           0x20000414   Data          32  app_uart.o(.bss)
    __libspace_start                         0x2000044c   Data          96  libspace.o(.bss)
    __temporary_stack_top$libspace           0x200004ac   Data           0  libspace.o(.bss)



==============================================================================

Memory Map of the image

  Image Entry point : 0x000000c1

  Load Region LR_IROM1 (Base: 0x00000000, Size: 0x00005ae8, Max: 0x00010000, ABSOLUTE, COMPRESSED[0x0000599c])

    Execution Region ER_IROM1 (Exec base: 0x00000000, Load base: 0x00000000, Size: 0x00005948, Max: 0x00010000, ABSOLUTE)

    Exec Addr    Load Addr    Size         Type   Attr      Idx    E Section Name        Object

    0x00000000   0x00000000   0x000000c0   Data   RO            3    RESET               startup_hc32l136.o
    0x000000c0   0x000000c0   0x00000008   Code   RO         3175  * !!!main             c_p.l(__main.o)
    0x000000c8   0x000000c8   0x0000003c   Code   RO         3342    !!!scatter          c_p.l(__scatter.o)
    0x00000104   0x00000104   0x0000001c   Code   RO         3344    !!handler_zi        c_p.l(__scatter_zi.o)
    0x00000120   0x00000120   0x00000002   Code   RO         3215    .ARM.Collect$$libinit$$00000000  c_p.l(libinit.o)
    0x00000122   0x00000122   0x00000000   Code   RO         3229    .ARM.Collect$$libinit$$00000002  c_p.l(libinit2.o)
    0x00000122   0x00000122   0x00000000   Code   RO         3231    .ARM.Collect$$libinit$$00000004  c_p.l(libinit2.o)
    0x00000122   0x00000122   0x00000000   Code   RO         3234    .ARM.Collect$$libinit$$0000000A  c_p.l(libinit2.o)
    0x00000122   0x00000122   0x00000000   Code   RO         3236    .ARM.Collect$$libinit$$0000000C  c_p.l(libinit2.o)
    0x00000122   0x00000122   0x00000000   Code   RO         3238    .ARM.Collect$$libinit$$0000000E  c_p.l(libinit2.o)
    0x00000122   0x00000122   0x00000000   Code   RO         3241    .ARM.Collect$$libinit$$00000011  c_p.l(libinit2.o)
    0x00000122   0x00000122   0x00000000   Code   RO         3243    .ARM.Collect$$libinit$$00000013  c_p.l(libinit2.o)
    0x00000122   0x00000122   0x00000000   Code   RO         3245    .ARM.Collect$$libinit$$00000015  c_p.l(libinit2.o)
    0x00000122   0x00000122   0x00000000   Code   RO         3247    .ARM.Collect$$libinit$$00000017  c_p.l(libinit2.o)
    0x00000122   0x00000122   0x00000000   Code   RO         3249    .ARM.Collect$$libinit$$00000019  c_p.l(libinit2.o)
    0x00000122   0x00000122   0x00000000   Code   RO         3251    .ARM.Collect$$libinit$$0000001B  c_p.l(libinit2.o)
    0x00000122   0x00000122   0x00000000   Code   RO         3253    .ARM.Collect$$libinit$$0000001D  c_p.l(libinit2.o)
    0x00000122   0x00000122   0x00000000   Code   RO         3255    .ARM.Collect$$libinit$$0000001F  c_p.l(libinit2.o)
    0x00000122   0x00000122   0x00000000   Code   RO         3257    .ARM.Collect$$libinit$$00000021  c_p.l(libinit2.o)
    0x00000122   0x00000122   0x00000000   Code   RO         3259    .ARM.Collect$$libinit$$00000023  c_p.l(libinit2.o)
    0x00000122   0x00000122   0x00000000   Code   RO         3261    .ARM.Collect$$libinit$$00000025  c_p.l(libinit2.o)
    0x00000122   0x00000122   0x00000000   Code   RO         3265    .ARM.Collect$$libinit$$0000002C  c_p.l(libinit2.o)
    0x00000122   0x00000122   0x00000000   Code   RO         3267    .ARM.Collect$$libinit$$0000002E  c_p.l(libinit2.o)
    0x00000122   0x00000122   0x00000000   Code   RO         3269    .ARM.Collect$$libinit$$00000030  c_p.l(libinit2.o)
    0x00000122   0x00000122   0x00000000   Code   RO         3271    .ARM.Collect$$libinit$$00000032  c_p.l(libinit2.o)
    0x00000122   0x00000122   0x00000002   Code   RO         3272    .ARM.Collect$$libinit$$00000033  c_p.l(libinit2.o)
    0x00000124   0x00000124   0x00000002   Code   RO         3296    .ARM.Collect$$libshutdown$$00000000  c_p.l(libshutdown.o)
    0x00000126   0x00000126   0x00000000   Code   RO         3322    .ARM.Collect$$libshutdown$$00000002  c_p.l(libshutdown2.o)
    0x00000126   0x00000126   0x00000000   Code   RO         3324    .ARM.Collect$$libshutdown$$00000004  c_p.l(libshutdown2.o)
    0x00000126   0x00000126   0x00000000   Code   RO         3327    .ARM.Collect$$libshutdown$$00000007  c_p.l(libshutdown2.o)
    0x00000126   0x00000126   0x00000000   Code   RO         3330    .ARM.Collect$$libshutdown$$0000000A  c_p.l(libshutdown2.o)
    0x00000126   0x00000126   0x00000000   Code   RO         3332    .ARM.Collect$$libshutdown$$0000000C  c_p.l(libshutdown2.o)
    0x00000126   0x00000126   0x00000000   Code   RO         3335    .ARM.Collect$$libshutdown$$0000000F  c_p.l(libshutdown2.o)
    0x00000126   0x00000126   0x00000002   Code   RO         3336    .ARM.Collect$$libshutdown$$00000010  c_p.l(libshutdown2.o)
    0x00000128   0x00000128   0x00000000   Code   RO         3179    .ARM.Collect$$rtentry$$00000000  c_p.l(__rtentry.o)
    0x00000128   0x00000128   0x00000000   Code   RO         3185    .ARM.Collect$$rtentry$$00000002  c_p.l(__rtentry2.o)
    0x00000128   0x00000128   0x00000006   Code   RO         3197    .ARM.Collect$$rtentry$$00000004  c_p.l(__rtentry4.o)
    0x0000012e   0x0000012e   0x00000000   Code   RO         3187    .ARM.Collect$$rtentry$$00000009  c_p.l(__rtentry2.o)
    0x0000012e   0x0000012e   0x00000004   Code   RO         3188    .ARM.Collect$$rtentry$$0000000A  c_p.l(__rtentry2.o)
    0x00000132   0x00000132   0x00000000   Code   RO         3190    .ARM.Collect$$rtentry$$0000000C  c_p.l(__rtentry2.o)
    0x00000132   0x00000132   0x00000008   Code   RO         3191    .ARM.Collect$$rtentry$$0000000D  c_p.l(__rtentry2.o)
    0x0000013a   0x0000013a   0x00000002   Code   RO         3220    .ARM.Collect$$rtexit$$00000000  c_p.l(rtexit.o)
    0x0000013c   0x0000013c   0x00000000   Code   RO         3274    .ARM.Collect$$rtexit$$00000002  c_p.l(rtexit2.o)
    0x0000013c   0x0000013c   0x00000004   Code   RO         3275    .ARM.Collect$$rtexit$$00000003  c_p.l(rtexit2.o)
    0x00000140   0x00000140   0x00000006   Code   RO         3276    .ARM.Collect$$rtexit$$00000004  c_p.l(rtexit2.o)
    0x00000146   0x00000146   0x00000002   PAD
    0x00000148   0x00000148   0x00000038   Code   RO         3163    .emb_text           c_p.l(rt_memcpy.o)
    0x00000180   0x00000180   0x00000058   Code   RO            4    .text               startup_hc32l136.o
    0x000001d8   0x000001d8   0x00000002   Code   RO         3159    .text               c_p.l(use_no_semi_2.o)
    0x000001da   0x000001da   0x00000002   PAD
    0x000001dc   0x000001dc   0x000000a0   Code   RO         3161    .text               c_p.l(strncmp.o)
    0x0000027c   0x0000027c   0x00000082   Code   RO         3164    .text               c_p.l(rt_memcpy.o)
    0x000002fe   0x000002fe   0x00000040   Code   RO         3167    .text               c_p.l(rt_memclr.o)
    0x0000033e   0x0000033e   0x0000015a   Code   RO         3169    .text               c_p.l(aeabi_sdiv.o)
    0x00000498   0x00000498   0x00000006   Code   RO         3173    .text               c_p.l(heapauxi.o)
    0x0000049e   0x0000049e   0x00000002   Code   RO         3177    .text               c_p.l(use_no_semi.o)
    0x000004a0   0x000004a0   0x0000003e   Code   RO         3201    .text               c_p.l(sys_stackheap_outer.o)
    0x000004de   0x000004de   0x00000010   Code   RO         3204    .text               c_p.l(exit.o)
    0x000004ee   0x000004ee   0x00000002   PAD
    0x000004f0   0x000004f0   0x00000008   Code   RO         3216    .text               c_p.l(libspace.o)
    0x000004f8   0x000004f8   0x00000056   Code   RO         3340    .text               c_p.l(__dczerorl2.o)
    0x0000054e   0x0000054e   0x00000002   PAD
    0x00000550   0x00000550   0x00000014   Code   RO          684    i.ADCStart          mcu.o
    0x00000564   0x00000564   0x00000008   Code   RO          685    i.ADCStop           mcu.o
    0x0000056c   0x0000056c   0x00000026   Code   RO          686    i.ALLStart          mcu.o
    0x00000592   0x00000592   0x00000020   Code   RO          687    i.ALLStop           mcu.o
    0x000005b2   0x000005b2   0x00000002   PAD
    0x000005b4   0x000005b4   0x00000078   Code   RO          828    i.APP_UART_1MS_HANDLE  app_uart.o
    0x0000062c   0x0000062c   0x0000001c   Code   RO          688    i.AdcContIrqCallback  mcu.o
    0x00000648   0x00000648   0x00000074   Code   RO         2371    i.Adc_ConfigIrq     adc.o
    0x000006bc   0x000006bc   0x00000024   Code   RO         2374    i.Adc_ConfigSglChannel  adc.o
    0x000006e0   0x000006e0   0x0000002c   Code   RO         2375    i.Adc_ConfigSglMode  adc.o
    0x0000070c   0x0000070c   0x00000014   Code   RO         2381    i.Adc_Enable        adc.o
    0x00000720   0x00000720   0x00000018   Code   RO         2382    i.Adc_EnableIrq     adc.o
    0x00000738   0x00000738   0x0000001c   Code   RO         2387    i.Adc_GetSglResult  adc.o
    0x00000754   0x00000754   0x000000f4   Code   RO         2389    i.Adc_IRQHandler    adc.o
    0x00000848   0x00000848   0x00000090   Code   RO         2390    i.Adc_Init          adc.o
    0x000008d8   0x000008d8   0x00000014   Code   RO         2399    i.Adc_SGL_Start     adc.o
    0x000008ec   0x000008ec   0x00000014   Code   RO         2400    i.Adc_SGL_Stop      adc.o
    0x00000900   0x00000900   0x00000190   Code   RO           91    i.BoostModeHandler  ctrl.o
    0x00000a90   0x00000a90   0x0000001c   Code   RO         2032    i.Bt_ClearIntFlag   bt.o
    0x00000aac   0x00000aac   0x0000001c   Code   RO         2033    i.Bt_GetIntFlag     bt.o
    0x00000ac8   0x00000ac8   0x00000060   Code   RO         2034    i.Bt_M0_ARRSet      bt.o
    0x00000b28   0x00000b28   0x00000060   Code   RO         2036    i.Bt_M0_Cnt16Set    bt.o
    0x00000b88   0x00000b88   0x0000001c   Code   RO         2040    i.Bt_M0_Run         bt.o
    0x00000ba4   0x00000ba4   0x0000001c   Code   RO         2041    i.Bt_M0_Stop        bt.o
    0x00000bc0   0x00000bc0   0x0000001c   Code   RO         2074    i.Bt_Mode0_EnableIrq  bt.o
    0x00000bdc   0x00000bdc   0x00000230   Code   RO         2075    i.Bt_Mode0_Init     bt.o
    0x00000e0c   0x00000e0c   0x00000038   Code   RO           92    i.CalculateConvertValue  ctrl.o
    0x00000e44   0x00000e44   0x00000038   Code   RO           93    i.CalculateThresholdLimit  ctrl.o
    0x00000e7c   0x00000e7c   0x00000038   Code   RO           94    i.CalibrateParameter  ctrl.o
    0x00000eb4   0x00000eb4   0x00000094   Code   RO           95    i.CellCurrentCycleOutput  ctrl.o
    0x00000f48   0x00000f48   0x0000003a   Code   RO           96    i.CellCurrentLED    ctrl.o
    0x00000f82   0x00000f82   0x00000002   PAD
    0x00000f84   0x00000f84   0x000000cc   Code   RO           97    i.CellCurrentOutput  ctrl.o
    0x00001050   0x00001050   0x00000208   Code   RO           98    i.CellOutputCalibration  ctrl.o
    0x00001258   0x00001258   0x00000050   Code   RO           99    i.CellOutputControl  ctrl.o
    0x000012a8   0x000012a8   0x000001cc   Code   RO          100    i.CellOutputCurrentAdjust  ctrl.o
    0x00001474   0x00001474   0x000000b4   Code   RO          101    i.CellOutputCurrentAdjustAPI  ctrl.o
    0x00001528   0x00001528   0x000000a8   Code   RO          102    i.CellPolarityControl  ctrl.o
    0x000015d0   0x000015d0   0x00000034   Code   RO          103    i.CellPolarityReverse  ctrl.o
    0x00001604   0x00001604   0x00000088   Code   RO          104    i.CellRealCurrentDisplay  ctrl.o
    0x0000168c   0x0000168c   0x0000004c   Code   RO          106    i.CellReverseForPCBTest  ctrl.o
    0x000016d8   0x000016d8   0x0000003c   Code   RO          107    i.CheckWaterFlow    ctrl.o
    0x00001714   0x00001714   0x000000b0   Code   RO          108    i.CheckWaterSaltLevel  ctrl.o
    0x000017c4   0x000017c4   0x00000070   Code   RO          109    i.ChlorBoostProcess  ctrl.o
    0x00001834   0x00001834   0x00000018   Code   RO          110    i.ClearRunningData  ctrl.o
    0x0000184c   0x0000184c   0x00000080   Code   RO          111    i.ComboKeyProcess   ctrl.o
    0x000018cc   0x000018cc   0x00000002   Code   RO          829    i.CtsIntCallBack    app_uart.o
    0x000018ce   0x000018ce   0x00000002   PAD
    0x000018d0   0x000018d0   0x00000060   Code   RO          112    i.CurrentADCProcess  ctrl.o
    0x00001930   0x00001930   0x000000cc   Code   RO          113    i.DataRangeCheck    ctrl.o
    0x000019fc   0x000019fc   0x0000000c   Code   RO          114    i.Delay_ms          ctrl.o
    0x00001a08   0x00001a08   0x0000000c   Code   RO          115    i.Deley_us          ctrl.o
    0x00001a14   0x00001a14   0x00000020   Code   RO          831    i.EUSART_SendData   app_uart.o
    0x00001a34   0x00001a34   0x00000060   Code   RO          832    i.EUSART_WIFI_INIT  app_uart.o
    0x00001a94   0x00001a94   0x0000011c   Code   RO          116    i.EepromDataCheck   ctrl.o
    0x00001bb0   0x00001bb0   0x0000000c   Code   RO          117    i.Eeprom_ReadBytes  ctrl.o
    0x00001bbc   0x00001bbc   0x00000088   Code   RO         1645    i.EnableNvic        interrupts_hc32l136.o
    0x00001c44   0x00001c44   0x00000002   Code   RO          834    i.ErrIntCallback    app_uart.o
    0x00001c46   0x00001c46   0x00000002   PAD
    0x00001c48   0x00001c48   0x00000024   Code   RO          119    i.FactoryReset      ctrl.o
    0x00001c6c   0x00001c6c   0x0000002e   Code   RO          120    i.FlashInt          ctrl.o
    0x00001c9a   0x00001c9a   0x00000002   PAD
    0x00001c9c   0x00001c9c   0x0000007c   Code   RO         1364    i.Flash_ClearIntFlag  flash.o
    0x00001d18   0x00001d18   0x000000a8   Code   RO         1365    i.Flash_DisableIrq  flash.o
    0x00001dc0   0x00001dc0   0x0000002c   Code   RO         1367    i.Flash_GetIntFlag  flash.o
    0x00001dec   0x00001dec   0x000002b8   Code   RO         1368    i.Flash_Init        flash.o
    0x000020a4   0x000020a4   0x000000c0   Code   RO         1370    i.Flash_SectorErase  flash.o
    0x00002164   0x00002164   0x0000007c   Code   RO         1372    i.Flash_WaitCycle   flash.o
    0x000021e0   0x000021e0   0x000000c0   Code   RO         1373    i.Flash_WriteByte   flash.o
    0x000022a0   0x000022a0   0x0000016c   Code   RO          121    i.GetCellRealCurrent  ctrl.o
    0x0000240c   0x0000240c   0x00000084   Code   RO          122    i.GetModelRatingCurrent  ctrl.o
    0x00002490   0x00002490   0x0000001c   Code   RO         1466    i.Gpio_ClearIrq     gpio.o
    0x000024ac   0x000024ac   0x0000001c   Code   RO         1467    i.Gpio_ClrIO        gpio.o
    0x000024c8   0x000024c8   0x00000018   Code   RO         1470    i.Gpio_EnableIrq    gpio.o
    0x000024e0   0x000024e0   0x00000014   Code   RO         1472    i.Gpio_GetInputIO   gpio.o
    0x000024f4   0x000024f4   0x00000014   Code   RO         1473    i.Gpio_GetIrqStatus  gpio.o
    0x00002508   0x00002508   0x00000058   Code   RO          689    i.Gpio_IRQHandler   mcu.o
    0x00002560   0x00002560   0x00000138   Code   RO         1474    i.Gpio_Init         gpio.o
    0x00002698   0x00002698   0x00000014   Code   RO         1475    i.Gpio_ReadOutputIO  gpio.o
    0x000026ac   0x000026ac   0x00000014   Code   RO         1476    i.Gpio_SetAfMode    gpio.o
    0x000026c0   0x000026c0   0x0000001c   Code   RO         1477    i.Gpio_SetAnalogMode  gpio.o
    0x000026dc   0x000026dc   0x0000001c   Code   RO         1479    i.Gpio_SetIO        gpio.o
    0x000026f8   0x000026f8   0x00000010   Code   RO         1646    i.HardFault_Handler  interrupts_hc32l136.o
    0x00002708   0x00002708   0x00000138   Code   RO          836    i.IOTEventHandler   app_uart.o
    0x00002840   0x00002840   0x0000001c   Code   RO          837    i.IOTHandler        app_uart.o
    0x0000285c   0x0000285c   0x0000003a   Code   RO          838    i.IOTMessageQueueHandler  app_uart.o
    0x00002896   0x00002896   0x00000002   PAD
    0x00002898   0x00002898   0x00000024   Code   RO          844    i.IOTRESTARTIDLEFUN  app_uart.o
    0x000028bc   0x000028bc   0x00000020   Code   RO          846    i.IOTRESTARTSTOPFUN  app_uart.o
    0x000028dc   0x000028dc   0x00000018   Code   RO          847    i.IOTUartQueueInit  app_uart.o
    0x000028f4   0x000028f4   0x00000044   Code   RO          848    i.IOTUartQueuePop   app_uart.o
    0x00002938   0x00002938   0x00000084   Code   RO          849    i.IOTUartQueuePush  app_uart.o
    0x000029bc   0x000029bc   0x00000018   Code   RO          850    i.IOTUartQueueioifempty  app_uart.o
    0x000029d4   0x000029d4   0x00000024   Code   RO          853    i.IOT_RESOLVE_KEY   app_uart.o
    0x000029f8   0x000029f8   0x000001f8   Code   RO          854    i.IOT_RESOLVE_WIFI_DATA  app_uart.o
    0x00002bf0   0x00002bf0   0x00000070   Code   RO          855    i.IOT_RESOLVE_WIFI_ONLINE  app_uart.o
    0x00002c60   0x00002c60   0x0000000a   Code   RO         1647    i.IRQ000_Handler    interrupts_hc32l136.o
    0x00002c6a   0x00002c6a   0x0000000a   Code   RO         1648    i.IRQ001_Handler    interrupts_hc32l136.o
    0x00002c74   0x00002c74   0x0000000a   Code   RO         1649    i.IRQ002_Handler    interrupts_hc32l136.o
    0x00002c7e   0x00002c7e   0x0000000a   Code   RO         1650    i.IRQ003_Handler    interrupts_hc32l136.o
    0x00002c88   0x00002c88   0x0000000a   Code   RO         1651    i.IRQ004_Handler    interrupts_hc32l136.o
    0x00002c92   0x00002c92   0x0000000a   Code   RO         1652    i.IRQ005_Handler    interrupts_hc32l136.o
    0x00002c9c   0x00002c9c   0x0000000a   Code   RO         1653    i.IRQ006_Handler    interrupts_hc32l136.o
    0x00002ca6   0x00002ca6   0x0000000a   Code   RO         1654    i.IRQ007_Handler    interrupts_hc32l136.o
    0x00002cb0   0x00002cb0   0x0000000a   Code   RO         1655    i.IRQ008_Handler    interrupts_hc32l136.o
    0x00002cba   0x00002cba   0x0000000a   Code   RO         1656    i.IRQ009_Handler    interrupts_hc32l136.o
    0x00002cc4   0x00002cc4   0x0000000a   Code   RO         1657    i.IRQ010_Handler    interrupts_hc32l136.o
    0x00002cce   0x00002cce   0x0000000a   Code   RO         1658    i.IRQ011_Handler    interrupts_hc32l136.o
    0x00002cd8   0x00002cd8   0x0000000a   Code   RO         1659    i.IRQ012_Handler    interrupts_hc32l136.o
    0x00002ce2   0x00002ce2   0x0000000a   Code   RO         1660    i.IRQ013_Handler    interrupts_hc32l136.o
    0x00002cec   0x00002cec   0x0000000a   Code   RO         1661    i.IRQ014_Handler    interrupts_hc32l136.o
    0x00002cf6   0x00002cf6   0x0000000a   Code   RO         1662    i.IRQ015_Handler    interrupts_hc32l136.o
    0x00002d00   0x00002d00   0x0000000a   Code   RO         1663    i.IRQ016_Handler    interrupts_hc32l136.o
    0x00002d0a   0x00002d0a   0x0000000a   Code   RO         1664    i.IRQ017_Handler    interrupts_hc32l136.o
    0x00002d14   0x00002d14   0x0000000a   Code   RO         1665    i.IRQ018_Handler    interrupts_hc32l136.o
    0x00002d1e   0x00002d1e   0x0000000a   Code   RO         1666    i.IRQ019_Handler    interrupts_hc32l136.o
    0x00002d28   0x00002d28   0x0000000a   Code   RO         1667    i.IRQ020_Handler    interrupts_hc32l136.o
    0x00002d32   0x00002d32   0x0000000a   Code   RO         1668    i.IRQ021_Handler    interrupts_hc32l136.o
    0x00002d3c   0x00002d3c   0x0000000a   Code   RO         1669    i.IRQ022_Handler    interrupts_hc32l136.o
    0x00002d46   0x00002d46   0x0000000a   Code   RO         1670    i.IRQ023_Handler    interrupts_hc32l136.o
    0x00002d50   0x00002d50   0x0000000a   Code   RO         1671    i.IRQ024_Handler    interrupts_hc32l136.o
    0x00002d5a   0x00002d5a   0x0000000a   Code   RO         1672    i.IRQ025_Handler    interrupts_hc32l136.o
    0x00002d64   0x00002d64   0x0000000a   Code   RO         1673    i.IRQ026_Handler    interrupts_hc32l136.o
    0x00002d6e   0x00002d6e   0x0000000a   Code   RO         1674    i.IRQ027_Handler    interrupts_hc32l136.o
    0x00002d78   0x00002d78   0x0000000a   Code   RO         1675    i.IRQ028_Handler    interrupts_hc32l136.o
    0x00002d82   0x00002d82   0x0000000a   Code   RO         1676    i.IRQ029_Handler    interrupts_hc32l136.o
    0x00002d8c   0x00002d8c   0x0000000a   Code   RO         1677    i.IRQ030_Handler    interrupts_hc32l136.o
    0x00002d96   0x00002d96   0x0000000a   Code   RO         1678    i.IRQ031_Handler    interrupts_hc32l136.o
    0x00002da0   0x00002da0   0x000000c8   Code   RO          690    i.Init_ADC          mcu.o
    0x00002e68   0x00002e68   0x000000dc   Code   RO          857    i.Init_APP_Uart     app_uart.o
    0x00002f44   0x00002f44   0x0000017e   Code   RO          691    i.Init_IOPorts      mcu.o
    0x000030c2   0x000030c2   0x0000001e   Code   RO          692    i.Init_OscFrequency  mcu.o
    0x000030e0   0x000030e0   0x00000130   Code   RO          693    i.Init_Timer        mcu.o
    0x00003210   0x00003210   0x00000138   Code   RO          608    i.KeyDetect         keypad.o
    0x00003348   0x00003348   0x00000018   Code   RO          609    i.KeyDetectTimer    keypad.o
    0x00003360   0x00003360   0x00000098   Code   RO          610    i.KeyHandler        keypad.o
    0x000033f8   0x000033f8   0x00000030   Code   RO          611    i.KeyScanStatus     keypad.o
    0x00003428   0x00003428   0x00000054   Code   RO          612    i.KeyVariableInitial  keypad.o
    0x0000347c   0x0000347c   0x000000cc   Code   RO          123    i.LEDALLControl     ctrl.o
    0x00003548   0x00003548   0x000001a4   Code   RO          124    i.LEDControl        ctrl.o
    0x000036ec   0x000036ec   0x00000034   Code   RO          125    i.LEDDisplayHexValue  ctrl.o
    0x00003720   0x00003720   0x00000074   Code   RO          126    i.LEDFlashDisplay   ctrl.o
    0x00003794   0x00003794   0x00000030   Code   RO          127    i.LEDFlashSetting   ctrl.o
    0x000037c4   0x000037c4   0x00000022   Code   RO          695    i.MCU_Initialize    mcu.o
    0x000037e6   0x000037e6   0x00000002   PAD
    0x000037e8   0x000037e8   0x00000068   Code   RO          128    i.MainTimerHandler  ctrl.o
    0x00003850   0x00003850   0x00000030   Code   RO          129    i.ModelChangeLED    ctrl.o
    0x00003880   0x00003880   0x0000005c   Code   RO          130    i.ModelSelectKeyProcess  ctrl.o
    0x000038dc   0x000038dc   0x00000002   Code   RO          860    i.PErrIntCallBack   app_uart.o
    0x000038de   0x000038de   0x00000022   Code   RO          696    i.PWMStart          mcu.o
    0x00003900   0x00003900   0x0000002e   Code   RO          697    i.PWMStop           mcu.o
    0x0000392e   0x0000392e   0x00000002   PAD
    0x00003930   0x00003930   0x00000014   Code   RO          131    i.PowerOffLED       ctrl.o
    0x00003944   0x00003944   0x00000040   Code   RO          132    i.PowerOnInitialize  ctrl.o
    0x00003984   0x00003984   0x0000002a   Code   RO          133    i.PowerOnLED        ctrl.o
    0x000039ae   0x000039ae   0x00000002   PAD
    0x000039b0   0x000039b0   0x000001e0   Code   RO          134    i.PowerupFunctionModeSelect  ctrl.o
    0x00003b90   0x00003b90   0x00000268   Code   RO          135    i.ProcessHandler    ctrl.o
    0x00003df8   0x00003df8   0x00000014   Code   RO          137    i.ReadCellPolarity  ctrl.o
    0x00003e0c   0x00003e0c   0x00000028   Code   RO          613    i.ReadKey           keypad.o
    0x00003e34   0x00003e34   0x0000003c   Code   RO          145    i.ReverseLEDDisplay  ctrl.o
    0x00003e70   0x00003e70   0x0000006c   Code   RO          146    i.ReverseTimeSettingKeyProcess  ctrl.o
    0x00003edc   0x00003edc   0x000000c4   Code   RO          147    i.RunningLEDDisplay  ctrl.o
    0x00003fa0   0x00003fa0   0x000000e4   Code   RO          148    i.RunningTimeKeyProcess  ctrl.o
    0x00004084   0x00004084   0x00000040   Code   RO          861    i.RxIntCallback     app_uart.o
    0x000040c4   0x000040c4   0x000000f8   Code   RO          149    i.SWVersionDisplay  ctrl.o
    0x000041bc   0x000041bc   0x00000044   Code   RO          150    i.SaveCalValueByDirection  ctrl.o
    0x00004200   0x00004200   0x00000024   Code   RO          151    i.SaveCellCurrent   ctrl.o
    0x00004224   0x00004224   0x0000002c   Code   RO          153    i.SaveCellReverseSetting  ctrl.o
    0x00004250   0x00004250   0x00000024   Code   RO          154    i.SaveCellReverseTime  ctrl.o
    0x00004274   0x00004274   0x00000024   Code   RO          155    i.SaveCellRunningMinutes  ctrl.o
    0x00004298   0x00004298   0x00000040   Code   RO          156    i.SaveCellRunningTime  ctrl.o
    0x000042d8   0x000042d8   0x0000008c   Code   RO          158    i.SaveDataToArea    ctrl.o
    0x00004364   0x00004364   0x00000094   Code   RO          159    i.SaveEventProcess  ctrl.o
    0x000043f8   0x000043f8   0x0000002c   Code   RO          160    i.SaveModelNumber   ctrl.o
    0x00004424   0x00004424   0x00000024   Code   RO          162    i.SaveTestModeFlag  ctrl.o
    0x00004448   0x00004448   0x00000040   Code   RO          163    i.SerivceReset      ctrl.o
    0x00004488   0x00004488   0x0000003c   Code   RO          164    i.SetToDefault      ctrl.o
    0x000044c4   0x000044c4   0x000000ec   Code   RO          165    i.SpecialSecretCodeProcess  ctrl.o
    0x000045b0   0x000045b0   0x0000000a   Code   RO          698    i.StartTimer1       mcu.o
    0x000045ba   0x000045ba   0x0000000a   Code   RO          699    i.StopTimer1        mcu.o
    0x000045c4   0x000045c4   0x0000006a   Code   RO         1876    i.Sysctrl_ClkInit   sysctrl.o
    0x0000462e   0x0000462e   0x00000002   PAD
    0x00004630   0x00004630   0x00000140   Code   RO         1877    i.Sysctrl_ClkSourceEnable  sysctrl.o
    0x00004770   0x00004770   0x00000174   Code   RO         1878    i.Sysctrl_GetHClkFreq  sysctrl.o
    0x000048e4   0x000048e4   0x00000020   Code   RO         1879    i.Sysctrl_GetPClkFreq  sysctrl.o
    0x00004904   0x00004904   0x0000002c   Code   RO         1882    i.Sysctrl_SetHCLKDiv  sysctrl.o
    0x00004930   0x00004930   0x0000002c   Code   RO         1883    i.Sysctrl_SetPCLKDiv  sysctrl.o
    0x0000495c   0x0000495c   0x00000024   Code   RO         1885    i.Sysctrl_SetPLLStableTime  sysctrl.o
    0x00004980   0x00004980   0x0000003c   Code   RO         1886    i.Sysctrl_SetPeripheralGate  sysctrl.o
    0x000049bc   0x000049bc   0x0000009c   Code   RO         1887    i.Sysctrl_SetRCHTrim  sysctrl.o
    0x00004a58   0x00004a58   0x00000024   Code   RO         1888    i.Sysctrl_SetRCLStableTime  sysctrl.o
    0x00004a7c   0x00004a7c   0x00000020   Code   RO         1892    i.Sysctrl_SetXTHStableTime  sysctrl.o
    0x00004a9c   0x00004a9c   0x00000020   Code   RO         1893    i.Sysctrl_SetXTLStableTime  sysctrl.o
    0x00004abc   0x00004abc   0x0000002c   Code   RO         1894    i.Sysctrl_SysClkSwitch  sysctrl.o
    0x00004ae8   0x00004ae8   0x0000001c   Code   RO         1895    i.Sysctrl_XTHDriverConfig  sysctrl.o
    0x00004b04   0x00004b04   0x00000034   Code   RO         1896    i.Sysctrl_XTLDriverConfig  sysctrl.o
    0x00004b38   0x00004b38   0x00000010   Code   RO           12    i.SystemCoreClockUpdate  system_hc32l136.o
    0x00004b48   0x00004b48   0x00000028   Code   RO           13    i.SystemInit        system_hc32l136.o
    0x00004b70   0x00004b70   0x00000020   Code   RO          700    i.Tim0Int           mcu.o
    0x00004b90   0x00004b90   0x0000001c   Code   RO          701    i.Tim1Int           mcu.o
    0x00004bac   0x00004bac   0x00000054   Code   RO          702    i.Tim3Int           mcu.o
    0x00004c00   0x00004c00   0x00000014   Code   RO         2642    i.Tim3_ClearIntFlag  timer3.o
    0x00004c14   0x00004c14   0x00000018   Code   RO         2643    i.Tim3_GetIntFlag   timer3.o
    0x00004c2c   0x00004c2c   0x00000024   Code   RO         2644    i.Tim3_IRQHandler   timer3.o
    0x00004c50   0x00004c50   0x0000001c   Code   RO         2645    i.Tim3_M0_ARRSet    timer3.o
    0x00004c6c   0x00004c6c   0x0000001c   Code   RO         2647    i.Tim3_M0_Cnt16Set  timer3.o
    0x00004c88   0x00004c88   0x00000018   Code   RO         2651    i.Tim3_M0_Run       timer3.o
    0x00004ca0   0x00004ca0   0x00000014   Code   RO         2652    i.Tim3_M0_Stop      timer3.o
    0x00004cb4   0x00004cb4   0x00000018   Code   RO         2684    i.Tim3_Mode0_DisableIrq  timer3.o
    0x00004ccc   0x00004ccc   0x00000018   Code   RO         2685    i.Tim3_Mode0_EnableIrq  timer3.o
    0x00004ce4   0x00004ce4   0x000000b8   Code   RO         2686    i.Tim3_Mode0_Init   timer3.o
    0x00004d9c   0x00004d9c   0x00000054   Code   RO         2082    i.Tim_IRQHandler    bt.o
    0x00004df0   0x00004df0   0x00000014   Code   RO          864    i.TxIntCallback     app_uart.o
    0x00004e04   0x00004e04   0x00000050   Code   RO         2973    i.UartDeInitNvic    uart.o
    0x00004e54   0x00004e54   0x00000030   Code   RO         2974    i.UartGetInternDataPtr  uart.o
    0x00004e84   0x00004e84   0x00000038   Code   RO         2975    i.UartInitNvic      uart.o
    0x00004ebc   0x00004ebc   0x0000002c   Code   RO          866    i.UartSendString    app_uart.o
    0x00004ee8   0x00004ee8   0x00000068   Code   RO         2976    i.Uart_CalScnt      uart.o
    0x00004f50   0x00004f50   0x00000074   Code   RO         2978    i.Uart_ClrStatus    uart.o
    0x00004fc4   0x00004fc4   0x00000088   Code   RO         2981    i.Uart_EnableFunc   uart.o
    0x0000504c   0x0000504c   0x0000009a   Code   RO         2982    i.Uart_EnableIrq    uart.o
    0x000050e6   0x000050e6   0x000000b2   Code   RO         2987    i.Uart_IRQHandler   uart.o
    0x00005198   0x00005198   0x00000084   Code   RO         2988    i.Uart_Init         uart.o
    0x0000521c   0x0000521c   0x00000040   Code   RO          867    i.Uart_PortInit     app_uart.o
    0x0000525c   0x0000525c   0x0000001e   Code   RO         2989    i.Uart_ReceiveData  uart.o
    0x0000527a   0x0000527a   0x00000018   Code   RO         2991    i.Uart_SetBaud      uart.o
    0x00005292   0x00005292   0x0000002c   Code   RO         2992    i.Uart_SetClkDiv    uart.o
    0x000052be   0x000052be   0x00000030   Code   RO         2993    i.Uart_SetMMDOrCk   uart.o
    0x000052ee   0x000052ee   0x00000030   Code   RO         2994    i.Uart_SetMode      uart.o
    0x0000531e   0x0000531e   0x00000048   Code   RO         2995    i.Uart_SetMultiMode  uart.o
    0x00005366   0x00005366   0x00000046   Code   RO         2998    i.Uart_SetStopBit   uart.o
    0x000053ac   0x000053ac   0x0000003c   Code   RO          166    i.UpdateRunningData  ctrl.o
    0x000053e8   0x000053e8   0x00000074   Code   RO          167    i.UpdateUserData    ctrl.o
    0x0000545c   0x0000545c   0x000000e4   Code   RO          168    i.WaterFlowFaultProcess  ctrl.o
    0x00005540   0x00005540   0x000000d4   Code   RO         1492    i._GpioEnableIrq    gpio.o
    0x00005614   0x00005614   0x00000018   Code   RO         1897    i._SysctrlUnlock    sysctrl.o
    0x0000562c   0x0000562c   0x0000001c   Code   RO          572    i.__ARM_common_switch8  ctrl.o
    0x00005648   0x00005648   0x00000018   Code   RO         2999    i.__NVIC_ClearPendingIRQ  uart.o
    0x00005660   0x00005660   0x00000078   Code   RO         1679    i.__NVIC_SetPriority  interrupts_hc32l136.o
    0x000056d8   0x000056d8   0x00000078   Code   RO         3000    i.__NVIC_SetPriority  uart.o
    0x00005750   0x00005750   0x00000004   Code   RO         1274    i._sys_exit         ddl.o
    0x00005754   0x00005754   0x00000020   Code   RO         1276    i.ddl_memclr        ddl.o
    0x00005774   0x00005774   0x0000005c   Code   RO         1277    i.delay100us        ddl.o
    0x000057d0   0x000057d0   0x0000005c   Code   RO         1278    i.delay10us         ddl.o
    0x0000582c   0x0000582c   0x00000058   Code   RO         1279    i.delay1ms          ddl.o
    0x00005884   0x00005884   0x0000001c   Code   RO          670    i.main              main.o
    0x000058a0   0x000058a0   0x00000018   Data   RO         1898    .constdata          sysctrl.o
    0x000058b8   0x000058b8   0x0000006d   Data   RO          872    .conststring        app_uart.o
    0x00005925   0x00005925   0x00000003   PAD
    0x00005928   0x00005928   0x00000020   Data   RO         3338    Region$$Table       anon$$obj.o


    Execution Region RW_IRAM1 (Exec base: 0x20000000, Load base: 0x00005948, Size: 0x000008b0, Max: 0x00002000, ABSOLUTE, COMPRESSED[0x00000054])

    Exec Addr    Load Addr    Size         Type   Attr      Idx    E Section Name        Object

    0x20000000   COMPRESSED   0x00000004   Data   RW           14    .data               system_hc32l136.o
    0x20000004   COMPRESSED   0x000000b8   Data   RW          170    .data               ctrl.o
    0x200000bc   COMPRESSED   0x00000009   Data   RW          614    .data               keypad.o
    0x200000c5   COMPRESSED   0x00000001   PAD
    0x200000c6   COMPRESSED   0x00000009   Data   RW          703    .data               mcu.o
    0x200000cf   COMPRESSED   0x00000001   PAD
    0x200000d0   COMPRESSED   0x00000081   Data   RW          873    .data               app_uart.o
    0x20000151   COMPRESSED   0x00000003   PAD
    0x20000154   COMPRESSED   0x00000004   Data   RW         1376    .data               flash.o
    0x20000158   COMPRESSED   0x0000000c   Data   RW         2083    .data               bt.o
    0x20000164   COMPRESSED   0x00000004   Data   RW         2693    .data               timer3.o
    0x20000168   COMPRESSED   0x00000038   Data   RW         3001    .data               uart.o
    0x200001a0        -       0x00000014   Zero   RW          169    .bss                ctrl.o
    0x200001b4        -       0x00000280   Zero   RW          870    .bss                app_uart.o
    0x20000434        -       0x00000018   Zero   RW         2406    .bss                adc.o
    0x2000044c        -       0x00000060   Zero   RW         3217    .bss                c_p.l(libspace.o)
    0x200004ac   COMPRESSED   0x00000004   PAD
    0x200004b0        -       0x00000200   Zero   RW            2    HEAP                startup_hc32l136.o
    0x200006b0        -       0x00000200   Zero   RW            1    STACK               startup_hc32l136.o


==============================================================================

Image component sizes


      Code (inc. data)   RO Data    RW Data    ZI Data      Debug   Object Name

       696         54          0          0         24       5690   adc.o
      2032        440        109        129        640      20218   app_uart.o
       976         88          0         12          0       6137   bt.o
      8958       1220          0        184         20      48413   ctrl.o
       308         48          0          0          0       3121   ddl.o
      1540        100          0          4          0       4660   flash.o
       740         48          0          0          0       6735   gpio.o
       592         18          0          0          0      24969   interrupts_hc32l136.o
       660        102          0          9          0       4250   keypad.o
        28          0          0          0          0        451   main.o
      1408         76          0          9          0      25390   mcu.o
        88         40        192          0       1024        648   startup_hc32l136.o
      1418        130         24          0          0      10630   sysctrl.o
        56         14          0          4          0     126767   system_hc32l136.o
       412         58          0          4          0       5798   timer3.o
      1484         54          0         56          0      20603   uart.o

    ----------------------------------------------------------------------
     21416       2490        360        416       1708     314480   Object Totals
         0          0         32          0          0          0   (incl. Generated)
        20          0          3          5          0          0   (incl. Padding)

    ----------------------------------------------------------------------

      Code (inc. data)   RO Data    RW Data    ZI Data      Debug   Library Member Name

        86          0          0          0          0          0   __dczerorl2.o
         8          0          0          0          0         68   __main.o
         0          0          0          0          0          0   __rtentry.o
        12          0          0          0          0          0   __rtentry2.o
         6          0          0          0          0          0   __rtentry4.o
        60          8          0          0          0          0   __scatter.o
        28          0          0          0          0          0   __scatter_zi.o
       346          0          0          0          0         92   aeabi_sdiv.o
        16          0          0          0          0         68   exit.o
         6          0          0          0          0        136   heapauxi.o
         2          0          0          0          0          0   libinit.o
         2          0          0          0          0          0   libinit2.o
         2          0          0          0          0          0   libshutdown.o
         2          0          0          0          0          0   libshutdown2.o
         8          4          0          0         96         68   libspace.o
        64          0          0          0          0        108   rt_memclr.o
       186          0          0          0          0        144   rt_memcpy.o
         2          0          0          0          0          0   rtexit.o
        10          0          0          0          0          0   rtexit2.o
       160          6          0          0          0         76   strncmp.o
        62          0          0          0          0         80   sys_stackheap_outer.o
         2          0          0          0          0         68   use_no_semi.o
         2          0          0          0          0         68   use_no_semi_2.o

    ----------------------------------------------------------------------
      1080         18          0          0        100        976   Library Totals
         8          0          0          0          4          0   (incl. Padding)

    ----------------------------------------------------------------------

      Code (inc. data)   RO Data    RW Data    ZI Data      Debug   Library Name

      1072         18          0          0         96        976   c_p.l

    ----------------------------------------------------------------------
      1080         18          0          0        100        976   Library Totals

    ----------------------------------------------------------------------

==============================================================================


      Code (inc. data)   RO Data    RW Data    ZI Data      Debug   

     22496       2508        360        416       1808     304916   Grand Totals
     22496       2508        360         84       1808     304916   ELF Image Totals (compressed)
     22496       2508        360         84          0          0   ROM Totals

==============================================================================

    Total RO  Size (Code + RO Data)                22856 (  22.32kB)
    Total RW  Size (RW Data + ZI Data)              2224 (   2.17kB)
    Total ROM Size (Code + RO Data + RW Data)      22940 (  22.40kB)

==============================================================================

